Java HotSpot(TM) 64-Bit Server VM (25.25-b02) for windows-amd64 JRE (1.8.0_25-b18), built on Oct  7 2014 14:25:37 by "java_re" with MS VC++ 10.0 (VS2010)
Memory: 4k page, physical 16571704k(5770520k free), swap 22338872k(4600668k free)
CommandLine flags: -XX:InitialHeapSize=83886080 -XX:MaxHeapSize=83886080 -XX:MaxNewSize=41943040 -XX:NewSize=41943040 -XX:OldPLABSize=16 -XX:PretenureSizeThreshold=10485760 -XX:+PrintGC -XX:+PrintGCDetails -XX:+PrintGCTimeStamps -XX:SurvivorRatio=8 -XX:+UseCompressedClassPointers -XX:+UseCompressedOops -XX:+UseConcMarkSweepGC -XX:-UseLargePagesIndividualAllocation -XX:+UseParNewGC 
32.803: [GC (Allocation Failure) 32.803: [ParNew: 31468K->3095K(36864K), 0.0040654 secs] 31468K->5146K(77824K), 0.0044037 secs] [Times: user=0.00 sys=0.00, real=0.01 secs] 
36.466: [GC (Allocation Failure) 36.466: [ParNew: 35092K->2146K(36864K), 0.0039923 secs] 37142K->5229K(77824K), 0.0040689 secs] [Times: user=0.00 sys=0.00, real=0.00 secs] 
39.197: [GC (Allocation Failure) 39.197: [ParNew: 33480K->2048K(36864K), 0.0028650 secs] 36563K->7179K(77824K), 0.0029939 secs] [Times: user=0.11 sys=0.02, real=0.00 secs] 
42.843: [GC (Allocation Failure) 42.843: [ParNew: 33523K->2048K(36864K), 0.0013655 secs] 38655K->9227K(77824K), 0.0014152 secs] [Times: user=0.00 sys=0.00, real=0.00 secs] 
46.463: [GC (Allocation Failure) 46.463: [ParNew: 33405K->2048K(36864K), 0.0011293 secs] 40585K->11275K(77824K), 0.0011858 secs] [Times: user=0.00 sys=0.00, real=0.00 secs] 
50.118: [GC (Allocation Failure) 50.119: [ParNew: 33395K->2048K(36864K), 0.0012908 secs] 42623K->11275K(77824K), 0.0014458 secs] [Times: user=0.00 sys=0.00, real=0.00 secs] 
52.853: [GC (Allocation Failure) 52.853: [ParNew: 33404K->2048K(36864K), 0.0009930 secs] 42632K->13323K(77824K), 0.0010465 secs] [Times: user=0.00 sys=0.00, real=0.00 secs] 
56.498: [GC (Allocation Failure) 56.499: [ParNew: 33538K->2048K(36864K), 0.0026833 secs] 44814K->15371K(77824K), 0.0027971 secs] [Times: user=0.00 sys=0.00, real=0.00 secs] 
60.160: [GC (Allocation Failure) 60.161: [ParNew: 33415K->2048K(36864K), 0.0025867 secs] 46738K->17419K(77824K), 0.0026938 secs] [Times: user=0.00 sys=0.00, real=0.00 secs] 
63.810: [GC (Allocation Failure) 63.810: [ParNew: 33402K->2048K(36864K), 0.0012360 secs] 48773K->17419K(77824K), 0.0013550 secs] [Times: user=0.00 sys=0.00, real=0.00 secs] 
66.521: [GC (Allocation Failure) 66.521: [ParNew: 33408K->2048K(36864K), 0.0024981 secs] 48780K->19467K(77824K), 0.0026166 secs] [Times: user=0.00 sys=0.00, real=0.00 secs] 
70.179: [GC (Allocation Failure) 70.179: [ParNew: 33541K->2048K(36864K), 0.0011039 secs] 50960K->21515K(77824K), 0.0011612 secs] [Times: user=0.00 sys=0.00, real=0.00 secs] 
73.800: [GC (Allocation Failure) 73.800: [ParNew: 33416K->2048K(36864K), 0.0044636 secs] 52884K->23563K(77824K), 0.0045845 secs] [Times: user=0.00 sys=0.00, real=0.00 secs] 
73.805: [GC (CMS Initial Mark) [1 CMS-initial-mark: 21515K(40960K)] 25611K(77824K), 0.0011140 secs] [Times: user=0.00 sys=0.00, real=0.00 secs] 
73.807: [CMS-concurrent-mark-start]
73.808: [CMS-concurrent-mark: 0.002/0.002 secs] [Times: user=0.03 sys=0.00, real=0.00 secs] 
73.808: [CMS-concurrent-preclean-start]
73.809: [CMS-concurrent-preclean: 0.000/0.000 secs] [Times: user=0.00 sys=0.00, real=0.00 secs] 
73.809: [CMS-concurrent-abortable-preclean-start]
77.434: [GC (Allocation Failure) 77.435: [ParNew: 33403K->2048K(36864K), 0.0015246 secs] 54918K->23563K(77824K), 0.0016509 secs] [Times: user=0.00 sys=0.00, real=0.00 secs] 
78.518: [CMS-concurrent-abortable-preclean: 0.011/4.709 secs] [Times: user=0.00 sys=0.00, real=4.71 secs] 
78.518: [GC (CMS Final Remark) [YG occupancy: 19073 K (36864 K)]78.518: [Rescan (parallel) , 0.0004134 secs]78.518: [weak refs processing, 0.0000431 secs]78.519: [class unloading, 0.0010112 secs]78.520: [scrub symbol table, 0.0006615 secs]78.520: [scrub string table, 0.0002622 secs][1 CMS-remark: 21515K(40960K)] 40588K(77824K), 0.0026650 secs] [Times: user=0.00 sys=0.00, real=0.00 secs] 
78.521: [CMS-concurrent-sweep-start]
78.522: [CMS-concurrent-sweep: 0.001/0.001 secs] [Times: user=0.00 sys=0.00, real=0.00 secs] 
78.522: [CMS-concurrent-reset-start]
78.522: [CMS-concurrent-reset: 0.000/0.000 secs] [Times: user=0.00 sys=0.00, real=0.00 secs] 
80.174: [GC (Allocation Failure) 80.174: [ParNew: 33737K->2048K(36864K), 0.0020383 secs] 34771K->5130K(77824K), 0.0021503 secs] [Times: user=0.00 sys=0.00, real=0.00 secs] 
83.814: [GC (Allocation Failure) 83.814: [ParNew: 33539K->2048K(36864K), 0.0025797 secs] 36621K->7178K(77824K), 0.0026955 secs] [Times: user=0.00 sys=0.00, real=0.00 secs] 
87.456: [GC (Allocation Failure) 87.456: [ParNew: 33415K->2048K(36864K), 0.0014366 secs] 38545K->9226K(77824K), 0.0015539 secs] [Times: user=0.00 sys=0.00, real=0.00 secs] 
91.107: [GC (Allocation Failure) 91.108: [ParNew: 33402K->2048K(36864K), 0.0015842 secs] 40580K->9226K(77824K), 0.0017010 secs] [Times: user=0.00 sys=0.00, real=0.00 secs] 
93.849: [GC (Allocation Failure) 93.849: [ParNew: 33408K->2048K(36864K), 0.0005987 secs] 40587K->11274K(77824K), 0.0006562 secs] [Times: user=0.00 sys=0.00, real=0.00 secs] 
97.491: [GC (Allocation Failure) 97.491: [ParNew: 33541K->2048K(36864K), 0.0021498 secs] 42767K->13322K(77824K), 0.0022740 secs] [Times: user=0.00 sys=0.00, real=0.00 secs] 
101.125: [GC (Allocation Failure) 101.125: [ParNew: 33416K->2048K(36864K), 0.0014117 secs] 44691K->15370K(77824K), 0.0015345 secs] [Times: user=0.00 sys=0.00, real=0.00 secs] 
104.770: [GC (Allocation Failure) 104.770: [ParNew: 33403K->2048K(36864K), 0.0019156 secs] 46725K->15370K(77824K), 0.0020436 secs] [Times: user=0.00 sys=0.00, real=0.00 secs] 
107.501: [GC (Allocation Failure) 107.501: [ParNew: 33409K->2048K(36864K), 0.0014231 secs] 46731K->17418K(77824K), 0.0015347 secs] [Times: user=0.00 sys=0.00, real=0.00 secs] 
111.129: [GC (Allocation Failure) 111.129: [ParNew: 33541K->2048K(36864K), 0.0016120 secs] 48912K->19466K(77824K), 0.0017442 secs] [Times: user=0.00 sys=0.00, real=0.00 secs] 
114.750: [GC (Allocation Failure) 114.750: [ParNew: 33417K->2048K(36864K), 0.0017899 secs] 50835K->21514K(77824K), 0.0019001 secs] [Times: user=0.00 sys=0.00, real=0.00 secs] 
118.389: [GC (Allocation Failure) 118.389: [ParNew: 33403K->2048K(36864K), 0.0005388 secs] 52869K->21514K(77824K), 0.0006182 secs] [Times: user=0.00 sys=0.00, real=0.00 secs] 
121.111: [GC (Allocation Failure) 121.111: [ParNew: 33409K->2048K(36864K), 0.0015288 secs] 52876K->23562K(77824K), 0.0016400 secs] [Times: user=0.00 sys=0.00, real=0.00 secs] 
124.743: [GC (Allocation Failure) 124.743: [ParNew: 33541K->2048K(36864K), 0.0025071 secs] 55056K->25610K(77824K), 0.0026250 secs] [Times: user=0.00 sys=0.00, real=0.00 secs] 
128.362: [GC (Allocation Failure) 128.362: [ParNew: 33417K->2048K(36864K), 0.0028536 secs] 56979K->27658K(77824K), 0.0029695 secs] [Times: user=0.00 sys=0.00, real=0.00 secs] 
132.006: [GC (Allocation Failure) 132.006: [ParNew: 33403K->2048K(36864K), 0.0012437 secs] 59014K->27658K(77824K), 0.0013949 secs] [Times: user=0.00 sys=0.00, real=0.00 secs] 
134.736: [GC (Allocation Failure) 134.736: [ParNew: 33409K->2048K(36864K), 0.0022869 secs] 59020K->29706K(77824K), 0.0023993 secs] [Times: user=0.00 sys=0.00, real=0.00 secs] 
138.370: [GC (Allocation Failure) 138.370: [ParNew: 33541K->2048K(36864K), 0.0027091 secs] 61200K->31754K(77824K), 0.0028414 secs] [Times: user=0.11 sys=0.02, real=0.00 secs] 
142.014: [GC (Allocation Failure) 142.014: [ParNew: 33417K->2048K(36864K), 0.0024128 secs] 63123K->33802K(77824K), 0.0025302 secs] [Times: user=0.00 sys=0.00, real=0.00 secs] 
145.654: [GC (Allocation Failure) 145.655: [ParNew: 33403K->2048K(36864K), 0.0011807 secs] 65158K->33802K(77824K), 0.0012987 secs] [Times: user=0.00 sys=0.00, real=0.00 secs] 
148.386: [GC (Allocation Failure) 148.386: [ParNew: 33409K->2048K(36864K), 0.0024461 secs] 65164K->35850K(77824K), 0.0025736 secs] [Times: user=0.02 sys=0.00, real=0.00 secs] 
152.010: [GC (Allocation Failure) 152.011: [ParNew: 33541K->2048K(36864K), 0.0028389 secs] 67344K->37898K(77824K), 0.0029644 secs] [Times: user=0.01 sys=0.00, real=0.00 secs] 
152.014: [GC (CMS Initial Mark) [1 CMS-initial-mark: 35850K(40960K)] 39946K(77824K), 0.0010244 secs] [Times: user=0.00 sys=0.00, real=0.00 secs] 
152.015: [CMS-concurrent-mark-start]
152.016: [CMS-concurrent-mark: 0.001/0.001 secs] [Times: user=0.00 sys=0.00, real=0.00 secs] 
152.017: [CMS-concurrent-preclean-start]
152.017: [CMS-concurrent-preclean: 0.000/0.000 secs] [Times: user=0.00 sys=0.00, real=0.00 secs] 
152.017: [CMS-concurrent-abortable-preclean-start]
155.668: [GC (Allocation Failure) 155.668: [ParNew: 33417K->2048K(36864K), 0.0027616 secs] 69267K->39946K(77824K), 0.0028863 secs] [Times: user=0.00 sys=0.00, real=0.00 secs] 
 CMS: abort preclean due to time 157.078: [CMS-concurrent-abortable-preclean: 0.012/5.061 secs] [Times: user=0.00 sys=0.00, real=5.06 secs] 
157.078: [GC (CMS Final Remark) [YG occupancy: 17019 K (36864 K)]157.078: [Rescan (parallel) , 0.0003788 secs]157.079: [weak refs processing, 0.0000394 secs]157.079: [class unloading, 0.0004647 secs]157.079: [scrub symbol table, 0.0007267 secs]157.080: [scrub string table, 0.0002508 secs][1 CMS-remark: 37898K(40960K)] 54917K(77824K), 0.0020886 secs] [Times: user=0.00 sys=0.00, real=0.00 secs] 
157.081: [CMS-concurrent-sweep-start]
157.081: [CMS-concurrent-sweep: 0.001/0.001 secs] [Times: user=0.00 sys=0.00, real=0.00 secs] 
157.081: [CMS-concurrent-reset-start]
157.082: [CMS-concurrent-reset: 0.000/0.000 secs] [Times: user=0.00 sys=0.00, real=0.00 secs] 
159.314: [GC (Allocation Failure) 159.314: [ParNew: 33403K->2048K(36864K), 0.0016129 secs] 36422K->5067K(77824K), 0.0017413 secs] [Times: user=0.00 sys=0.00, real=0.00 secs] 
162.036: [GC (Allocation Failure) 162.036: [ParNew: 33409K->2048K(36864K), 0.0015725 secs] 36428K->7115K(77824K), 0.0016947 secs] [Times: user=0.00 sys=0.00, real=0.00 secs] 
165.682: [GC (Allocation Failure) 165.682: [ParNew: 33541K->2048K(36864K), 0.0015515 secs] 38608K->9163K(77824K), 0.0016689 secs] [Times: user=0.02 sys=0.00, real=0.00 secs] 
169.315: [GC (Allocation Failure) 169.315: [ParNew: 33417K->2048K(36864K), 0.0006995 secs] 40532K->11211K(77824K), 0.0007738 secs] [Times: user=0.00 sys=0.00, real=0.00 secs] 
172.963: [GC (Allocation Failure) 172.963: [ParNew: 33403K->2048K(36864K), 0.0012491 secs] 42566K->11211K(77824K), 0.0013666 secs] [Times: user=0.00 sys=0.00, real=0.00 secs] 
175.702: [GC (Allocation Failure) 175.703: [ParNew: 33409K->2048K(36864K), 0.0008968 secs] 42572K->13259K(77824K), 0.0009925 secs] [Times: user=0.00 sys=0.00, real=0.00 secs] 
179.337: [GC (Allocation Failure) 179.337: [ParNew: 33541K->2048K(36864K), 0.0016373 secs] 44752K->15307K(77824K), 0.0017612 secs] [Times: user=0.00 sys=0.00, real=0.00 secs] 
182.970: [GC (Allocation Failure) 182.970: [ParNew: 33417K->2048K(36864K), 0.0017403 secs] 46676K->17355K(77824K), 0.0018589 secs] [Times: user=0.00 sys=0.00, real=0.00 secs] 
186.603: [GC (Allocation Failure) 186.603: [ParNew: 33403K->2048K(36864K), 0.0012065 secs] 48710K->17355K(77824K), 0.0013333 secs] [Times: user=0.00 sys=0.00, real=0.00 secs] 
189.317: [GC (Allocation Failure) 189.317: [ParNew: 33409K->2048K(36864K), 0.0016642 secs] 48716K->19403K(77824K), 0.0017912 secs] [Times: user=0.00 sys=0.00, real=0.00 secs] 
192.962: [GC (Allocation Failure) 192.962: [ParNew: 33541K->2048K(36864K), 0.0016605 secs] 50896K->21451K(77824K), 0.0017786 secs] [Times: user=0.00 sys=0.00, real=0.00 secs] 
196.598: [GC (Allocation Failure) 196.598: [ParNew: 33417K->2048K(36864K), 0.0012104 secs] 52820K->23499K(77824K), 0.0013848 secs] [Times: user=0.00 sys=0.00, real=0.00 secs] 
200.229: [GC (Allocation Failure) 200.229: [ParNew: 33403K->2048K(36864K), 0.0016070 secs] 54854K->23499K(77824K), 0.0017286 secs] [Times: user=0.09 sys=0.00, real=0.00 secs] 
202.948: [GC (Allocation Failure) 202.948: [ParNew: 33409K->2048K(36864K), 0.0018871 secs] 54860K->25547K(77824K), 0.0020047 secs] [Times: user=0.05 sys=0.00, real=0.00 secs] 
206.597: [GC (Allocation Failure) 206.597: [ParNew: 33541K->2048K(36864K), 0.0015969 secs] 57040K->27595K(77824K), 0.0017120 secs] [Times: user=0.00 sys=0.00, real=0.00 secs] 
210.245: [GC (Allocation Failure) 210.245: [ParNew: 33417K->2048K(36864K), 0.0020474 secs] 58964K->29643K(77824K), 0.0021781 secs] [Times: user=0.05 sys=0.00, real=0.00 secs] 
213.879: [GC (Allocation Failure) 213.879: [ParNew: 33403K->2048K(36864K), 0.0012485 secs] 60998K->29643K(77824K), 0.0013836 secs] [Times: user=0.00 sys=0.00, real=0.00 secs] 
216.592: [GC (Allocation Failure) 216.592: [ParNew: 33409K->2048K(36864K), 0.0012172 secs] 61004K->31691K(77824K), 0.0013430 secs] [Times: user=0.00 sys=0.00, real=0.00 secs] 
220.224: [GC (Allocation Failure) 220.224: [ParNew: 33541K->2048K(36864K), 0.0022451 secs] 63184K->33739K(77824K), 0.0023738 secs] [Times: user=0.00 sys=0.00, real=0.00 secs] 
223.858: [GC (Allocation Failure) 223.858: [ParNew: 33417K->2048K(36864K), 0.0018568 secs] 65108K->35787K(77824K), 0.0019679 secs] [Times: user=0.00 sys=0.00, real=0.00 secs] 
223.860: [GC (CMS Initial Mark) [1 CMS-initial-mark: 33739K(40960K)] 37835K(77824K), 0.0010555 secs] [Times: user=0.00 sys=0.00, real=0.00 secs] 
223.862: [CMS-concurrent-mark-start]
223.863: [CMS-concurrent-mark: 0.001/0.001 secs] [Times: user=0.00 sys=0.00, real=0.00 secs] 
223.863: [CMS-concurrent-preclean-start]
223.863: [CMS-concurrent-preclean: 0.000/0.000 secs] [Times: user=0.00 sys=0.00, real=0.00 secs] 
223.863: [CMS-concurrent-abortable-preclean-start]
227.506: [GC (Allocation Failure) 227.506: [ParNew: 33403K->2048K(36864K), 0.0017513 secs] 67142K->35787K(77824K), 0.0018488 secs] [Times: user=0.00 sys=0.00, real=0.00 secs] 
228.590: [CMS-concurrent-abortable-preclean: 0.011/4.727 secs] [Times: user=0.00 sys=0.00, real=4.73 secs] 
228.590: [GC (CMS Final Remark) [YG occupancy: 19073 K (36864 K)]228.590: [Rescan (parallel) , 0.0003377 secs]228.590: [weak refs processing, 0.0000236 secs]228.590: [class unloading, 0.0004536 secs]228.591: [scrub symbol table, 0.0005909 secs]228.592: [scrub string table, 0.0002382 secs][1 CMS-remark: 33739K(40960K)] 52812K(77824K), 0.0018720 secs] [Times: user=0.00 sys=0.00, real=0.00 secs] 
228.592: [CMS-concurrent-sweep-start]
228.593: [CMS-concurrent-sweep: 0.001/0.001 secs] [Times: user=0.00 sys=0.00, real=0.00 secs] 
228.593: [CMS-concurrent-reset-start]
228.593: [CMS-concurrent-reset: 0.000/0.000 secs] [Times: user=0.00 sys=0.00, real=0.00 secs] 
230.239: [GC (Allocation Failure) 230.239: [ParNew: 33409K->2048K(36864K), 0.0020839 secs] 34380K->5067K(77824K), 0.0022082 secs] [Times: user=0.00 sys=0.00, real=0.00 secs] 
233.873: [GC (Allocation Failure) 233.873: [ParNew: 33541K->2048K(36864K), 0.0016122 secs] 36560K->7115K(77824K), 0.0017262 secs] [Times: user=0.00 sys=0.00, real=0.00 secs] 
237.491: [GC (Allocation Failure) 237.491: [ParNew: 33417K->2048K(36864K), 0.0016674 secs] 38484K->9163K(77824K), 0.0017857 secs] [Times: user=0.00 sys=0.00, real=0.00 secs] 
241.148: [GC (Allocation Failure) 241.148: [ParNew: 33403K->2048K(36864K), 0.0016944 secs] 40518K->9163K(77824K), 0.0018211 secs] [Times: user=0.00 sys=0.00, real=0.00 secs] 
243.896: [GC (Allocation Failure) 243.896: [ParNew: 33409K->2048K(36864K), 0.0016396 secs] 40524K->11211K(77824K), 0.0017558 secs] [Times: user=0.00 sys=0.00, real=0.00 secs] 
247.526: [GC (Allocation Failure) 247.526: [ParNew: 33541K->2048K(36864K), 0.0019551 secs] 42704K->13259K(77824K), 0.0020777 secs] [Times: user=0.13 sys=0.00, real=0.00 secs] 
251.176: [GC (Allocation Failure) 251.177: [ParNew: 33417K->2048K(36864K), 0.0017595 secs] 44628K->15307K(77824K), 0.0018866 secs] [Times: user=0.00 sys=0.00, real=0.00 secs] 
254.836: [GC (Allocation Failure) 254.836: [ParNew: 33403K->2048K(36864K), 0.0014029 secs] 46662K->15307K(77824K), 0.0015472 secs] [Times: user=0.00 sys=0.00, real=0.00 secs] 
257.578: [GC (Allocation Failure) 257.578: [ParNew: 33409K->2048K(36864K), 0.0007229 secs] 46668K->17355K(77824K), 0.0007828 secs] [Times: user=0.00 sys=0.00, real=0.00 secs] 
261.233: [GC (Allocation Failure) 261.234: [ParNew: 33541K->2048K(36864K), 0.0013350 secs] 48848K->19403K(77824K), 0.0014631 secs] [Times: user=0.00 sys=0.00, real=0.00 secs] 
264.851: [GC (Allocation Failure) 264.852: [ParNew: 33417K->2048K(36864K), 0.0011508 secs] 50772K->19403K(77824K), 0.0013525 secs] [Times: user=0.00 sys=0.00, real=0.00 secs] 
268.500: [GC (Allocation Failure) 268.500: [ParNew: 33403K->2048K(36864K), 0.0012151 secs] 50758K->19403K(77824K), 0.0013412 secs] [Times: user=0.00 sys=0.00, real=0.00 secs] 
271.232: [GC (Allocation Failure) 271.232: [ParNew: 33410K->2048K(36864K), 0.0012715 secs] 50765K->19403K(77824K), 0.0013937 secs] [Times: user=0.00 sys=0.00, real=0.00 secs] 
274.876: [GC (Allocation Failure) 274.876: [ParNew: 33414K->2048K(36864K), 0.0014651 secs] 50769K->19403K(77824K), 0.0015867 secs] [Times: user=0.00 sys=0.00, real=0.00 secs] 
278.511: [GC (Allocation Failure) 278.511: [ParNew: 33415K->2048K(36864K), 0.0013145 secs] 50770K->19403K(77824K), 0.0014352 secs] [Times: user=0.00 sys=0.02, real=0.00 secs] 
282.137: [GC (Allocation Failure) 282.137: [ParNew: 33417K->2048K(36864K), 0.0019204 secs] 50772K->19403K(77824K), 0.0020372 secs] [Times: user=0.00 sys=0.00, real=0.00 secs] 
284.878: [GC (Allocation Failure) 284.878: [ParNew: 33418K->2048K(36864K), 0.0012294 secs] 50773K->19403K(77824K), 0.0013544 secs] [Times: user=0.00 sys=0.00, real=0.00 secs] 
288.516: [GC (Allocation Failure) 288.516: [ParNew: 33419K->2048K(36864K), 0.0015107 secs] 50774K->19403K(77824K), 0.0016255 secs] [Times: user=0.00 sys=0.00, real=0.00 secs] 
292.147: [GC (Allocation Failure) 292.147: [ParNew: 33418K->2048K(36864K), 0.0016615 secs] 50774K->19403K(77824K), 0.0017766 secs] [Times: user=0.00 sys=0.00, real=0.00 secs] 
295.794: [GC (Allocation Failure) 295.794: [ParNew: 33419K->2048K(36864K), 0.0016220 secs] 50774K->19403K(77824K), 0.0017652 secs] [Times: user=0.00 sys=0.00, real=0.00 secs] 
298.514: [GC (Allocation Failure) 298.514: [ParNew: 33419K->2048K(36864K), 0.0016178 secs] 50775K->19403K(77824K), 0.0017361 secs] [Times: user=0.00 sys=0.00, real=0.00 secs] 
302.155: [GC (Allocation Failure) 302.155: [ParNew: 33420K->2048K(36864K), 0.0006714 secs] 50775K->19403K(77824K), 0.0007666 secs] [Times: user=0.00 sys=0.00, real=0.00 secs] 
305.787: [GC (Allocation Failure) 305.787: [ParNew: 33419K->2048K(36864K), 0.0015040 secs] 50774K->19403K(77824K), 0.0016150 secs] [Times: user=0.00 sys=0.00, real=0.00 secs] 
309.434: [GC (Allocation Failure) 309.434: [ParNew: 33419K->2048K(36864K), 0.0015270 secs] 50775K->19403K(77824K), 0.0016460 secs] [Times: user=0.00 sys=0.00, real=0.00 secs] 
312.153: [GC (Allocation Failure) 312.153: [ParNew: 33420K->2048K(36864K), 0.0019497 secs] 50775K->19403K(77824K), 0.0020748 secs] [Times: user=0.00 sys=0.00, real=0.00 secs] 
315.775: [GC (Allocation Failure) 315.775: [ParNew: 33420K->2048K(36864K), 0.0006905 secs] 50775K->19403K(77824K), 0.0007578 secs] [Times: user=0.00 sys=0.00, real=0.00 secs] 
319.409: [GC (Allocation Failure) 319.410: [ParNew: 33419K->2048K(36864K), 0.0006357 secs] 50774K->19403K(77824K), 0.0006831 secs] [Times: user=0.00 sys=0.00, real=0.00 secs] 
323.042: [GC (Allocation Failure) 323.042: [ParNew: 33419K->2048K(36864K), 0.0005418 secs] 50775K->19403K(77824K), 0.0005925 secs] [Times: user=0.00 sys=0.00, real=0.00 secs] 
325.763: [GC (Allocation Failure) 325.763: [ParNew: 33420K->2048K(36864K), 0.0015885 secs] 50775K->19403K(77824K), 0.0016938 secs] [Times: user=0.00 sys=0.00, real=0.00 secs] 
329.400: [GC (Allocation Failure) 329.400: [ParNew: 33420K->2048K(36864K), 0.0018711 secs] 50775K->19403K(77824K), 0.0019926 secs] [Times: user=0.00 sys=0.00, real=0.00 secs] 
333.036: [GC (Allocation Failure) 333.036: [ParNew: 33419K->2048K(36864K), 0.0006211 secs] 50774K->19403K(77824K), 0.0006791 secs] [Times: user=0.00 sys=0.00, real=0.00 secs] 
336.671: [GC (Allocation Failure) 336.671: [ParNew: 33419K->2048K(36864K), 0.0016863 secs] 50775K->19403K(77824K), 0.0018164 secs] [Times: user=0.00 sys=0.00, real=0.00 secs] 
339.403: [GC (Allocation Failure) 339.403: [ParNew: 33420K->2048K(36864K), 0.0015596 secs] 50775K->19403K(77824K), 0.0016830 secs] [Times: user=0.00 sys=0.00, real=0.00 secs] 
343.063: [GC (Allocation Failure) 343.063: [ParNew: 33420K->2048K(36864K), 0.0013507 secs] 50775K->19403K(77824K), 0.0014758 secs] [Times: user=0.00 sys=0.00, real=0.00 secs] 
346.721: [GC (Allocation Failure) 346.721: [ParNew: 33419K->2048K(36864K), 0.0020763 secs] 50774K->19403K(77824K), 0.0021949 secs] [Times: user=0.00 sys=0.00, real=0.00 secs] 
350.366: [GC (Allocation Failure) 350.366: [ParNew: 33419K->2048K(36864K), 0.0015657 secs] 50775K->19403K(77824K), 0.0016837 secs] [Times: user=0.00 sys=0.00, real=0.00 secs] 
353.096: [GC (Allocation Failure) 353.096: [ParNew: 33420K->2048K(36864K), 0.0014273 secs] 50775K->19403K(77824K), 0.0015121 secs] [Times: user=0.00 sys=0.00, real=0.00 secs] 
356.729: [GC (Allocation Failure) 356.729: [ParNew: 33420K->2048K(36864K), 0.0016153 secs] 50775K->19403K(77824K), 0.0017314 secs] [Times: user=0.11 sys=0.00, real=0.00 secs] 
360.375: [GC (Allocation Failure) 360.375: [ParNew: 33419K->2048K(36864K), 0.0014026 secs] 50774K->19403K(77824K), 0.0015268 secs] [Times: user=0.00 sys=0.00, real=0.00 secs] 
364.016: [GC (Allocation Failure) 364.016: [ParNew: 33419K->2048K(36864K), 0.0011671 secs] 50775K->19403K(77824K), 0.0013083 secs] [Times: user=0.00 sys=0.00, real=0.00 secs] 
366.743: [GC (Allocation Failure) 366.743: [ParNew: 33420K->2048K(36864K), 0.0015700 secs] 50775K->19403K(77824K), 0.0016828 secs] [Times: user=0.00 sys=0.00, real=0.00 secs] 
370.375: [GC (Allocation Failure) 370.375: [ParNew: 33420K->2048K(36864K), 0.0012282 secs] 50775K->19403K(77824K), 0.0012994 secs] [Times: user=0.00 sys=0.00, real=0.00 secs] 
374.025: [GC (Allocation Failure) 374.025: [ParNew: 33419K->2048K(36864K), 0.0010683 secs] 50774K->19403K(77824K), 0.0011123 secs] [Times: user=0.00 sys=0.00, real=0.00 secs] 
377.664: [GC (Allocation Failure) 377.664: [ParNew: 33419K->2048K(36864K), 0.0005718 secs] 50775K->19403K(77824K), 0.0006554 secs] [Times: user=0.00 sys=0.00, real=0.00 secs] 
380.383: [GC (Allocation Failure) 380.383: [ParNew: 33420K->2048K(36864K), 0.0006096 secs] 50775K->19403K(77824K), 0.0006545 secs] [Times: user=0.00 sys=0.00, real=0.00 secs] 
384.036: [GC (Allocation Failure) 384.036: [ParNew: 33420K->2048K(36864K), 0.0019089 secs] 50775K->19403K(77824K), 0.0020257 secs] [Times: user=0.00 sys=0.00, real=0.00 secs] 
387.682: [GC (Allocation Failure) 387.682: [ParNew: 33419K->2048K(36864K), 0.0012476 secs] 50774K->19403K(77824K), 0.0013791 secs] [Times: user=0.00 sys=0.00, real=0.00 secs] 
391.322: [GC (Allocation Failure) 391.322: [ParNew: 33419K->2048K(36864K), 0.0015942 secs] 50775K->19403K(77824K), 0.0017316 secs] [Times: user=0.00 sys=0.00, real=0.00 secs] 
394.050: [GC (Allocation Failure) 394.050: [ParNew: 33420K->2048K(36864K), 0.0013879 secs] 50775K->19403K(77824K), 0.0015042 secs] [Times: user=0.00 sys=0.00, real=0.00 secs] 
397.682: [GC (Allocation Failure) 397.682: [ParNew: 33420K->2048K(36864K), 0.0013574 secs] 50775K->19403K(77824K), 0.0014969 secs] [Times: user=0.11 sys=0.00, real=0.00 secs] 
401.330: [GC (Allocation Failure) 401.330: [ParNew: 33419K->2048K(36864K), 0.0017319 secs] 50774K->19403K(77824K), 0.0018521 secs] [Times: user=0.00 sys=0.00, real=0.00 secs] 
404.972: [GC (Allocation Failure) 404.973: [ParNew: 33419K->2048K(36864K), 0.0010482 secs] 50775K->19403K(77824K), 0.0011558 secs] [Times: user=0.00 sys=0.00, real=0.00 secs] 
407.704: [GC (Allocation Failure) 407.705: [ParNew: 33420K->2048K(36864K), 0.0010873 secs] 50775K->19403K(77824K), 0.0011993 secs] [Times: user=0.00 sys=0.00, real=0.00 secs] 
411.361: [GC (Allocation Failure) 411.361: [ParNew: 33420K->2048K(36864K), 0.0013643 secs] 50775K->19403K(77824K), 0.0014803 secs] [Times: user=0.00 sys=0.00, real=0.00 secs] 
415.007: [GC (Allocation Failure) 415.007: [ParNew: 33419K->2048K(36864K), 0.0011900 secs] 50774K->19403K(77824K), 0.0013348 secs] [Times: user=0.00 sys=0.00, real=0.00 secs] 
418.652: [GC (Allocation Failure) 418.652: [ParNew: 33419K->2048K(36864K), 0.0009455 secs] 50775K->19403K(77824K), 0.0010407 secs] [Times: user=0.00 sys=0.00, real=0.00 secs] 
