Java HotSpot(TM) 64-Bit Server VM (25.25-b02) for windows-amd64 JRE (1.8.0_25-b18), built on Oct  7 2014 14:25:37 by "java_re" with MS VC++ 10.0 (VS2010)
Memory: 4k page, physical 16571704k(5634508k free), swap 22338872k(4535304k free)
CommandLine flags: -XX:InitialHeapSize=41943040 -XX:MaxHeapSize=41943040 -XX:MaxNewSize=20971520 -XX:NewSize=20971520 -XX:OldPLABSize=16 -XX:PretenureSizeThreshold=10485760 -XX:+PrintGC -XX:+PrintGCDetails -XX:+PrintGCTimeStamps -XX:SurvivorRatio=8 -XX:+UseCompressedClassPointers -XX:+UseCompressedOops -XX:+UseConcMarkSweepGC -XX:-UseLargePagesIndividualAllocation -XX:+UseParNewGC 
30.988: [GC (Allocation Failure) 30.988: [ParNew: 14926K->836K(18432K), 0.0046692 secs] 14926K->4935K(38912K), 0.0049856 secs] [Times: user=0.00 sys=0.00, real=0.00 secs] 
32.819: [GC (Allocation Failure) 32.819: [ParNew: 15817K->1181K(18432K), 0.0051271 secs] 19915K->9377K(38912K), 0.0052490 secs] [Times: user=0.00 sys=0.00, real=0.01 secs] 
34.633: [GC (Allocation Failure) 34.633: [ParNew: 15983K->1183K(18432K), 0.0030318 secs] 24179K->11429K(38912K), 0.0031648 secs] [Times: user=0.00 sys=0.00, real=0.00 secs] 
34.637: [GC (CMS Initial Mark) [1 CMS-initial-mark: 10246K(20480K)] 13477K(38912K), 0.0006926 secs] [Times: user=0.00 sys=0.00, real=0.00 secs] 
34.638: [CMS-concurrent-mark-start]
34.638: [CMS-concurrent-mark: 0.000/0.000 secs] [Times: user=0.00 sys=0.00, real=0.00 secs] 
34.638: [CMS-concurrent-preclean-start]
34.638: [CMS-concurrent-preclean: 0.000/0.000 secs] [Times: user=0.00 sys=0.00, real=0.00 secs] 
34.638: [CMS-concurrent-abortable-preclean-start]
35.548: [GC (Allocation Failure) 35.548: [ParNew: 15828K->1260K(18432K), 0.0039228 secs] 26074K->15605K(38912K), 0.0040491 secs] [Times: user=0.13 sys=0.00, real=0.00 secs] 
36.634: [CMS-concurrent-abortable-preclean: 0.093/1.996 secs] [Times: user=0.26 sys=0.00, real=2.00 secs] 
36.634: [GC (CMS Final Remark) [YG occupancy: 11944 K (18432 K)]36.634: [Rescan (parallel) , 0.0003771 secs]36.635: [weak refs processing, 0.0000259 secs]36.635: [class unloading, 0.0003670 secs]36.635: [scrub symbol table, 0.0005786 secs]36.636: [scrub string table, 0.0002026 secs][1 CMS-remark: 14344K(20480K)] 26288K(38912K), 0.0017943 secs] [Times: user=0.00 sys=0.00, real=0.00 secs] 
36.636: [CMS-concurrent-sweep-start]
36.636: [CMS-concurrent-sweep: 0.000/0.000 secs] [Times: user=0.00 sys=0.00, real=0.00 secs] 
36.636: [CMS-concurrent-reset-start]
36.637: [CMS-concurrent-reset: 0.000/0.000 secs] [Times: user=0.00 sys=0.00, real=0.00 secs] 
37.365: [GC (Allocation Failure) 37.365: [ParNew: 16040K->1209K(18432K), 0.0022738 secs] 22192K->11458K(38912K), 0.0023931 secs] [Times: user=0.00 sys=0.00, real=0.00 secs] 
37.368: [GC (CMS Initial Mark) [1 CMS-initial-mark: 10248K(20480K)] 13506K(38912K), 0.0004309 secs] [Times: user=0.00 sys=0.00, real=0.00 secs] 
37.369: [CMS-concurrent-mark-start]
37.369: [CMS-concurrent-mark: 0.000/0.000 secs] [Times: user=0.00 sys=0.00, real=0.00 secs] 
37.369: [CMS-concurrent-preclean-start]
37.369: [CMS-concurrent-preclean: 0.000/0.000 secs] [Times: user=0.00 sys=0.00, real=0.00 secs] 
37.369: [CMS-concurrent-abortable-preclean-start]
39.194: [GC (Allocation Failure) 39.194: [ParNew: 15865K->1176K(18432K), 0.0034478 secs] 26113K->15522K(38912K), 0.0035692 secs] [Times: user=0.00 sys=0.00, real=0.00 secs] 
40.293: [CMS-concurrent-abortable-preclean: 0.139/2.923 secs] [Times: user=0.14 sys=0.00, real=2.92 secs] 
40.293: [GC (CMS Final Remark) [YG occupancy: 15818 K (18432 K)]40.293: [Rescan (parallel) , 0.0003759 secs]40.293: [weak refs processing, 0.0000254 secs]40.293: [class unloading, 0.0004414 secs]40.294: [scrub symbol table, 0.0006639 secs]40.294: [scrub string table, 0.0002050 secs][1 CMS-remark: 14346K(20480K)] 30164K(38912K), 0.0019968 secs] [Times: user=0.00 sys=0.00, real=0.00 secs] 
40.295: [CMS-concurrent-sweep-start]
40.295: [CMS-concurrent-sweep: 0.000/0.000 secs] [Times: user=0.00 sys=0.00, real=0.00 secs] 
40.295: [CMS-concurrent-reset-start]
40.295: [CMS-concurrent-reset: 0.000/0.000 secs] [Times: user=0.00 sys=0.00, real=0.00 secs] 
41.010: [GC (Allocation Failure) 41.010: [ParNew: 15818K->1093K(18432K), 0.0015157 secs] 24020K->11344K(38912K), 0.0016548 secs] [Times: user=0.00 sys=0.00, real=0.00 secs] 
41.012: [GC (CMS Initial Mark) [1 CMS-initial-mark: 10250K(20480K)] 13392K(38912K), 0.0006288 secs] [Times: user=0.00 sys=0.00, real=0.00 secs] 
41.013: [CMS-concurrent-mark-start]
41.013: [CMS-concurrent-mark: 0.000/0.000 secs] [Times: user=0.00 sys=0.00, real=0.00 secs] 
41.013: [CMS-concurrent-preclean-start]
41.013: [CMS-concurrent-preclean: 0.000/0.000 secs] [Times: user=0.00 sys=0.00, real=0.00 secs] 
41.013: [CMS-concurrent-abortable-preclean-start]
41.929: [GC (Allocation Failure) 41.929: [ParNew: 15742K->1080K(18432K), 0.0034519 secs] 25993K->15428K(38912K), 0.0035685 secs] [Times: user=0.00 sys=0.00, real=0.00 secs] 
43.026: [CMS-concurrent-abortable-preclean: 0.101/2.013 secs] [Times: user=0.11 sys=0.00, real=2.01 secs] 
43.027: [GC (CMS Final Remark) [YG occupancy: 11766 K (18432 K)]43.027: [Rescan (parallel) , 0.0004858 secs]43.027: [weak refs processing, 0.0000245 secs]43.027: [class unloading, 0.0003170 secs]43.028: [scrub symbol table, 0.0005683 secs]43.028: [scrub string table, 0.0002067 secs][1 CMS-remark: 14348K(20480K)] 26114K(38912K), 0.0018113 secs] [Times: user=0.00 sys=0.00, real=0.00 secs] 
43.029: [CMS-concurrent-sweep-start]
43.029: [CMS-concurrent-sweep: 0.000/0.000 secs] [Times: user=0.00 sys=0.00, real=0.00 secs] 
43.029: [CMS-concurrent-reset-start]
43.029: [CMS-concurrent-reset: 0.000/0.000 secs] [Times: user=0.00 sys=0.00, real=0.00 secs] 
43.757: [GC (Allocation Failure) 43.757: [ParNew: 15862K->1130K(18432K), 0.0020996 secs] 22018K->11385K(38912K), 0.0022219 secs] [Times: user=0.00 sys=0.00, real=0.00 secs] 
43.760: [GC (CMS Initial Mark) [1 CMS-initial-mark: 10254K(20480K)] 13433K(38912K), 0.0009308 secs] [Times: user=0.00 sys=0.00, real=0.00 secs] 
43.761: [CMS-concurrent-mark-start]
43.761: [CMS-concurrent-mark: 0.000/0.000 secs] [Times: user=0.00 sys=0.00, real=0.00 secs] 
43.761: [CMS-concurrent-preclean-start]
43.761: [CMS-concurrent-preclean: 0.000/0.000 secs] [Times: user=0.00 sys=0.00, real=0.00 secs] 
43.761: [CMS-concurrent-abortable-preclean-start]
45.577: [GC (Allocation Failure) 45.577: [ParNew: 15787K->1199K(18432K), 0.0023853 secs] 26042K->15549K(38912K), 0.0025111 secs] [Times: user=0.00 sys=0.00, real=0.00 secs] 
46.664: [CMS-concurrent-abortable-preclean: 0.131/2.903 secs] [Times: user=0.13 sys=0.00, real=2.90 secs] 
46.664: [GC (CMS Final Remark) [YG occupancy: 15842 K (18432 K)]46.664: [Rescan (parallel) , 0.0001571 secs]46.665: [weak refs processing, 0.0000098 secs]46.665: [class unloading, 0.0001907 secs]46.665: [scrub symbol table, 0.0002508 secs]46.665: [scrub string table, 0.0000981 secs][1 CMS-remark: 14350K(20480K)] 30192K(38912K), 0.0007906 secs] [Times: user=0.00 sys=0.00, real=0.00 secs] 
46.665: [CMS-concurrent-sweep-start]
46.665: [CMS-concurrent-sweep: 0.000/0.000 secs] [Times: user=0.00 sys=0.00, real=0.00 secs] 
46.665: [CMS-concurrent-reset-start]
46.665: [CMS-concurrent-reset: 0.000/0.000 secs] [Times: user=0.00 sys=0.00, real=0.00 secs] 
47.409: [GC (Allocation Failure) 47.409: [ParNew: 15842K->1139K(18432K), 0.0019808 secs] 24048K->11393K(38912K), 0.0021249 secs] [Times: user=0.00 sys=0.00, real=0.00 secs] 
47.412: [GC (CMS Initial Mark) [1 CMS-initial-mark: 10254K(20480K)] 13441K(38912K), 0.0009023 secs] [Times: user=0.00 sys=0.00, real=0.00 secs] 
47.413: [CMS-concurrent-mark-start]
47.413: [CMS-concurrent-mark: 0.000/0.000 secs] [Times: user=0.00 sys=0.00, real=0.00 secs] 
47.413: [CMS-concurrent-preclean-start]
47.413: [CMS-concurrent-preclean: 0.000/0.000 secs] [Times: user=0.00 sys=0.00, real=0.00 secs] 
47.413: [CMS-concurrent-abortable-preclean-start]
48.321: [GC (Allocation Failure) 48.321: [ParNew: 15789K->1213K(18432K), 0.0010055 secs] 26043K->15563K(38912K), 0.0010691 secs] [Times: user=0.00 sys=0.00, real=0.00 secs] 
49.406: [CMS-concurrent-abortable-preclean: 0.090/1.993 secs] [Times: user=0.08 sys=0.00, real=1.99 secs] 
49.406: [GC (CMS Final Remark) [YG occupancy: 11899 K (18432 K)]49.406: [Rescan (parallel) , 0.0008040 secs]49.407: [weak refs processing, 0.0000253 secs]49.407: [class unloading, 0.0003180 secs]49.408: [scrub symbol table, 0.0005767 secs]49.408: [scrub string table, 0.0002044 secs][1 CMS-remark: 14350K(20480K)] 26250K(38912K), 0.0021488 secs] [Times: user=0.00 sys=0.00, real=0.00 secs] 
49.409: [CMS-concurrent-sweep-start]
49.409: [CMS-concurrent-sweep: 0.000/0.000 secs] [Times: user=0.00 sys=0.00, real=0.00 secs] 
49.409: [CMS-concurrent-reset-start]
49.409: [CMS-concurrent-reset: 0.000/0.000 secs] [Times: user=0.00 sys=0.00, real=0.00 secs] 
50.141: [GC (Allocation Failure) 50.141: [ParNew: 15995K->1120K(18432K), 0.0021053 secs] 22154K->11375K(38912K), 0.0022321 secs] [Times: user=0.00 sys=0.00, real=0.00 secs] 
50.144: [GC (CMS Initial Mark) [1 CMS-initial-mark: 10254K(20480K)] 13423K(38912K), 0.0004778 secs] [Times: user=0.00 sys=0.00, real=0.00 secs] 
50.144: [CMS-concurrent-mark-start]
50.144: [CMS-concurrent-mark: 0.000/0.000 secs] [Times: user=0.00 sys=0.00, real=0.00 secs] 
50.144: [CMS-concurrent-preclean-start]
50.144: [CMS-concurrent-preclean: 0.000/0.000 secs] [Times: user=0.00 sys=0.00, real=0.00 secs] 
50.144: [CMS-concurrent-abortable-preclean-start]
51.965: [GC (Allocation Failure) 51.965: [ParNew: 15778K->1208K(18432K), 0.0021216 secs] 26032K->15558K(38912K), 0.0022518 secs] [Times: user=0.00 sys=0.00, real=0.00 secs] 
53.050: [CMS-concurrent-abortable-preclean: 0.142/2.906 secs] [Times: user=0.14 sys=0.00, real=2.91 secs] 
53.050: [GC (CMS Final Remark) [YG occupancy: 15851 K (18432 K)]53.050: [Rescan (parallel) , 0.0005551 secs]53.051: [weak refs processing, 0.0000352 secs]53.051: [class unloading, 0.0003633 secs]53.051: [scrub symbol table, 0.0005751 secs]53.052: [scrub string table, 0.0002039 secs][1 CMS-remark: 14350K(20480K)] 30202K(38912K), 0.0019655 secs] [Times: user=0.00 sys=0.00, real=0.00 secs] 
53.053: [CMS-concurrent-sweep-start]
53.053: [CMS-concurrent-sweep: 0.000/0.000 secs] [Times: user=0.00 sys=0.00, real=0.00 secs] 
53.053: [CMS-concurrent-reset-start]
53.053: [CMS-concurrent-reset: 0.000/0.000 secs] [Times: user=0.00 sys=0.00, real=0.00 secs] 
53.782: [GC (Allocation Failure) 53.782: [ParNew: 15851K->1119K(18432K), 0.0015605 secs] 24057K->11373K(38912K), 0.0016811 secs] [Times: user=0.02 sys=0.00, real=0.00 secs] 
53.784: [GC (CMS Initial Mark) [1 CMS-initial-mark: 10254K(20480K)] 13421K(38912K), 0.0007931 secs] [Times: user=0.00 sys=0.00, real=0.00 secs] 
53.785: [CMS-concurrent-mark-start]
53.785: [CMS-concurrent-mark: 0.000/0.000 secs] [Times: user=0.00 sys=0.00, real=0.00 secs] 
53.785: [CMS-concurrent-preclean-start]
53.785: [CMS-concurrent-preclean: 0.000/0.000 secs] [Times: user=0.00 sys=0.00, real=0.00 secs] 
53.785: [CMS-concurrent-abortable-preclean-start]
54.699: [GC (Allocation Failure) 54.699: [ParNew: 15769K->88K(18432K), 0.0040711 secs] 26023K->15251K(38912K), 0.0041950 secs] [Times: user=0.00 sys=0.00, real=0.00 secs] 
55.675: [CMS-concurrent-abortable-preclean: 0.048/1.890 secs] [Times: user=0.09 sys=0.00, real=1.89 secs] 
55.675: [GC (CMS Final Remark) [YG occupancy: 10775 K (18432 K)]55.675: [Rescan (parallel) , 0.0003925 secs]55.676: [weak refs processing, 0.0000265 secs]55.676: [class unloading, 0.0003025 secs]55.676: [scrub symbol table, 0.0005721 secs]55.677: [scrub string table, 0.0002095 secs][1 CMS-remark: 15162K(20480K)] 25937K(38912K), 0.0017079 secs] [Times: user=0.00 sys=0.00, real=0.00 secs] 
55.677: [CMS-concurrent-sweep-start]
55.678: [CMS-concurrent-sweep: 0.001/0.001 secs] [Times: user=0.00 sys=0.00, real=0.00 secs] 
55.678: [CMS-concurrent-reset-start]
55.678: [CMS-concurrent-reset: 0.000/0.000 secs] [Times: user=0.00 sys=0.00, real=0.00 secs] 
56.514: [GC (Allocation Failure) 56.514: [ParNew: 14871K->0K(18432K), 0.0027269 secs] 21841K->11066K(38912K), 0.0028537 secs] [Times: user=0.00 sys=0.00, real=0.00 secs] 
56.517: [GC (CMS Initial Mark) [1 CMS-initial-mark: 11066K(20480K)] 13114K(38912K), 0.0010279 secs] [Times: user=0.00 sys=0.00, real=0.00 secs] 
56.518: [CMS-concurrent-mark-start]
56.520: [CMS-concurrent-mark: 0.002/0.002 secs] [Times: user=0.00 sys=0.00, real=0.00 secs] 
56.520: [CMS-concurrent-preclean-start]
56.520: [CMS-concurrent-preclean: 0.000/0.000 secs] [Times: user=0.00 sys=0.00, real=0.00 secs] 
56.520: [CMS-concurrent-abortable-preclean-start]
58.332: [GC (Allocation Failure) 58.332: [ParNew: 14657K->0K(18432K), 0.0018964 secs] 25724K->15162K(38912K), 0.0020154 secs] [Times: user=0.00 sys=0.00, real=0.00 secs] 
59.418: [CMS-concurrent-abortable-preclean: 0.004/2.898 secs] [Times: user=0.00 sys=0.00, real=2.90 secs] 
59.418: [GC (CMS Final Remark) [YG occupancy: 14643 K (18432 K)]59.418: [Rescan (parallel) , 0.0002790 secs]59.419: [weak refs processing, 0.0000245 secs]59.419: [class unloading, 0.0003786 secs]59.419: [scrub symbol table, 0.0005559 secs]59.420: [scrub string table, 0.0002034 secs][1 CMS-remark: 15162K(20480K)] 29805K(38912K), 0.0016473 secs] [Times: user=0.00 sys=0.00, real=0.00 secs] 
59.420: [CMS-concurrent-sweep-start]
59.421: [CMS-concurrent-sweep: 0.001/0.001 secs] [Times: user=0.00 sys=0.00, real=0.00 secs] 
59.421: [CMS-concurrent-reset-start]
59.421: [CMS-concurrent-reset: 0.000/0.000 secs] [Times: user=0.00 sys=0.00, real=0.00 secs] 
60.149: [GC (Allocation Failure) 60.149: [ParNew: 14643K->0K(18432K), 0.0014186 secs] 21604K->9008K(38912K), 0.0015282 secs] [Times: user=0.00 sys=0.00, real=0.00 secs] 
60.151: [GC (CMS Initial Mark) [1 CMS-initial-mark: 9008K(20480K)] 11057K(38912K), 0.0006456 secs] [Times: user=0.00 sys=0.00, real=0.00 secs] 
60.151: [CMS-concurrent-mark-start]
60.153: [CMS-concurrent-mark: 0.001/0.001 secs] [Times: user=0.00 sys=0.00, real=0.00 secs] 
60.153: [CMS-concurrent-preclean-start]
60.153: [CMS-concurrent-preclean: 0.000/0.000 secs] [Times: user=0.00 sys=0.00, real=0.00 secs] 
60.153: [CMS-concurrent-abortable-preclean-start]
61.065: [GC (Allocation Failure) 61.065: [ParNew: 14650K->0K(18432K), 0.0015413 secs] 23659K->13105K(38912K), 0.0016561 secs] [Times: user=0.00 sys=0.00, real=0.00 secs] 
62.144: [CMS-concurrent-abortable-preclean: 0.003/1.991 secs] [Times: user=0.01 sys=0.00, real=1.99 secs] 
62.144: [GC (CMS Final Remark) [YG occupancy: 10686 K (18432 K)]62.144: [Rescan (parallel) , 0.0001138 secs]62.144: [weak refs processing, 0.0000110 secs]62.144: [class unloading, 0.0002137 secs]62.145: [scrub symbol table, 0.0002823 secs]62.145: [scrub string table, 0.0001297 secs][1 CMS-remark: 13105K(20480K)] 23791K(38912K), 0.0008633 secs] [Times: user=0.00 sys=0.00, real=0.00 secs] 
62.145: [CMS-concurrent-sweep-start]
62.146: [CMS-concurrent-sweep: 0.000/0.000 secs] [Times: user=0.00 sys=0.00, real=0.00 secs] 
62.146: [CMS-concurrent-reset-start]
62.146: [CMS-concurrent-reset: 0.000/0.000 secs] [Times: user=0.00 sys=0.00, real=0.00 secs] 
62.888: [GC (Allocation Failure) 62.888: [ParNew: 14782K->0K(18432K), 0.0021107 secs] 21743K->11057K(38912K), 0.0022304 secs] [Times: user=0.00 sys=0.00, real=0.00 secs] 
62.891: [GC (CMS Initial Mark) [1 CMS-initial-mark: 11057K(20480K)] 13105K(38912K), 0.0005947 secs] [Times: user=0.00 sys=0.00, real=0.00 secs] 
62.891: [CMS-concurrent-mark-start]
62.893: [CMS-concurrent-mark: 0.002/0.002 secs] [Times: user=0.00 sys=0.00, real=0.00 secs] 
62.893: [CMS-concurrent-preclean-start]
62.893: [CMS-concurrent-preclean: 0.000/0.000 secs] [Times: user=0.00 sys=0.00, real=0.00 secs] 
62.893: [CMS-concurrent-abortable-preclean-start]
64.717: [GC (Allocation Failure) 64.717: [ParNew: 14657K->0K(18432K), 0.0012218 secs] 25714K->15153K(38912K), 0.0013571 secs] [Times: user=0.00 sys=0.00, real=0.00 secs] 
65.800: [CMS-concurrent-abortable-preclean: 0.004/2.907 secs] [Times: user=0.00 sys=0.00, real=2.91 secs] 
65.800: [GC (CMS Final Remark) [YG occupancy: 14643 K (18432 K)]65.800: [Rescan (parallel) , 0.0002325 secs]65.801: [weak refs processing, 0.0000296 secs]65.801: [class unloading, 0.0003534 secs]65.801: [scrub symbol table, 0.0005702 secs]65.802: [scrub string table, 0.0003141 secs][1 CMS-remark: 15153K(20480K)] 29796K(38912K), 0.0017077 secs] [Times: user=0.00 sys=0.00, real=0.00 secs] 
65.802: [CMS-concurrent-sweep-start]
65.803: [CMS-concurrent-sweep: 0.001/0.001 secs] [Times: user=0.00 sys=0.00, real=0.00 secs] 
65.803: [CMS-concurrent-reset-start]
65.803: [CMS-concurrent-reset: 0.000/0.000 secs] [Times: user=0.00 sys=0.00, real=0.00 secs] 
66.531: [GC (Allocation Failure) 66.531: [ParNew: 14643K->0K(18432K), 0.0017984 secs] 21604K->9008K(38912K), 0.0019192 secs] [Times: user=0.00 sys=0.00, real=0.00 secs] 
66.533: [GC (CMS Initial Mark) [1 CMS-initial-mark: 9008K(20480K)] 11057K(38912K), 0.0010986 secs] [Times: user=0.00 sys=0.00, real=0.00 secs] 
66.534: [CMS-concurrent-mark-start]
66.536: [CMS-concurrent-mark: 0.001/0.001 secs] [Times: user=0.00 sys=0.00, real=0.00 secs] 
66.536: [CMS-concurrent-preclean-start]
66.536: [CMS-concurrent-preclean: 0.000/0.000 secs] [Times: user=0.00 sys=0.00, real=0.00 secs] 
66.536: [CMS-concurrent-abortable-preclean-start]
67.447: [GC (Allocation Failure) 67.447: [ParNew: 14650K->0K(18432K), 0.0016241 secs] 23659K->13105K(38912K), 0.0017451 secs] [Times: user=0.00 sys=0.00, real=0.00 secs] 
68.533: [CMS-concurrent-abortable-preclean: 0.003/1.997 secs] [Times: user=0.00 sys=0.00, real=2.00 secs] 
68.533: [GC (CMS Final Remark) [YG occupancy: 10686 K (18432 K)]68.533: [Rescan (parallel) , 0.0002994 secs]68.533: [weak refs processing, 0.0000132 secs]68.533: [class unloading, 0.0002835 secs]68.533: [scrub symbol table, 0.0005160 secs]68.534: [scrub string table, 0.0001103 secs][1 CMS-remark: 13105K(20480K)] 23791K(38912K), 0.0013248 secs] [Times: user=0.02 sys=0.00, real=0.00 secs] 
68.534: [CMS-concurrent-sweep-start]
68.535: [CMS-concurrent-sweep: 0.000/0.000 secs] [Times: user=0.00 sys=0.00, real=0.00 secs] 
68.535: [CMS-concurrent-reset-start]
68.535: [CMS-concurrent-reset: 0.000/0.000 secs] [Times: user=0.00 sys=0.00, real=0.00 secs] 
69.268: [GC (Allocation Failure) 69.268: [ParNew: 14782K->0K(18432K), 0.0018234 secs] 21743K->11057K(38912K), 0.0019019 secs] [Times: user=0.13 sys=0.00, real=0.00 secs] 
69.270: [GC (CMS Initial Mark) [1 CMS-initial-mark: 11057K(20480K)] 13105K(38912K), 0.0006170 secs] [Times: user=0.00 sys=0.00, real=0.00 secs] 
69.271: [CMS-concurrent-mark-start]
69.272: [CMS-concurrent-mark: 0.001/0.001 secs] [Times: user=0.00 sys=0.00, real=0.00 secs] 
69.272: [CMS-concurrent-preclean-start]
69.272: [CMS-concurrent-preclean: 0.000/0.000 secs] [Times: user=0.00 sys=0.00, real=0.00 secs] 
69.272: [CMS-concurrent-abortable-preclean-start]
71.093: [GC (Allocation Failure) 71.093: [ParNew: 14657K->0K(18432K), 0.0014369 secs] 25714K->15153K(38912K), 0.0015491 secs] [Times: user=0.00 sys=0.00, real=0.00 secs] 
72.180: [CMS-concurrent-abortable-preclean: 0.005/2.908 secs] [Times: user=0.00 sys=0.00, real=2.91 secs] 
72.180: [GC (CMS Final Remark) [YG occupancy: 14643 K (18432 K)]72.180: [Rescan (parallel) , 0.0001748 secs]72.180: [weak refs processing, 0.0000198 secs]72.180: [class unloading, 0.0003750 secs]72.181: [scrub symbol table, 0.0005757 secs]72.181: [scrub string table, 0.0002025 secs][1 CMS-remark: 15153K(20480K)] 29796K(38912K), 0.0015617 secs] [Times: user=0.00 sys=0.00, real=0.00 secs] 
72.182: [CMS-concurrent-sweep-start]
72.182: [CMS-concurrent-sweep: 0.001/0.001 secs] [Times: user=0.00 sys=0.00, real=0.00 secs] 
72.182: [CMS-concurrent-reset-start]
72.182: [CMS-concurrent-reset: 0.000/0.000 secs] [Times: user=0.00 sys=0.00, real=0.00 secs] 
72.922: [GC (Allocation Failure) 72.923: [ParNew: 14643K->0K(18432K), 0.0015355 secs] 21604K->9008K(38912K), 0.0016758 secs] [Times: user=0.00 sys=0.00, real=0.00 secs] 
72.925: [GC (CMS Initial Mark) [1 CMS-initial-mark: 9008K(20480K)] 11057K(38912K), 0.0009394 secs] [Times: user=0.00 sys=0.00, real=0.00 secs] 
72.926: [CMS-concurrent-mark-start]
72.927: [CMS-concurrent-mark: 0.002/0.002 secs] [Times: user=0.00 sys=0.00, real=0.00 secs] 
72.927: [CMS-concurrent-preclean-start]
72.928: [CMS-concurrent-preclean: 0.000/0.000 secs] [Times: user=0.00 sys=0.00, real=0.00 secs] 
72.928: [CMS-concurrent-abortable-preclean-start]
73.840: [GC (Allocation Failure) 73.840: [ParNew: 14650K->0K(18432K), 0.0017860 secs] 23659K->13105K(38912K), 0.0019136 secs] [Times: user=0.00 sys=0.00, real=0.00 secs] 
74.929: [CMS-concurrent-abortable-preclean: 0.003/2.001 secs] [Times: user=0.00 sys=0.00, real=2.00 secs] 
74.929: [GC (CMS Final Remark) [YG occupancy: 10686 K (18432 K)]74.929: [Rescan (parallel) , 0.0002690 secs]74.929: [weak refs processing, 0.0000276 secs]74.929: [class unloading, 0.0004703 secs]74.930: [scrub symbol table, 0.0005986 secs]74.930: [scrub string table, 0.0002129 secs][1 CMS-remark: 13105K(20480K)] 23791K(38912K), 0.0018029 secs] [Times: user=0.00 sys=0.00, real=0.00 secs] 
74.931: [CMS-concurrent-sweep-start]
74.931: [CMS-concurrent-sweep: 0.001/0.001 secs] [Times: user=0.00 sys=0.00, real=0.00 secs] 
74.932: [CMS-concurrent-reset-start]
74.932: [CMS-concurrent-reset: 0.000/0.000 secs] [Times: user=0.00 sys=0.00, real=0.00 secs] 
75.660: [GC (Allocation Failure) 75.660: [ParNew: 14782K->0K(18432K), 0.0025959 secs] 19695K->9008K(38912K), 0.0027092 secs] [Times: user=0.00 sys=0.00, real=0.00 secs] 
75.663: [GC (CMS Initial Mark) [1 CMS-initial-mark: 9008K(20480K)] 11057K(38912K), 0.0009973 secs] [Times: user=0.00 sys=0.00, real=0.00 secs] 
75.665: [CMS-concurrent-mark-start]
75.665: [CMS-concurrent-mark: 0.001/0.001 secs] [Times: user=0.00 sys=0.00, real=0.00 secs] 
75.665: [CMS-concurrent-preclean-start]
75.665: [CMS-concurrent-preclean: 0.000/0.000 secs] [Times: user=0.00 sys=0.00, real=0.00 secs] 
75.665: [CMS-concurrent-abortable-preclean-start]
77.477: [GC (Allocation Failure) 77.477: [ParNew: 14657K->0K(18432K), 0.0013328 secs] 23666K->13105K(38912K), 0.0014533 secs] [Times: user=0.00 sys=0.00, real=0.00 secs] 
78.560: [CMS-concurrent-abortable-preclean: 0.004/2.895 secs] [Times: user=0.00 sys=0.02, real=2.89 secs] 
78.561: [GC (CMS Final Remark) [YG occupancy: 14643 K (18432 K)]78.561: [Rescan (parallel) , 0.0007300 secs]78.561: [weak refs processing, 0.0000228 secs]78.562: [class unloading, 0.0003490 secs]78.562: [scrub symbol table, 0.0005313 secs]78.562: [scrub string table, 0.0001944 secs][1 CMS-remark: 13105K(20480K)] 27748K(38912K), 0.0020087 secs] [Times: user=0.00 sys=0.00, real=0.00 secs] 
78.563: [CMS-concurrent-sweep-start]
78.563: [CMS-concurrent-sweep: 0.000/0.000 secs] [Times: user=0.00 sys=0.00, real=0.00 secs] 
78.564: [CMS-concurrent-reset-start]
78.564: [CMS-concurrent-reset: 0.000/0.000 secs] [Times: user=0.00 sys=0.00, real=0.00 secs] 
79.308: [GC (Allocation Failure) 79.308: [ParNew: 14643K->0K(18432K), 0.0013018 secs] 21604K->9008K(38912K), 0.0014475 secs] [Times: user=0.00 sys=0.00, real=0.00 secs] 
79.310: [GC (CMS Initial Mark) [1 CMS-initial-mark: 9008K(20480K)] 11057K(38912K), 0.0007241 secs] [Times: user=0.00 sys=0.00, real=0.00 secs] 
79.311: [CMS-concurrent-mark-start]
79.312: [CMS-concurrent-mark: 0.001/0.001 secs] [Times: user=0.00 sys=0.00, real=0.00 secs] 
79.312: [CMS-concurrent-preclean-start]
79.312: [CMS-concurrent-preclean: 0.000/0.000 secs] [Times: user=0.00 sys=0.00, real=0.00 secs] 
79.312: [CMS-concurrent-abortable-preclean-start]
80.221: [GC (Allocation Failure) 80.221: [ParNew: 14650K->0K(18432K), 0.0017249 secs] 23659K->13105K(38912K), 0.0018385 secs] [Times: user=0.01 sys=0.00, real=0.00 secs] 
81.308: [CMS-concurrent-abortable-preclean: 0.003/1.996 secs] [Times: user=0.01 sys=0.00, real=2.00 secs] 
81.308: [GC (CMS Final Remark) [YG occupancy: 10686 K (18432 K)]81.308: [Rescan (parallel) , 0.0002216 secs]81.309: [weak refs processing, 0.0000217 secs]81.309: [class unloading, 0.0003417 secs]81.309: [scrub symbol table, 0.0005334 secs]81.310: [scrub string table, 0.0001852 secs][1 CMS-remark: 13105K(20480K)] 23791K(38912K), 0.0014934 secs] [Times: user=0.00 sys=0.00, real=0.00 secs] 
81.310: [CMS-concurrent-sweep-start]
81.311: [CMS-concurrent-sweep: 0.001/0.001 secs] [Times: user=0.00 sys=0.00, real=0.00 secs] 
81.311: [CMS-concurrent-reset-start]
81.311: [CMS-concurrent-reset: 0.000/0.000 secs] [Times: user=0.00 sys=0.00, real=0.00 secs] 
82.054: [GC (Allocation Failure) 82.055: [ParNew: 14782K->0K(18432K), 0.0023663 secs] 21743K->11057K(38912K), 0.0025012 secs] [Times: user=0.00 sys=0.00, real=0.00 secs] 
82.057: [GC (CMS Initial Mark) [1 CMS-initial-mark: 11057K(20480K)] 13105K(38912K), 0.0010583 secs] [Times: user=0.00 sys=0.00, real=0.00 secs] 
82.059: [CMS-concurrent-mark-start]
82.060: [CMS-concurrent-mark: 0.001/0.001 secs] [Times: user=0.00 sys=0.00, real=0.00 secs] 
82.060: [CMS-concurrent-preclean-start]
82.060: [CMS-concurrent-preclean: 0.000/0.000 secs] [Times: user=0.00 sys=0.00, real=0.00 secs] 
82.060: [CMS-concurrent-abortable-preclean-start]
83.877: [GC (Allocation Failure) 83.877: [ParNew: 14657K->0K(18432K), 0.0016388 secs] 25714K->15153K(38912K), 0.0017634 secs] [Times: user=0.00 sys=0.02, real=0.00 secs] 
84.962: [CMS-concurrent-abortable-preclean: 0.004/2.902 secs] [Times: user=0.00 sys=0.02, real=2.90 secs] 
84.963: [GC (CMS Final Remark) [YG occupancy: 14643 K (18432 K)]84.963: [Rescan (parallel) , 0.0005722 secs]84.963: [weak refs processing, 0.0000353 secs]84.963: [class unloading, 0.0004060 secs]84.964: [scrub symbol table, 0.0005734 secs]84.964: [scrub string table, 0.0002010 secs][1 CMS-remark: 15153K(20480K)] 29796K(38912K), 0.0019991 secs] [Times: user=0.00 sys=0.00, real=0.00 secs] 
84.965: [CMS-concurrent-sweep-start]
84.965: [CMS-concurrent-sweep: 0.000/0.000 secs] [Times: user=0.00 sys=0.00, real=0.00 secs] 
84.965: [CMS-concurrent-reset-start]
84.966: [CMS-concurrent-reset: 0.000/0.000 secs] [Times: user=0.00 sys=0.00, real=0.00 secs] 
85.693: [GC (Allocation Failure) 85.693: [ParNew: 14643K->0K(18432K), 0.0013036 secs] 21604K->9008K(38912K), 0.0014401 secs] [Times: user=0.00 sys=0.00, real=0.00 secs] 
85.695: [GC (CMS Initial Mark) [1 CMS-initial-mark: 9008K(20480K)] 11057K(38912K), 0.0009263 secs] [Times: user=0.00 sys=0.00, real=0.00 secs] 
85.696: [CMS-concurrent-mark-start]
85.698: [CMS-concurrent-mark: 0.002/0.002 secs] [Times: user=0.00 sys=0.00, real=0.00 secs] 
85.698: [CMS-concurrent-preclean-start]
85.698: [CMS-concurrent-preclean: 0.000/0.000 secs] [Times: user=0.00 sys=0.00, real=0.00 secs] 
85.698: [CMS-concurrent-abortable-preclean-start]
86.608: [GC (Allocation Failure) 86.608: [ParNew: 14650K->0K(18432K), 0.0013997 secs] 23659K->13105K(38912K), 0.0015440 secs] [Times: user=0.00 sys=0.00, real=0.00 secs] 
87.695: [CMS-concurrent-abortable-preclean: 0.003/1.997 secs] [Times: user=0.00 sys=0.00, real=2.00 secs] 
87.696: [GC (CMS Final Remark) [YG occupancy: 10686 K (18432 K)]87.696: [Rescan (parallel) , 0.0005535 secs]87.696: [weak refs processing, 0.0000247 secs]87.696: [class unloading, 0.0003864 secs]87.697: [scrub symbol table, 0.0005766 secs]87.697: [scrub string table, 0.0001961 secs][1 CMS-remark: 13105K(20480K)] 23791K(38912K), 0.0019338 secs] [Times: user=0.00 sys=0.00, real=0.00 secs] 
87.698: [CMS-concurrent-sweep-start]
87.698: [CMS-concurrent-sweep: 0.001/0.001 secs] [Times: user=0.00 sys=0.00, real=0.00 secs] 
87.698: [CMS-concurrent-reset-start]
87.698: [CMS-concurrent-reset: 0.000/0.000 secs] [Times: user=0.00 sys=0.00, real=0.00 secs] 
88.426: [GC (Allocation Failure) 88.426: [ParNew: 14782K->0K(18432K), 0.0016533 secs] 19695K->9008K(38912K), 0.0017708 secs] [Times: user=0.00 sys=0.00, real=0.00 secs] 
88.428: [GC (CMS Initial Mark) [1 CMS-initial-mark: 9008K(20480K)] 11057K(38912K), 0.0009270 secs] [Times: user=0.00 sys=0.00, real=0.00 secs] 
88.429: [CMS-concurrent-mark-start]
88.431: [CMS-concurrent-mark: 0.002/0.002 secs] [Times: user=0.00 sys=0.00, real=0.00 secs] 
88.431: [CMS-concurrent-preclean-start]
88.431: [CMS-concurrent-preclean: 0.000/0.000 secs] [Times: user=0.00 sys=0.00, real=0.00 secs] 
88.431: [CMS-concurrent-abortable-preclean-start]
90.252: [GC (Allocation Failure) 90.252: [ParNew: 14657K->0K(18432K), 0.0013926 secs] 23666K->13105K(38912K), 0.0015137 secs] [Times: user=0.02 sys=0.00, real=0.00 secs] 
91.339: [CMS-concurrent-abortable-preclean: 0.004/2.908 secs] [Times: user=0.02 sys=0.00, real=2.91 secs] 
91.339: [GC (CMS Final Remark) [YG occupancy: 14643 K (18432 K)]91.339: [Rescan (parallel) , 0.0002235 secs]91.339: [weak refs processing, 0.0000247 secs]91.339: [class unloading, 0.0003348 secs]91.340: [scrub symbol table, 0.0005871 secs]91.340: [scrub string table, 0.0002001 secs][1 CMS-remark: 13105K(20480K)] 27748K(38912K), 0.0016173 secs] [Times: user=0.00 sys=0.00, real=0.00 secs] 
91.341: [CMS-concurrent-sweep-start]
91.341: [CMS-concurrent-sweep: 0.001/0.001 secs] [Times: user=0.00 sys=0.00, real=0.00 secs] 
91.341: [CMS-concurrent-reset-start]
91.341: [CMS-concurrent-reset: 0.000/0.000 secs] [Times: user=0.00 sys=0.00, real=0.00 secs] 
92.070: [GC (Allocation Failure) 92.070: [ParNew: 14643K->0K(18432K), 0.0014505 secs] 21604K->9008K(38912K), 0.0015670 secs] [Times: user=0.00 sys=0.00, real=0.00 secs] 
92.072: [GC (CMS Initial Mark) [1 CMS-initial-mark: 9008K(20480K)] 11057K(38912K), 0.0007093 secs] [Times: user=0.00 sys=0.00, real=0.00 secs] 
92.073: [CMS-concurrent-mark-start]
92.075: [CMS-concurrent-mark: 0.002/0.002 secs] [Times: user=0.00 sys=0.00, real=0.00 secs] 
92.075: [CMS-concurrent-preclean-start]
92.075: [CMS-concurrent-preclean: 0.000/0.000 secs] [Times: user=0.00 sys=0.00, real=0.00 secs] 
92.075: [CMS-concurrent-abortable-preclean-start]
92.989: [GC (Allocation Failure) 92.989: [ParNew: 14650K->0K(18432K), 0.0014161 secs] 23659K->13105K(38912K), 0.0015178 secs] [Times: user=0.00 sys=0.00, real=0.00 secs] 
94.072: [CMS-concurrent-abortable-preclean: 0.003/1.998 secs] [Times: user=0.00 sys=0.00, real=2.00 secs] 
94.073: [GC (CMS Final Remark) [YG occupancy: 10686 K (18432 K)]94.073: [Rescan (parallel) , 0.0003573 secs]94.073: [weak refs processing, 0.0000277 secs]94.073: [class unloading, 0.0003091 secs]94.073: [scrub symbol table, 0.0005733 secs]94.074: [scrub string table, 0.0001904 secs][1 CMS-remark: 13105K(20480K)] 23791K(38912K), 0.0016718 secs] [Times: user=0.00 sys=0.00, real=0.00 secs] 
94.074: [CMS-concurrent-sweep-start]
94.075: [CMS-concurrent-sweep: 0.000/0.000 secs] [Times: user=0.00 sys=0.00, real=0.00 secs] 
94.075: [CMS-concurrent-reset-start]
94.075: [CMS-concurrent-reset: 0.000/0.000 secs] [Times: user=0.00 sys=0.00, real=0.00 secs] 
94.814: [GC (Allocation Failure) 94.814: [ParNew: 14782K->0K(18432K), 0.0021439 secs] 21743K->11057K(38912K), 0.0022853 secs] [Times: user=0.11 sys=0.00, real=0.00 secs] 
94.816: [GC (CMS Initial Mark) [1 CMS-initial-mark: 11057K(20480K)] 13105K(38912K), 0.0010275 secs] [Times: user=0.00 sys=0.00, real=0.00 secs] 
94.818: [CMS-concurrent-mark-start]
94.819: [CMS-concurrent-mark: 0.002/0.002 secs] [Times: user=0.00 sys=0.00, real=0.00 secs] 
94.819: [CMS-concurrent-preclean-start]
94.819: [CMS-concurrent-preclean: 0.000/0.000 secs] [Times: user=0.00 sys=0.00, real=0.00 secs] 
94.819: [CMS-concurrent-abortable-preclean-start]
96.634: [GC (Allocation Failure) 96.634: [ParNew: 14657K->0K(18432K), 0.0017229 secs] 25714K->15153K(38912K), 0.0018444 secs] [Times: user=0.00 sys=0.00, real=0.00 secs] 
97.720: [CMS-concurrent-abortable-preclean: 0.004/2.901 secs] [Times: user=0.00 sys=0.00, real=2.90 secs] 
97.721: [GC (CMS Final Remark) [YG occupancy: 14643 K (18432 K)]97.721: [Rescan (parallel) , 0.0004581 secs]97.721: [weak refs processing, 0.0000439 secs]97.721: [class unloading, 0.0003227 secs]97.721: [scrub symbol table, 0.0005691 secs]97.722: [scrub string table, 0.0002045 secs][1 CMS-remark: 15153K(20480K)] 29796K(38912K), 0.0018319 secs] [Times: user=0.00 sys=0.01, real=0.00 secs] 
97.723: [CMS-concurrent-sweep-start]
97.723: [CMS-concurrent-sweep: 0.001/0.001 secs] [Times: user=0.00 sys=0.00, real=0.00 secs] 
97.723: [CMS-concurrent-reset-start]
97.723: [CMS-concurrent-reset: 0.000/0.000 secs] [Times: user=0.00 sys=0.00, real=0.00 secs] 
98.453: [GC (Allocation Failure) 98.453: [ParNew: 14643K->0K(18432K), 0.0014538 secs] 21604K->9008K(38912K), 0.0015900 secs] [Times: user=0.00 sys=0.00, real=0.00 secs] 
98.455: [GC (CMS Initial Mark) [1 CMS-initial-mark: 9008K(20480K)] 11057K(38912K), 0.0005641 secs] [Times: user=0.02 sys=0.00, real=0.00 secs] 
98.456: [CMS-concurrent-mark-start]
98.457: [CMS-concurrent-mark: 0.002/0.002 secs] [Times: user=0.00 sys=0.00, real=0.00 secs] 
98.457: [CMS-concurrent-preclean-start]
98.458: [CMS-concurrent-preclean: 0.000/0.000 secs] [Times: user=0.00 sys=0.00, real=0.00 secs] 
98.458: [CMS-concurrent-abortable-preclean-start]
99.358: [GC (Allocation Failure) 99.358: [ParNew: 14650K->0K(18432K), 0.0018216 secs] 23659K->13105K(38912K), 0.0019370 secs] [Times: user=0.00 sys=0.00, real=0.00 secs] 
100.444: [CMS-concurrent-abortable-preclean: 0.003/1.987 secs] [Times: user=0.00 sys=0.00, real=1.99 secs] 
100.445: [GC (CMS Final Remark) [YG occupancy: 10686 K (18432 K)]100.445: [Rescan (parallel) , 0.0003063 secs]100.445: [weak refs processing, 0.0000316 secs]100.445: [class unloading, 0.0003372 secs]100.445: [scrub symbol table, 0.0005482 secs]100.446: [scrub string table, 0.0001868 secs][1 CMS-remark: 13105K(20480K)] 23791K(38912K), 0.0016251 secs] [Times: user=0.00 sys=0.00, real=0.00 secs] 
100.447: [CMS-concurrent-sweep-start]
100.447: [CMS-concurrent-sweep: 0.000/0.000 secs] [Times: user=0.00 sys=0.00, real=0.00 secs] 
100.447: [CMS-concurrent-reset-start]
100.447: [CMS-concurrent-reset: 0.000/0.000 secs] [Times: user=0.00 sys=0.00, real=0.00 secs] 
101.188: [GC (Allocation Failure) 101.188: [ParNew: 14782K->0K(18432K), 0.0028206 secs] 21743K->11057K(38912K), 0.0029416 secs] [Times: user=0.13 sys=0.00, real=0.00 secs] 
101.191: [GC (CMS Initial Mark) [1 CMS-initial-mark: 11057K(20480K)] 13105K(38912K), 0.0010536 secs] [Times: user=0.00 sys=0.00, real=0.00 secs] 
101.192: [CMS-concurrent-mark-start]
101.194: [CMS-concurrent-mark: 0.002/0.002 secs] [Times: user=0.00 sys=0.00, real=0.00 secs] 
101.194: [CMS-concurrent-preclean-start]
101.194: [CMS-concurrent-preclean: 0.000/0.000 secs] [Times: user=0.00 sys=0.00, real=0.00 secs] 
101.194: [CMS-concurrent-abortable-preclean-start]
103.018: [GC (Allocation Failure) 103.018: [ParNew: 14657K->0K(18432K), 0.0017707 secs] 25714K->15153K(38912K), 0.0019188 secs] [Times: user=0.00 sys=0.00, real=0.00 secs] 
104.100: [CMS-concurrent-abortable-preclean: 0.004/2.906 secs] [Times: user=0.00 sys=0.00, real=2.91 secs] 
104.100: [GC (CMS Final Remark) [YG occupancy: 14643 K (18432 K)]104.100: [Rescan (parallel) , 0.0003043 secs]104.101: [weak refs processing, 0.0000250 secs]104.101: [class unloading, 0.0003279 secs]104.101: [scrub symbol table, 0.0005995 secs]104.102: [scrub string table, 0.0002050 secs][1 CMS-remark: 15153K(20480K)] 29796K(38912K), 0.0016718 secs] [Times: user=0.00 sys=0.00, real=0.00 secs] 
104.102: [CMS-concurrent-sweep-start]
104.103: [CMS-concurrent-sweep: 0.001/0.001 secs] [Times: user=0.00 sys=0.00, real=0.00 secs] 
104.103: [CMS-concurrent-reset-start]
104.103: [CMS-concurrent-reset: 0.000/0.000 secs] [Times: user=0.00 sys=0.00, real=0.00 secs] 
104.844: [GC (Allocation Failure) 104.844: [ParNew: 14643K->0K(18432K), 0.0016118 secs] 21604K->9008K(38912K), 0.0017482 secs] [Times: user=0.02 sys=0.00, real=0.00 secs] 
104.847: [GC (CMS Initial Mark) [1 CMS-initial-mark: 9008K(20480K)] 11057K(38912K), 0.0010351 secs] [Times: user=0.00 sys=0.00, real=0.00 secs] 
104.848: [CMS-concurrent-mark-start]
104.849: [CMS-concurrent-mark: 0.001/0.001 secs] [Times: user=0.00 sys=0.00, real=0.00 secs] 
104.849: [CMS-concurrent-preclean-start]
104.849: [CMS-concurrent-preclean: 0.000/0.000 secs] [Times: user=0.00 sys=0.00, real=0.00 secs] 
104.849: [CMS-concurrent-abortable-preclean-start]
105.764: [GC (Allocation Failure) 105.764: [ParNew: 14650K->0K(18432K), 0.0016770 secs] 23659K->13105K(38912K), 0.0018080 secs] [Times: user=0.00 sys=0.00, real=0.00 secs] 
106.852: [CMS-concurrent-abortable-preclean: 0.003/2.003 secs] [Times: user=0.00 sys=0.00, real=2.00 secs] 
106.852: [GC (CMS Final Remark) [YG occupancy: 10686 K (18432 K)]106.853: [Rescan (parallel) , 0.0004002 secs]106.853: [weak refs processing, 0.0000292 secs]106.853: [class unloading, 0.0003239 secs]106.853: [scrub symbol table, 0.0005915 secs]106.854: [scrub string table, 0.0002057 secs][1 CMS-remark: 13105K(20480K)] 23791K(38912K), 0.0017787 secs] [Times: user=0.00 sys=0.00, real=0.00 secs] 
106.855: [CMS-concurrent-sweep-start]
106.855: [CMS-concurrent-sweep: 0.001/0.001 secs] [Times: user=0.00 sys=0.00, real=0.00 secs] 
106.855: [CMS-concurrent-reset-start]
106.855: [CMS-concurrent-reset: 0.000/0.000 secs] [Times: user=0.00 sys=0.00, real=0.00 secs] 
107.583: [GC (Allocation Failure) 107.583: [ParNew: 14782K->0K(18432K), 0.0021161 secs] 19695K->9008K(38912K), 0.0022319 secs] [Times: user=0.00 sys=0.00, real=0.00 secs] 
107.586: [GC (CMS Initial Mark) [1 CMS-initial-mark: 9008K(20480K)] 13426K(38912K), 0.0010954 secs] [Times: user=0.00 sys=0.00, real=0.00 secs] 
107.587: [CMS-concurrent-mark-start]
107.588: [CMS-concurrent-mark: 0.002/0.002 secs] [Times: user=0.00 sys=0.00, real=0.00 secs] 
107.588: [CMS-concurrent-preclean-start]
107.589: [CMS-concurrent-preclean: 0.000/0.000 secs] [Times: user=0.00 sys=0.00, real=0.00 secs] 
107.589: [CMS-concurrent-abortable-preclean-start]
109.399: [GC (Allocation Failure) 109.399: [ParNew: 14657K->0K(18432K), 0.0010661 secs] 23666K->13105K(38912K), 0.0011576 secs] [Times: user=0.00 sys=0.00, real=0.00 secs] 
110.483: [CMS-concurrent-abortable-preclean: 0.004/2.895 secs] [Times: user=0.00 sys=0.00, real=2.89 secs] 
110.484: [GC (CMS Final Remark) [YG occupancy: 14643 K (18432 K)]110.484: [Rescan (parallel) , 0.0003683 secs]110.484: [weak refs processing, 0.0000257 secs]110.484: [class unloading, 0.0003335 secs]110.485: [scrub symbol table, 0.0006113 secs]110.485: [scrub string table, 0.0001997 secs][1 CMS-remark: 13105K(20480K)] 27748K(38912K), 0.0017510 secs] [Times: user=0.00 sys=0.00, real=0.00 secs] 
110.486: [CMS-concurrent-sweep-start]
110.486: [CMS-concurrent-sweep: 0.001/0.001 secs] [Times: user=0.00 sys=0.00, real=0.00 secs] 
110.486: [CMS-concurrent-reset-start]
110.486: [CMS-concurrent-reset: 0.000/0.000 secs] [Times: user=0.00 sys=0.00, real=0.00 secs] 
111.228: [GC (Allocation Failure) 111.228: [ParNew: 14643K->0K(18432K), 0.0018465 secs] 21604K->9008K(38912K), 0.0019731 secs] [Times: user=0.00 sys=0.00, real=0.00 secs] 
111.230: [GC (CMS Initial Mark) [1 CMS-initial-mark: 9008K(20480K)] 11057K(38912K), 0.0007538 secs] [Times: user=0.00 sys=0.00, real=0.00 secs] 
111.231: [CMS-concurrent-mark-start]
111.232: [CMS-concurrent-mark: 0.001/0.001 secs] [Times: user=0.00 sys=0.00, real=0.00 secs] 
111.232: [CMS-concurrent-preclean-start]
111.233: [CMS-concurrent-preclean: 0.000/0.000 secs] [Times: user=0.00 sys=0.00, real=0.00 secs] 
111.233: [CMS-concurrent-abortable-preclean-start]
112.146: [GC (Allocation Failure) 112.146: [ParNew: 14650K->0K(18432K), 0.0007128 secs] 23659K->13105K(38912K), 0.0007806 secs] [Times: user=0.00 sys=0.00, real=0.00 secs] 
113.226: [CMS-concurrent-abortable-preclean: 0.003/1.993 secs] [Times: user=0.00 sys=0.00, real=1.99 secs] 
113.226: [GC (CMS Final Remark) [YG occupancy: 10686 K (18432 K)]113.226: [Rescan (parallel) , 0.0004936 secs]113.226: [weak refs processing, 0.0000354 secs]113.226: [class unloading, 0.0003125 secs]113.227: [scrub symbol table, 0.0005425 secs]113.227: [scrub string table, 0.0001911 secs][1 CMS-remark: 13105K(20480K)] 23791K(38912K), 0.0017681 secs] [Times: user=0.00 sys=0.00, real=0.00 secs] 
113.228: [CMS-concurrent-sweep-start]
113.228: [CMS-concurrent-sweep: 0.000/0.000 secs] [Times: user=0.00 sys=0.00, real=0.00 secs] 
113.228: [CMS-concurrent-reset-start]
113.229: [CMS-concurrent-reset: 0.000/0.000 secs] [Times: user=0.00 sys=0.00, real=0.00 secs] 
113.973: [GC (Allocation Failure) 113.973: [ParNew: 14782K->0K(18432K), 0.0014991 secs] 19695K->9008K(38912K), 0.0016306 secs] [Times: user=0.00 sys=0.00, real=0.00 secs] 
113.975: [GC (CMS Initial Mark) [1 CMS-initial-mark: 9008K(20480K)] 11057K(38912K), 0.0005536 secs] [Times: user=0.00 sys=0.00, real=0.00 secs] 
113.975: [CMS-concurrent-mark-start]
113.977: [CMS-concurrent-mark: 0.002/0.002 secs] [Times: user=0.00 sys=0.00, real=0.00 secs] 
113.977: [CMS-concurrent-preclean-start]
113.977: [CMS-concurrent-preclean: 0.000/0.000 secs] [Times: user=0.00 sys=0.00, real=0.00 secs] 
113.977: [CMS-concurrent-abortable-preclean-start]
115.793: [GC (Allocation Failure) 115.793: [ParNew: 14657K->0K(18432K), 0.0020857 secs] 23666K->13105K(38912K), 0.0022121 secs] [Times: user=0.00 sys=0.00, real=0.00 secs] 
116.878: [CMS-concurrent-abortable-preclean: 0.004/2.901 secs] [Times: user=0.02 sys=0.00, real=2.90 secs] 
116.878: [GC (CMS Final Remark) [YG occupancy: 14643 K (18432 K)]116.878: [Rescan (parallel) , 0.0002717 secs]116.878: [weak refs processing, 0.0000346 secs]116.878: [class unloading, 0.0003759 secs]116.879: [scrub symbol table, 0.0006209 secs]116.879: [scrub string table, 0.0002208 secs][1 CMS-remark: 13105K(20480K)] 27748K(38912K), 0.0017689 secs] [Times: user=0.00 sys=0.00, real=0.00 secs] 
116.880: [CMS-concurrent-sweep-start]
116.881: [CMS-concurrent-sweep: 0.001/0.001 secs] [Times: user=0.00 sys=0.00, real=0.00 secs] 
116.881: [CMS-concurrent-reset-start]
116.881: [CMS-concurrent-reset: 0.000/0.000 secs] [Times: user=0.00 sys=0.00, real=0.00 secs] 
117.621: [GC (Allocation Failure) 117.621: [ParNew: 14643K->0K(18432K), 0.0011368 secs] 21604K->9008K(38912K), 0.0012851 secs] [Times: user=0.00 sys=0.00, real=0.00 secs] 
117.623: [GC (CMS Initial Mark) [1 CMS-initial-mark: 9008K(20480K)] 13418K(38912K), 0.0009697 secs] [Times: user=0.00 sys=0.00, real=0.00 secs] 
117.624: [CMS-concurrent-mark-start]
117.625: [CMS-concurrent-mark: 0.002/0.002 secs] [Times: user=0.00 sys=0.00, real=0.00 secs] 
117.625: [CMS-concurrent-preclean-start]
117.625: [CMS-concurrent-preclean: 0.000/0.000 secs] [Times: user=0.00 sys=0.00, real=0.00 secs] 
117.626: [CMS-concurrent-abortable-preclean-start]
118.525: [GC (Allocation Failure) 118.525: [ParNew: 14650K->0K(18432K), 0.0015383 secs] 23659K->13105K(38912K), 0.0016608 secs] [Times: user=0.00 sys=0.00, real=0.00 secs] 
119.611: [CMS-concurrent-abortable-preclean: 0.003/1.986 secs] [Times: user=0.00 sys=0.00, real=1.99 secs] 
119.611: [GC (CMS Final Remark) [YG occupancy: 10686 K (18432 K)]119.611: [Rescan (parallel) , 0.0006285 secs]119.612: [weak refs processing, 0.0000245 secs]119.612: [class unloading, 0.0003160 secs]119.612: [scrub symbol table, 0.0005781 secs]119.613: [scrub string table, 0.0002006 secs][1 CMS-remark: 13105K(20480K)] 23791K(38912K), 0.0019459 secs] [Times: user=0.00 sys=0.00, real=0.00 secs] 
119.614: [CMS-concurrent-sweep-start]
119.614: [CMS-concurrent-sweep: 0.001/0.001 secs] [Times: user=0.00 sys=0.00, real=0.00 secs] 
119.614: [CMS-concurrent-reset-start]
119.614: [CMS-concurrent-reset: 0.000/0.000 secs] [Times: user=0.00 sys=0.00, real=0.00 secs] 
120.341: [GC (Allocation Failure) 120.342: [ParNew: 14782K->0K(18432K), 0.0013016 secs] 19695K->9008K(38912K), 0.0014100 secs] [Times: user=0.00 sys=0.00, real=0.00 secs] 
120.343: [GC (CMS Initial Mark) [1 CMS-initial-mark: 9008K(20480K)] 11057K(38912K), 0.0005367 secs] [Times: user=0.00 sys=0.00, real=0.00 secs] 
120.344: [CMS-concurrent-mark-start]
120.345: [CMS-concurrent-mark: 0.001/0.001 secs] [Times: user=0.00 sys=0.00, real=0.00 secs] 
120.345: [CMS-concurrent-preclean-start]
120.345: [CMS-concurrent-preclean: 0.000/0.000 secs] [Times: user=0.00 sys=0.00, real=0.00 secs] 
120.345: [CMS-concurrent-abortable-preclean-start]
122.164: [GC (Allocation Failure) 122.164: [ParNew: 14657K->0K(18432K), 0.0014767 secs] 23666K->13105K(38912K), 0.0015651 secs] [Times: user=0.00 sys=0.00, real=0.00 secs] 
123.248: [CMS-concurrent-abortable-preclean: 0.004/2.903 secs] [Times: user=0.02 sys=0.00, real=2.90 secs] 
123.249: [GC (CMS Final Remark) [YG occupancy: 14643 K (18432 K)]123.249: [Rescan (parallel) , 0.0003320 secs]123.249: [weak refs processing, 0.0000257 secs]123.249: [class unloading, 0.0003586 secs]123.249: [scrub symbol table, 0.0005718 secs]123.250: [scrub string table, 0.0002044 secs][1 CMS-remark: 13105K(20480K)] 27748K(38912K), 0.0017079 secs] [Times: user=0.00 sys=0.00, real=0.00 secs] 
123.251: [CMS-concurrent-sweep-start]
123.251: [CMS-concurrent-sweep: 0.001/0.001 secs] [Times: user=0.00 sys=0.00, real=0.00 secs] 
123.251: [CMS-concurrent-reset-start]
123.251: [CMS-concurrent-reset: 0.000/0.000 secs] [Times: user=0.00 sys=0.00, real=0.00 secs] 
123.978: [GC (Allocation Failure) 123.978: [ParNew: 14643K->0K(18432K), 0.0016092 secs] 21604K->9008K(38912K), 0.0017284 secs] [Times: user=0.00 sys=0.00, real=0.00 secs] 
123.980: [GC (CMS Initial Mark) [1 CMS-initial-mark: 9008K(20480K)] 11057K(38912K), 0.0009927 secs] [Times: user=0.00 sys=0.00, real=0.00 secs] 
123.981: [CMS-concurrent-mark-start]
123.983: [CMS-concurrent-mark: 0.002/0.002 secs] [Times: user=0.00 sys=0.00, real=0.00 secs] 
123.983: [CMS-concurrent-preclean-start]
123.983: [CMS-concurrent-preclean: 0.000/0.000 secs] [Times: user=0.00 sys=0.00, real=0.00 secs] 
123.983: [CMS-concurrent-abortable-preclean-start]
124.895: [GC (Allocation Failure) 124.895: [ParNew: 14650K->0K(18432K), 0.0019101 secs] 23659K->13105K(38912K), 0.0020284 secs] [Times: user=0.00 sys=0.00, real=0.00 secs] 
125.981: [CMS-concurrent-abortable-preclean: 0.003/1.998 secs] [Times: user=0.00 sys=0.00, real=2.00 secs] 
125.981: [GC (CMS Final Remark) [YG occupancy: 10686 K (18432 K)]125.981: [Rescan (parallel) , 0.0003467 secs]125.982: [weak refs processing, 0.0000299 secs]125.982: [class unloading, 0.0003452 secs]125.982: [scrub symbol table, 0.0006826 secs]125.983: [scrub string table, 0.0002242 secs][1 CMS-remark: 13105K(20480K)] 23791K(38912K), 0.0018564 secs] [Times: user=0.00 sys=0.00, real=0.00 secs] 
125.983: [CMS-concurrent-sweep-start]
125.984: [CMS-concurrent-sweep: 0.001/0.001 secs] [Times: user=0.00 sys=0.00, real=0.00 secs] 
125.984: [CMS-concurrent-reset-start]
125.984: [CMS-concurrent-reset: 0.000/0.000 secs] [Times: user=0.00 sys=0.00, real=0.00 secs] 
126.725: [GC (Allocation Failure) 126.725: [ParNew: 14782K->0K(18432K), 0.0012710 secs] 19695K->9008K(38912K), 0.0013947 secs] [Times: user=0.00 sys=0.00, real=0.00 secs] 
126.727: [GC (CMS Initial Mark) [1 CMS-initial-mark: 9008K(20480K)] 11057K(38912K), 0.0009540 secs] [Times: user=0.00 sys=0.00, real=0.00 secs] 
126.728: [CMS-concurrent-mark-start]
126.730: [CMS-concurrent-mark: 0.002/0.002 secs] [Times: user=0.00 sys=0.00, real=0.00 secs] 
126.730: [CMS-concurrent-preclean-start]
126.730: [CMS-concurrent-preclean: 0.000/0.000 secs] [Times: user=0.00 sys=0.00, real=0.00 secs] 
126.730: [CMS-concurrent-abortable-preclean-start]
128.541: [GC (Allocation Failure) 128.541: [ParNew: 14657K->0K(18432K), 0.0021257 secs] 23666K->13105K(38912K), 0.0022562 secs] [Times: user=0.00 sys=0.00, real=0.00 secs] 
129.626: [CMS-concurrent-abortable-preclean: 0.004/2.896 secs] [Times: user=0.00 sys=0.00, real=2.90 secs] 
129.626: [GC (CMS Final Remark) [YG occupancy: 14643 K (18432 K)]129.626: [Rescan (parallel) , 0.0003994 secs]129.627: [weak refs processing, 0.0000257 secs]129.627: [class unloading, 0.0003305 secs]129.627: [scrub symbol table, 0.0005745 secs]129.628: [scrub string table, 0.0002035 secs][1 CMS-remark: 13105K(20480K)] 27748K(38912K), 0.0017797 secs] [Times: user=0.02 sys=0.00, real=0.00 secs] 
129.628: [CMS-concurrent-sweep-start]
129.629: [CMS-concurrent-sweep: 0.001/0.001 secs] [Times: user=0.00 sys=0.00, real=0.00 secs] 
129.629: [CMS-concurrent-reset-start]
129.629: [CMS-concurrent-reset: 0.000/0.000 secs] [Times: user=0.00 sys=0.00, real=0.00 secs] 
130.368: [GC (Allocation Failure) 130.368: [ParNew: 14643K->0K(18432K), 0.0013310 secs] 21604K->9008K(38912K), 0.0014630 secs] [Times: user=0.00 sys=0.00, real=0.00 secs] 
130.370: [GC (CMS Initial Mark) [1 CMS-initial-mark: 9008K(20480K)] 11057K(38912K), 0.0006781 secs] [Times: user=0.00 sys=0.00, real=0.00 secs] 
130.370: [CMS-concurrent-mark-start]
130.372: [CMS-concurrent-mark: 0.002/0.002 secs] [Times: user=0.00 sys=0.00, real=0.00 secs] 
130.372: [CMS-concurrent-preclean-start]
130.372: [CMS-concurrent-preclean: 0.000/0.000 secs] [Times: user=0.00 sys=0.00, real=0.00 secs] 
130.372: [CMS-concurrent-abortable-preclean-start]
131.285: [GC (Allocation Failure) 131.286: [ParNew: 14650K->0K(18432K), 0.0013019 secs] 23659K->13105K(38912K), 0.0014326 secs] [Times: user=0.00 sys=0.00, real=0.00 secs] 
132.367: [CMS-concurrent-abortable-preclean: 0.003/1.995 secs] [Times: user=0.00 sys=0.00, real=1.99 secs] 
132.367: [GC (CMS Final Remark) [YG occupancy: 10686 K (18432 K)]132.367: [Rescan (parallel) , 0.0007186 secs]132.368: [weak refs processing, 0.0000296 secs]132.368: [class unloading, 0.0003275 secs]132.369: [scrub symbol table, 0.0005745 secs]132.369: [scrub string table, 0.0001984 secs][1 CMS-remark: 13105K(20480K)] 23791K(38912K), 0.0020474 secs] [Times: user=0.00 sys=0.00, real=0.00 secs] 
132.370: [CMS-concurrent-sweep-start]
132.370: [CMS-concurrent-sweep: 0.001/0.001 secs] [Times: user=0.00 sys=0.00, real=0.00 secs] 
132.370: [CMS-concurrent-reset-start]
132.370: [CMS-concurrent-reset: 0.000/0.000 secs] [Times: user=0.00 sys=0.00, real=0.00 secs] 
133.111: [GC (Allocation Failure) 133.111: [ParNew: 14782K->0K(18432K), 0.0020692 secs] 21743K->11057K(38912K), 0.0022029 secs] [Times: user=0.00 sys=0.02, real=0.00 secs] 
133.114: [GC (CMS Initial Mark) [1 CMS-initial-mark: 11057K(20480K)] 13105K(38912K), 0.0008132 secs] [Times: user=0.00 sys=0.00, real=0.00 secs] 
133.115: [CMS-concurrent-mark-start]
133.117: [CMS-concurrent-mark: 0.002/0.002 secs] [Times: user=0.00 sys=0.00, real=0.00 secs] 
133.117: [CMS-concurrent-preclean-start]
133.117: [CMS-concurrent-preclean: 0.000/0.000 secs] [Times: user=0.00 sys=0.00, real=0.00 secs] 
133.117: [CMS-concurrent-abortable-preclean-start]
134.944: [GC (Allocation Failure) 134.944: [ParNew: 14657K->0K(18432K), 0.0018780 secs] 25714K->15153K(38912K), 0.0019877 secs] [Times: user=0.00 sys=0.00, real=0.00 secs] 
136.026: [CMS-concurrent-abortable-preclean: 0.004/2.909 secs] [Times: user=0.00 sys=0.00, real=2.91 secs] 
136.026: [GC (CMS Final Remark) [YG occupancy: 14643 K (18432 K)]136.026: [Rescan (parallel) , 0.0005306 secs]136.027: [weak refs processing, 0.0000250 secs]136.027: [class unloading, 0.0003396 secs]136.027: [scrub symbol table, 0.0006164 secs]136.028: [scrub string table, 0.0002162 secs][1 CMS-remark: 15153K(20480K)] 29796K(38912K), 0.0019559 secs] [Times: user=0.00 sys=0.00, real=0.00 secs] 
136.029: [CMS-concurrent-sweep-start]
136.029: [CMS-concurrent-sweep: 0.001/0.001 secs] [Times: user=0.00 sys=0.00, real=0.00 secs] 
136.029: [CMS-concurrent-reset-start]
136.029: [CMS-concurrent-reset: 0.000/0.000 secs] [Times: user=0.00 sys=0.00, real=0.00 secs] 
136.757: [GC (Allocation Failure) 136.757: [ParNew: 14643K->0K(18432K), 0.0012253 secs] 21604K->9008K(38912K), 0.0013473 secs] [Times: user=0.00 sys=0.00, real=0.00 secs] 
136.759: [GC (CMS Initial Mark) [1 CMS-initial-mark: 9008K(20480K)] 11057K(38912K), 0.0011547 secs] [Times: user=0.00 sys=0.00, real=0.00 secs] 
136.760: [CMS-concurrent-mark-start]
136.762: [CMS-concurrent-mark: 0.001/0.001 secs] [Times: user=0.00 sys=0.00, real=0.00 secs] 
136.762: [CMS-concurrent-preclean-start]
136.762: [CMS-concurrent-preclean: 0.000/0.000 secs] [Times: user=0.00 sys=0.00, real=0.00 secs] 
136.762: [CMS-concurrent-abortable-preclean-start]
137.670: [GC (Allocation Failure) 137.671: [ParNew: 14650K->0K(18432K), 0.0019523 secs] 23659K->13105K(38912K), 0.0020792 secs] [Times: user=0.00 sys=0.00, real=0.00 secs] 
138.755: [CMS-concurrent-abortable-preclean: 0.003/1.993 secs] [Times: user=0.00 sys=0.00, real=1.99 secs] 
138.755: [GC (CMS Final Remark) [YG occupancy: 10686 K (18432 K)]138.755: [Rescan (parallel) , 0.0002292 secs]138.755: [weak refs processing, 0.0000354 secs]138.755: [class unloading, 0.0003241 secs]138.756: [scrub symbol table, 0.0005806 secs]138.756: [scrub string table, 0.0002009 secs][1 CMS-remark: 13105K(20480K)] 23791K(38912K), 0.0015934 secs] [Times: user=0.00 sys=0.00, real=0.00 secs] 
138.757: [CMS-concurrent-sweep-start]
138.757: [CMS-concurrent-sweep: 0.001/0.001 secs] [Times: user=0.00 sys=0.00, real=0.00 secs] 
138.757: [CMS-concurrent-reset-start]
138.757: [CMS-concurrent-reset: 0.000/0.000 secs] [Times: user=0.00 sys=0.00, real=0.00 secs] 
139.488: [GC (Allocation Failure) 139.488: [ParNew: 14782K->0K(18432K), 0.0023002 secs] 19695K->9008K(38912K), 0.0024259 secs] [Times: user=0.00 sys=0.00, real=0.00 secs] 
139.490: [GC (CMS Initial Mark) [1 CMS-initial-mark: 9008K(20480K)] 11057K(38912K), 0.0011087 secs] [Times: user=0.00 sys=0.00, real=0.00 secs] 
139.492: [CMS-concurrent-mark-start]
139.493: [CMS-concurrent-mark: 0.001/0.001 secs] [Times: user=0.00 sys=0.00, real=0.00 secs] 
139.493: [CMS-concurrent-preclean-start]
139.493: [CMS-concurrent-preclean: 0.000/0.000 secs] [Times: user=0.00 sys=0.00, real=0.00 secs] 
139.493: [CMS-concurrent-abortable-preclean-start]
141.311: [GC (Allocation Failure) 141.311: [ParNew: 14657K->0K(18432K), 0.0013783 secs] 23666K->13105K(38912K), 0.0014974 secs] [Times: user=0.00 sys=0.00, real=0.00 secs] 
142.400: [CMS-concurrent-abortable-preclean: 0.004/2.907 secs] [Times: user=0.00 sys=0.00, real=2.91 secs] 
142.400: [GC (CMS Final Remark) [YG occupancy: 14643 K (18432 K)]142.400: [Rescan (parallel) , 0.0003056 secs]142.401: [weak refs processing, 0.0000285 secs]142.401: [class unloading, 0.0003338 secs]142.401: [scrub symbol table, 0.0005529 secs]142.402: [scrub string table, 0.0001876 secs][1 CMS-remark: 13105K(20480K)] 27748K(38912K), 0.0016579 secs] [Times: user=0.00 sys=0.00, real=0.00 secs] 
142.402: [CMS-concurrent-sweep-start]
142.403: [CMS-concurrent-sweep: 0.000/0.000 secs] [Times: user=0.00 sys=0.00, real=0.00 secs] 
142.403: [CMS-concurrent-reset-start]
142.403: [CMS-concurrent-reset: 0.000/0.000 secs] [Times: user=0.00 sys=0.00, real=0.00 secs] 
143.116: [GC (Allocation Failure) 143.116: [ParNew: 14643K->0K(18432K), 0.0010199 secs] 21604K->9008K(38912K), 0.0011208 secs] [Times: user=0.00 sys=0.00, real=0.00 secs] 
143.118: [GC (CMS Initial Mark) [1 CMS-initial-mark: 9008K(20480K)] 11057K(38912K), 0.0010490 secs] [Times: user=0.00 sys=0.00, real=0.00 secs] 
143.119: [CMS-concurrent-mark-start]
143.120: [CMS-concurrent-mark: 0.002/0.002 secs] [Times: user=0.00 sys=0.00, real=0.00 secs] 
143.121: [CMS-concurrent-preclean-start]
143.121: [CMS-concurrent-preclean: 0.000/0.000 secs] [Times: user=0.00 sys=0.00, real=0.00 secs] 
143.121: [CMS-concurrent-abortable-preclean-start]
144.030: [GC (Allocation Failure) 144.030: [ParNew: 14650K->0K(18432K), 0.0013551 secs] 23659K->13105K(38912K), 0.0014829 secs] [Times: user=0.00 sys=0.00, real=0.00 secs] 
145.121: [CMS-concurrent-abortable-preclean: 0.003/2.000 secs] [Times: user=0.00 sys=0.00, real=2.00 secs] 
145.121: [GC (CMS Final Remark) [YG occupancy: 10686 K (18432 K)]145.121: [Rescan (parallel) , 0.0001445 secs]145.121: [weak refs processing, 0.0000128 secs]145.121: [class unloading, 0.0002343 secs]145.122: [scrub symbol table, 0.0005196 secs]145.122: [scrub string table, 0.0001174 secs][1 CMS-remark: 13105K(20480K)] 23791K(38912K), 0.0011345 secs] [Times: user=0.00 sys=0.00, real=0.00 secs] 
145.123: [CMS-concurrent-sweep-start]
145.123: [CMS-concurrent-sweep: 0.000/0.000 secs] [Times: user=0.00 sys=0.00, real=0.00 secs] 
145.123: [CMS-concurrent-reset-start]
145.123: [CMS-concurrent-reset: 0.000/0.000 secs] [Times: user=0.00 sys=0.00, real=0.00 secs] 
145.838: [GC (Allocation Failure) 145.838: [ParNew: 14782K->0K(18432K), 0.0015032 secs] 19695K->9008K(38912K), 0.0016330 secs] [Times: user=0.00 sys=0.00, real=0.00 secs] 
145.840: [GC (CMS Initial Mark) [1 CMS-initial-mark: 9008K(20480K)] 11057K(38912K), 0.0007568 secs] [Times: user=0.00 sys=0.00, real=0.00 secs] 
145.841: [CMS-concurrent-mark-start]
145.843: [CMS-concurrent-mark: 0.002/0.002 secs] [Times: user=0.00 sys=0.00, real=0.00 secs] 
145.843: [CMS-concurrent-preclean-start]
145.843: [CMS-concurrent-preclean: 0.000/0.000 secs] [Times: user=0.00 sys=0.00, real=0.00 secs] 
145.843: [CMS-concurrent-abortable-preclean-start]
147.662: [GC (Allocation Failure) 147.662: [ParNew: 14657K->0K(18432K), 0.0009997 secs] 23666K->13105K(38912K), 0.0010969 secs] [Times: user=0.00 sys=0.00, real=0.00 secs] 
148.754: [CMS-concurrent-abortable-preclean: 0.004/2.911 secs] [Times: user=0.00 sys=0.00, real=2.91 secs] 
148.754: [GC (CMS Final Remark) [YG occupancy: 14643 K (18432 K)]148.754: [Rescan (parallel) , 0.0002908 secs]148.755: [weak refs processing, 0.0000316 secs]148.755: [class unloading, 0.0004128 secs]148.755: [scrub symbol table, 0.0007247 secs]148.756: [scrub string table, 0.0002119 secs][1 CMS-remark: 13105K(20480K)] 27748K(38912K), 0.0019545 secs] [Times: user=0.00 sys=0.00, real=0.00 secs] 
148.757: [CMS-concurrent-sweep-start]
148.757: [CMS-concurrent-sweep: 0.001/0.001 secs] [Times: user=0.00 sys=0.00, real=0.00 secs] 
148.757: [CMS-concurrent-reset-start]
148.757: [CMS-concurrent-reset: 0.000/0.000 secs] [Times: user=0.00 sys=0.00, real=0.00 secs] 
149.482: [GC (Allocation Failure) 149.482: [ParNew: 14643K->0K(18432K), 0.0017823 secs] 21604K->9008K(38912K), 0.0019045 secs] [Times: user=0.00 sys=0.00, real=0.00 secs] 
149.484: [GC (CMS Initial Mark) [1 CMS-initial-mark: 9008K(20480K)] 11057K(38912K), 0.0007669 secs] [Times: user=0.00 sys=0.00, real=0.00 secs] 
149.485: [CMS-concurrent-mark-start]
149.487: [CMS-concurrent-mark: 0.002/0.002 secs] [Times: user=0.00 sys=0.00, real=0.00 secs] 
149.487: [CMS-concurrent-preclean-start]
149.487: [CMS-concurrent-preclean: 0.000/0.000 secs] [Times: user=0.00 sys=0.00, real=0.00 secs] 
149.487: [CMS-concurrent-abortable-preclean-start]
150.388: [GC (Allocation Failure) 150.388: [ParNew: 14650K->0K(18432K), 0.0014126 secs] 23659K->13105K(38912K), 0.0015266 secs] [Times: user=0.00 sys=0.00, real=0.00 secs] 
151.472: [CMS-concurrent-abortable-preclean: 0.003/1.985 secs] [Times: user=0.00 sys=0.00, real=1.98 secs] 
151.472: [GC (CMS Final Remark) [YG occupancy: 10686 K (18432 K)]151.472: [Rescan (parallel) , 0.0004325 secs]151.473: [weak refs processing, 0.0000379 secs]151.473: [class unloading, 0.0003300 secs]151.473: [scrub symbol table, 0.0005680 secs]151.474: [scrub string table, 0.0002136 secs][1 CMS-remark: 13105K(20480K)] 23791K(38912K), 0.0017998 secs] [Times: user=0.00 sys=0.00, real=0.00 secs] 
151.474: [CMS-concurrent-sweep-start]
151.475: [CMS-concurrent-sweep: 0.001/0.001 secs] [Times: user=0.00 sys=0.00, real=0.00 secs] 
151.475: [CMS-concurrent-reset-start]
151.475: [CMS-concurrent-reset: 0.000/0.000 secs] [Times: user=0.00 sys=0.00, real=0.00 secs] 
152.218: [GC (Allocation Failure) 152.218: [ParNew: 14782K->0K(18432K), 0.0017653 secs] 19695K->9008K(38912K), 0.0018868 secs] [Times: user=0.00 sys=0.00, real=0.00 secs] 
152.220: [GC (CMS Initial Mark) [1 CMS-initial-mark: 9008K(20480K)] 11057K(38912K), 0.0010562 secs] [Times: user=0.00 sys=0.00, real=0.00 secs] 
152.222: [CMS-concurrent-mark-start]
152.223: [CMS-concurrent-mark: 0.001/0.001 secs] [Times: user=0.00 sys=0.00, real=0.00 secs] 
152.223: [CMS-concurrent-preclean-start]
152.223: [CMS-concurrent-preclean: 0.000/0.000 secs] [Times: user=0.00 sys=0.00, real=0.00 secs] 
152.223: [CMS-concurrent-abortable-preclean-start]
154.037: [GC (Allocation Failure) 154.037: [ParNew: 14657K->0K(18432K), 0.0020496 secs] 23666K->13105K(38912K), 0.0021672 secs] [Times: user=0.00 sys=0.00, real=0.00 secs] 
155.121: [CMS-concurrent-abortable-preclean: 0.004/2.898 secs] [Times: user=0.00 sys=0.00, real=2.90 secs] 
155.122: [GC (CMS Final Remark) [YG occupancy: 14643 K (18432 K)]155.122: [Rescan (parallel) , 0.0004698 secs]155.122: [weak refs processing, 0.0000234 secs]155.122: [class unloading, 0.0003216 secs]155.123: [scrub symbol table, 0.0005684 secs]155.123: [scrub string table, 0.0002023 secs][1 CMS-remark: 13105K(20480K)] 27748K(38912K), 0.0018087 secs] [Times: user=0.00 sys=0.00, real=0.00 secs] 
155.124: [CMS-concurrent-sweep-start]
155.124: [CMS-concurrent-sweep: 0.001/0.001 secs] [Times: user=0.00 sys=0.00, real=0.00 secs] 
155.124: [CMS-concurrent-reset-start]
155.124: [CMS-concurrent-reset: 0.000/0.000 secs] [Times: user=0.00 sys=0.00, real=0.00 secs] 
155.868: [GC (Allocation Failure) 155.868: [ParNew: 14643K->0K(18432K), 0.0015056 secs] 21604K->9008K(38912K), 0.0016013 secs] [Times: user=0.00 sys=0.00, real=0.00 secs] 
155.870: [GC (CMS Initial Mark) [1 CMS-initial-mark: 9008K(20480K)] 11057K(38912K), 0.0002906 secs] [Times: user=0.00 sys=0.00, real=0.00 secs] 
155.870: [CMS-concurrent-mark-start]
155.870: [CMS-concurrent-mark: 0.001/0.001 secs] [Times: user=0.00 sys=0.00, real=0.00 secs] 
155.870: [CMS-concurrent-preclean-start]
155.871: [CMS-concurrent-preclean: 0.000/0.000 secs] [Times: user=0.00 sys=0.00, real=0.00 secs] 
155.871: [CMS-concurrent-abortable-preclean-start]
156.785: [GC (Allocation Failure) 156.785: [ParNew: 14650K->0K(18432K), 0.0018876 secs] 23659K->13105K(38912K), 0.0020053 secs] [Times: user=0.00 sys=0.00, real=0.00 secs] 
157.869: [CMS-concurrent-abortable-preclean: 0.003/1.999 secs] [Times: user=0.00 sys=0.00, real=2.00 secs] 
157.869: [GC (CMS Final Remark) [YG occupancy: 10686 K (18432 K)]157.869: [Rescan (parallel) , 0.0005794 secs]157.870: [weak refs processing, 0.0000231 secs]157.870: [class unloading, 0.0003193 secs]157.870: [scrub symbol table, 0.0005621 secs]157.871: [scrub string table, 0.0001922 secs][1 CMS-remark: 13105K(20480K)] 23791K(38912K), 0.0018349 secs] [Times: user=0.00 sys=0.00, real=0.00 secs] 
157.872: [CMS-concurrent-sweep-start]
157.872: [CMS-concurrent-sweep: 0.001/0.001 secs] [Times: user=0.00 sys=0.00, real=0.00 secs] 
157.872: [CMS-concurrent-reset-start]
157.872: [CMS-concurrent-reset: 0.000/0.000 secs] [Times: user=0.00 sys=0.00, real=0.00 secs] 
158.600: [GC (Allocation Failure) 158.600: [ParNew: 14782K->0K(18432K), 0.0012675 secs] 19695K->9008K(38912K), 0.0013936 secs] [Times: user=0.00 sys=0.00, real=0.00 secs] 
158.602: [GC (CMS Initial Mark) [1 CMS-initial-mark: 9008K(20480K)] 11057K(38912K), 0.0008228 secs] [Times: user=0.00 sys=0.00, real=0.00 secs] 
158.603: [CMS-concurrent-mark-start]
158.604: [CMS-concurrent-mark: 0.001/0.001 secs] [Times: user=0.00 sys=0.00, real=0.00 secs] 
158.604: [CMS-concurrent-preclean-start]
158.604: [CMS-concurrent-preclean: 0.000/0.000 secs] [Times: user=0.00 sys=0.00, real=0.00 secs] 
158.605: [CMS-concurrent-abortable-preclean-start]
160.431: [GC (Allocation Failure) 160.431: [ParNew: 14657K->0K(18432K), 0.0008542 secs] 23666K->13105K(38912K), 0.0009065 secs] [Times: user=0.00 sys=0.00, real=0.00 secs] 
161.515: [CMS-concurrent-abortable-preclean: 0.004/2.911 secs] [Times: user=0.00 sys=0.00, real=2.91 secs] 
161.516: [GC (CMS Final Remark) [YG occupancy: 14643 K (18432 K)]161.516: [Rescan (parallel) , 0.0003004 secs]161.516: [weak refs processing, 0.0000245 secs]161.516: [class unloading, 0.0003230 secs]161.516: [scrub symbol table, 0.0005724 secs]161.517: [scrub string table, 0.0002013 secs][1 CMS-remark: 13105K(20480K)] 27748K(38912K), 0.0016237 secs] [Times: user=0.00 sys=0.00, real=0.00 secs] 
161.518: [CMS-concurrent-sweep-start]
161.518: [CMS-concurrent-sweep: 0.001/0.001 secs] [Times: user=0.00 sys=0.00, real=0.00 secs] 
161.518: [CMS-concurrent-reset-start]
161.518: [CMS-concurrent-reset: 0.000/0.000 secs] [Times: user=0.00 sys=0.00, real=0.00 secs] 
162.259: [GC (Allocation Failure) 162.259: [ParNew: 14643K->0K(18432K), 0.0011565 secs] 21604K->9008K(38912K), 0.0012935 secs] [Times: user=0.00 sys=0.00, real=0.00 secs] 
162.261: [GC (CMS Initial Mark) [1 CMS-initial-mark: 9008K(20480K)] 11057K(38912K), 0.0002424 secs] [Times: user=0.00 sys=0.00, real=0.00 secs] 
162.262: [CMS-concurrent-mark-start]
162.264: [CMS-concurrent-mark: 0.002/0.002 secs] [Times: user=0.00 sys=0.00, real=0.00 secs] 
162.264: [CMS-concurrent-preclean-start]
162.264: [CMS-concurrent-preclean: 0.000/0.000 secs] [Times: user=0.00 sys=0.00, real=0.00 secs] 
162.264: [CMS-concurrent-abortable-preclean-start]
163.177: [GC (Allocation Failure) 163.177: [ParNew: 14650K->0K(18432K), 0.0016990 secs] 23659K->13105K(38912K), 0.0018266 secs] [Times: user=0.00 sys=0.00, real=0.00 secs] 
164.263: [CMS-concurrent-abortable-preclean: 0.003/1.999 secs] [Times: user=0.00 sys=0.00, real=2.00 secs] 
164.263: [GC (CMS Final Remark) [YG occupancy: 10686 K (18432 K)]164.263: [Rescan (parallel) , 0.0005832 secs]164.264: [weak refs processing, 0.0000258 secs]164.264: [class unloading, 0.0004598 secs]164.264: [scrub symbol table, 0.0006121 secs]164.265: [scrub string table, 0.0002013 secs][1 CMS-remark: 13105K(20480K)] 23791K(38912K), 0.0021033 secs] [Times: user=0.00 sys=0.00, real=0.00 secs] 
164.265: [CMS-concurrent-sweep-start]
164.266: [CMS-concurrent-sweep: 0.000/0.000 secs] [Times: user=0.00 sys=0.00, real=0.00 secs] 
164.266: [CMS-concurrent-reset-start]
164.266: [CMS-concurrent-reset: 0.000/0.000 secs] [Times: user=0.00 sys=0.00, real=0.00 secs] 
165.007: [GC (Allocation Failure) 165.007: [ParNew: 14782K->0K(18432K), 0.0012424 secs] 21743K->11057K(38912K), 0.0013528 secs] [Times: user=0.00 sys=0.00, real=0.00 secs] 
165.008: [GC (CMS Initial Mark) [1 CMS-initial-mark: 11057K(20480K)] 13105K(38912K), 0.0005353 secs] [Times: user=0.00 sys=0.00, real=0.00 secs] 
165.009: [CMS-concurrent-mark-start]
165.011: [CMS-concurrent-mark: 0.001/0.001 secs] [Times: user=0.00 sys=0.00, real=0.00 secs] 
165.011: [CMS-concurrent-preclean-start]
165.011: [CMS-concurrent-preclean: 0.000/0.000 secs] [Times: user=0.00 sys=0.00, real=0.00 secs] 
165.011: [CMS-concurrent-abortable-preclean-start]
166.838: [GC (Allocation Failure) 166.838: [ParNew: 14657K->0K(18432K), 0.0007953 secs] 25714K->15153K(38912K), 0.0008532 secs] [Times: user=0.00 sys=0.00, real=0.00 secs] 
167.927: [CMS-concurrent-abortable-preclean: 0.004/2.917 secs] [Times: user=0.00 sys=0.00, real=2.92 secs] 
167.928: [GC (CMS Final Remark) [YG occupancy: 14643 K (18432 K)]167.928: [Rescan (parallel) , 0.0002419 secs]167.928: [weak refs processing, 0.0000215 secs]167.928: [class unloading, 0.0003670 secs]167.928: [scrub symbol table, 0.0005868 secs]167.929: [scrub string table, 0.0002014 secs][1 CMS-remark: 15153K(20480K)] 29796K(38912K), 0.0016699 secs] [Times: user=0.00 sys=0.00, real=0.00 secs] 
167.929: [CMS-concurrent-sweep-start]
167.930: [CMS-concurrent-sweep: 0.001/0.001 secs] [Times: user=0.00 sys=0.00, real=0.00 secs] 
167.930: [CMS-concurrent-reset-start]
167.930: [CMS-concurrent-reset: 0.000/0.000 secs] [Times: user=0.00 sys=0.00, real=0.00 secs] 
168.659: [GC (Allocation Failure) 168.659: [ParNew: 14643K->0K(18432K), 0.0018404 secs] 21604K->9008K(38912K), 0.0019656 secs] [Times: user=0.00 sys=0.00, real=0.00 secs] 
168.661: [GC (CMS Initial Mark) [1 CMS-initial-mark: 9008K(20480K)] 11057K(38912K), 0.0007528 secs] [Times: user=0.00 sys=0.00, real=0.00 secs] 
168.662: [CMS-concurrent-mark-start]
168.664: [CMS-concurrent-mark: 0.002/0.002 secs] [Times: user=0.00 sys=0.00, real=0.00 secs] 
168.664: [CMS-concurrent-preclean-start]
168.664: [CMS-concurrent-preclean: 0.000/0.000 secs] [Times: user=0.00 sys=0.00, real=0.00 secs] 
168.664: [CMS-concurrent-abortable-preclean-start]
169.565: [GC (Allocation Failure) 169.565: [ParNew: 14650K->0K(18432K), 0.0017807 secs] 23659K->13105K(38912K), 0.0018963 secs] [Times: user=0.00 sys=0.00, real=0.00 secs] 
170.652: [CMS-concurrent-abortable-preclean: 0.003/1.988 secs] [Times: user=0.00 sys=0.00, real=1.99 secs] 
170.652: [GC (CMS Final Remark) [YG occupancy: 10686 K (18432 K)]170.652: [Rescan (parallel) , 0.0001015 secs]170.652: [weak refs processing, 0.0000113 secs]170.652: [class unloading, 0.0001769 secs]170.652: [scrub symbol table, 0.0002559 secs]170.652: [scrub string table, 0.0000778 secs][1 CMS-remark: 13105K(20480K)] 23791K(38912K), 0.0007111 secs] [Times: user=0.00 sys=0.00, real=0.00 secs] 
170.652: [CMS-concurrent-sweep-start]
170.653: [CMS-concurrent-sweep: 0.000/0.000 secs] [Times: user=0.00 sys=0.00, real=0.00 secs] 
170.653: [CMS-concurrent-reset-start]
170.653: [CMS-concurrent-reset: 0.000/0.000 secs] [Times: user=0.00 sys=0.00, real=0.00 secs] 
171.381: [GC (Allocation Failure) 171.381: [ParNew: 14782K->0K(18432K), 0.0024646 secs] 21743K->11057K(38912K), 0.0025821 secs] [Times: user=0.00 sys=0.00, real=0.00 secs] 
171.384: [GC (CMS Initial Mark) [1 CMS-initial-mark: 11057K(20480K)] 13105K(38912K), 0.0009619 secs] [Times: user=0.00 sys=0.00, real=0.00 secs] 
171.385: [CMS-concurrent-mark-start]
171.387: [CMS-concurrent-mark: 0.002/0.002 secs] [Times: user=0.00 sys=0.00, real=0.00 secs] 
171.387: [CMS-concurrent-preclean-start]
171.387: [CMS-concurrent-preclean: 0.000/0.000 secs] [Times: user=0.00 sys=0.00, real=0.00 secs] 
171.387: [CMS-concurrent-abortable-preclean-start]
173.202: [GC (Allocation Failure) 173.202: [ParNew: 14657K->0K(18432K), 0.0018460 secs] 25714K->15153K(38912K), 0.0019701 secs] [Times: user=0.00 sys=0.00, real=0.00 secs] 
174.289: [CMS-concurrent-abortable-preclean: 0.004/2.902 secs] [Times: user=0.00 sys=0.00, real=2.90 secs] 
174.289: [GC (CMS Final Remark) [YG occupancy: 14643 K (18432 K)]174.289: [Rescan (parallel) , 0.0002969 secs]174.289: [weak refs processing, 0.0000247 secs]174.289: [class unloading, 0.0003280 secs]174.290: [scrub symbol table, 0.0005743 secs]174.290: [scrub string table, 0.0002059 secs][1 CMS-remark: 15153K(20480K)] 29796K(38912K), 0.0016506 secs] [Times: user=0.00 sys=0.00, real=0.00 secs] 
174.291: [CMS-concurrent-sweep-start]
174.291: [CMS-concurrent-sweep: 0.001/0.001 secs] [Times: user=0.00 sys=0.00, real=0.00 secs] 
174.292: [CMS-concurrent-reset-start]
174.292: [CMS-concurrent-reset: 0.000/0.000 secs] [Times: user=0.00 sys=0.00, real=0.00 secs] 
175.020: [GC (Allocation Failure) 175.020: [ParNew: 14643K->0K(18432K), 0.0015114 secs] 21604K->9008K(38912K), 0.0016361 secs] [Times: user=0.00 sys=0.00, real=0.00 secs] 
175.022: [GC (CMS Initial Mark) [1 CMS-initial-mark: 9008K(20480K)] 11057K(38912K), 0.0009976 secs] [Times: user=0.00 sys=0.00, real=0.00 secs] 
175.023: [CMS-concurrent-mark-start]
175.024: [CMS-concurrent-mark: 0.001/0.001 secs] [Times: user=0.00 sys=0.00, real=0.00 secs] 
175.024: [CMS-concurrent-preclean-start]
175.024: [CMS-concurrent-preclean: 0.000/0.000 secs] [Times: user=0.00 sys=0.00, real=0.00 secs] 
175.024: [CMS-concurrent-abortable-preclean-start]
175.938: [GC (Allocation Failure) 175.939: [ParNew: 14650K->0K(18432K), 0.0008768 secs] 23659K->13105K(38912K), 0.0009339 secs] [Times: user=0.00 sys=0.00, real=0.00 secs] 
177.026: [CMS-concurrent-abortable-preclean: 0.003/2.002 secs] [Times: user=0.00 sys=0.00, real=2.00 secs] 
177.026: [GC (CMS Final Remark) [YG occupancy: 10686 K (18432 K)]177.026: [Rescan (parallel) , 0.0003084 secs]177.026: [weak refs processing, 0.0000230 secs]177.026: [class unloading, 0.0003243 secs]177.027: [scrub symbol table, 0.0005734 secs]177.027: [scrub string table, 0.0002031 secs][1 CMS-remark: 13105K(20480K)] 23791K(38912K), 0.0016458 secs] [Times: user=0.00 sys=0.00, real=0.00 secs] 
177.028: [CMS-concurrent-sweep-start]
177.028: [CMS-concurrent-sweep: 0.001/0.001 secs] [Times: user=0.00 sys=0.00, real=0.00 secs] 
177.028: [CMS-concurrent-reset-start]
177.028: [CMS-concurrent-reset: 0.000/0.000 secs] [Times: user=0.00 sys=0.00, real=0.00 secs] 
177.755: [GC (Allocation Failure) 177.755: [ParNew: 14782K->0K(18432K), 0.0016869 secs] 19695K->9008K(38912K), 0.0018059 secs] [Times: user=0.00 sys=0.00, real=0.00 secs] 
177.757: [GC (CMS Initial Mark) [1 CMS-initial-mark: 9008K(20480K)] 11057K(38912K), 0.0010323 secs] [Times: user=0.00 sys=0.00, real=0.00 secs] 
177.758: [CMS-concurrent-mark-start]
177.759: [CMS-concurrent-mark: 0.001/0.001 secs] [Times: user=0.00 sys=0.00, real=0.00 secs] 
177.759: [CMS-concurrent-preclean-start]
177.760: [CMS-concurrent-preclean: 0.000/0.000 secs] [Times: user=0.00 sys=0.00, real=0.00 secs] 
177.760: [CMS-concurrent-abortable-preclean-start]
179.586: [GC (Allocation Failure) 179.586: [ParNew: 14657K->0K(18432K), 0.0014015 secs] 23666K->13105K(38912K), 0.0015516 secs] [Times: user=0.00 sys=0.00, real=0.00 secs] 
180.674: [CMS-concurrent-abortable-preclean: 0.004/2.915 secs] [Times: user=0.01 sys=0.00, real=2.91 secs] 
180.674: [GC (CMS Final Remark) [YG occupancy: 14643 K (18432 K)]180.675: [Rescan (parallel) , 0.0005298 secs]180.675: [weak refs processing, 0.0000234 secs]180.675: [class unloading, 0.0003033 secs]180.675: [scrub symbol table, 0.0005359 secs]180.676: [scrub string table, 0.0002051 secs][1 CMS-remark: 13105K(20480K)] 27748K(38912K), 0.0018068 secs] [Times: user=0.00 sys=0.00, real=0.00 secs] 
180.677: [CMS-concurrent-sweep-start]
180.677: [CMS-concurrent-sweep: 0.000/0.000 secs] [Times: user=0.00 sys=0.00, real=0.00 secs] 
180.677: [CMS-concurrent-reset-start]
180.677: [CMS-concurrent-reset: 0.000/0.000 secs] [Times: user=0.00 sys=0.00, real=0.00 secs] 
181.403: [GC (Allocation Failure) 181.403: [ParNew: 14643K->0K(18432K), 0.0012612 secs] 21604K->9008K(38912K), 0.0013868 secs] [Times: user=0.00 sys=0.00, real=0.00 secs] 
181.405: [GC (CMS Initial Mark) [1 CMS-initial-mark: 9008K(20480K)] 11057K(38912K), 0.0008073 secs] [Times: user=0.00 sys=0.00, real=0.00 secs] 
181.406: [CMS-concurrent-mark-start]
181.408: [CMS-concurrent-mark: 0.002/0.002 secs] [Times: user=0.00 sys=0.00, real=0.00 secs] 
181.408: [CMS-concurrent-preclean-start]
181.408: [CMS-concurrent-preclean: 0.000/0.000 secs] [Times: user=0.00 sys=0.00, real=0.00 secs] 
181.408: [CMS-concurrent-abortable-preclean-start]
182.321: [GC (Allocation Failure) 182.321: [ParNew: 14650K->0K(18432K), 0.0006521 secs] 23659K->13105K(38912K), 0.0007055 secs] [Times: user=0.00 sys=0.00, real=0.00 secs] 
183.404: [CMS-concurrent-abortable-preclean: 0.003/1.996 secs] [Times: user=0.00 sys=0.00, real=2.00 secs] 
183.404: [GC (CMS Final Remark) [YG occupancy: 10686 K (18432 K)]183.404: [Rescan (parallel) , 0.0003158 secs]183.405: [weak refs processing, 0.0000249 secs]183.405: [class unloading, 0.0003190 secs]183.405: [scrub symbol table, 0.0005883 secs]183.406: [scrub string table, 0.0001989 secs][1 CMS-remark: 13105K(20480K)] 23791K(38912K), 0.0016578 secs] [Times: user=0.00 sys=0.00, real=0.00 secs] 
183.406: [CMS-concurrent-sweep-start]
183.407: [CMS-concurrent-sweep: 0.001/0.001 secs] [Times: user=0.00 sys=0.00, real=0.00 secs] 
183.407: [CMS-concurrent-reset-start]
183.407: [CMS-concurrent-reset: 0.000/0.000 secs] [Times: user=0.00 sys=0.00, real=0.00 secs] 
184.149: [GC (Allocation Failure) 184.149: [ParNew: 14782K->0K(18432K), 0.0012298 secs] 21743K->11057K(38912K), 0.0013460 secs] [Times: user=0.00 sys=0.00, real=0.00 secs] 
184.151: [GC (CMS Initial Mark) [1 CMS-initial-mark: 11057K(20480K)] 13105K(38912K), 0.0010245 secs] [Times: user=0.00 sys=0.00, real=0.00 secs] 
184.152: [CMS-concurrent-mark-start]
184.154: [CMS-concurrent-mark: 0.001/0.001 secs] [Times: user=0.00 sys=0.00, real=0.00 secs] 
184.154: [CMS-concurrent-preclean-start]
184.154: [CMS-concurrent-preclean: 0.000/0.000 secs] [Times: user=0.00 sys=0.00, real=0.00 secs] 
184.154: [CMS-concurrent-abortable-preclean-start]
185.968: [GC (Allocation Failure) 185.968: [ParNew: 14657K->0K(18432K), 0.0021718 secs] 25714K->15153K(38912K), 0.0022834 secs] [Times: user=0.00 sys=0.00, real=0.00 secs] 
187.051: [CMS-concurrent-abortable-preclean: 0.004/2.898 secs] [Times: user=0.00 sys=0.00, real=2.90 secs] 
187.052: [GC (CMS Final Remark) [YG occupancy: 14643 K (18432 K)]187.052: [Rescan (parallel) , 0.0002242 secs]187.052: [weak refs processing, 0.0000155 secs]187.052: [class unloading, 0.0002278 secs]187.052: [scrub symbol table, 0.0003710 secs]187.053: [scrub string table, 0.0001250 secs][1 CMS-remark: 15153K(20480K)] 29796K(38912K), 0.0011178 secs] [Times: user=0.00 sys=0.00, real=0.00 secs] 
187.053: [CMS-concurrent-sweep-start]
187.053: [CMS-concurrent-sweep: 0.000/0.000 secs] [Times: user=0.00 sys=0.00, real=0.00 secs] 
187.053: [CMS-concurrent-reset-start]
187.053: [CMS-concurrent-reset: 0.000/0.000 secs] [Times: user=0.00 sys=0.00, real=0.00 secs] 
187.784: [GC (Allocation Failure) 187.785: [ParNew: 14643K->0K(18432K), 0.0017940 secs] 21604K->9008K(38912K), 0.0019203 secs] [Times: user=0.00 sys=0.00, real=0.00 secs] 
187.787: [GC (CMS Initial Mark) [1 CMS-initial-mark: 9008K(20480K)] 11057K(38912K), 0.0011246 secs] [Times: user=0.00 sys=0.00, real=0.00 secs] 
187.788: [CMS-concurrent-mark-start]
187.790: [CMS-concurrent-mark: 0.002/0.002 secs] [Times: user=0.00 sys=0.00, real=0.00 secs] 
187.790: [CMS-concurrent-preclean-start]
187.790: [CMS-concurrent-preclean: 0.000/0.000 secs] [Times: user=0.00 sys=0.00, real=0.00 secs] 
187.790: [CMS-concurrent-abortable-preclean-start]
188.698: [GC (Allocation Failure) 188.698: [ParNew: 14650K->0K(18432K), 0.0007097 secs] 23659K->13105K(38912K), 0.0007878 secs] [Times: user=0.00 sys=0.00, real=0.00 secs] 
189.787: [CMS-concurrent-abortable-preclean: 0.003/1.997 secs] [Times: user=0.00 sys=0.00, real=2.00 secs] 
189.787: [GC (CMS Final Remark) [YG occupancy: 10686 K (18432 K)]189.787: [Rescan (parallel) , 0.0005036 secs]189.788: [weak refs processing, 0.0000255 secs]189.788: [class unloading, 0.0003171 secs]189.788: [scrub symbol table, 0.0005810 secs]189.789: [scrub string table, 0.0001992 secs][1 CMS-remark: 13105K(20480K)] 23791K(38912K), 0.0018482 secs] [Times: user=0.00 sys=0.00, real=0.00 secs] 
189.790: [CMS-concurrent-sweep-start]
189.790: [CMS-concurrent-sweep: 0.001/0.001 secs] [Times: user=0.00 sys=0.00, real=0.00 secs] 
189.790: [CMS-concurrent-reset-start]
189.790: [CMS-concurrent-reset: 0.000/0.000 secs] [Times: user=0.00 sys=0.00, real=0.00 secs] 
190.518: [GC (Allocation Failure) 190.518: [ParNew: 14782K->0K(18432K), 0.0018896 secs] 19695K->9008K(38912K), 0.0020272 secs] [Times: user=0.00 sys=0.00, real=0.00 secs] 
190.520: [GC (CMS Initial Mark) [1 CMS-initial-mark: 9008K(20480K)] 11057K(38912K), 0.0010924 secs] [Times: user=0.00 sys=0.00, real=0.00 secs] 
190.521: [CMS-concurrent-mark-start]
190.523: [CMS-concurrent-mark: 0.002/0.002 secs] [Times: user=0.00 sys=0.00, real=0.00 secs] 
190.523: [CMS-concurrent-preclean-start]
190.523: [CMS-concurrent-preclean: 0.000/0.000 secs] [Times: user=0.00 sys=0.00, real=0.00 secs] 
190.523: [CMS-concurrent-abortable-preclean-start]
192.349: [GC (Allocation Failure) 192.349: [ParNew: 14657K->0K(18432K), 0.0017307 secs] 23666K->13105K(38912K), 0.0018497 secs] [Times: user=0.00 sys=0.00, real=0.00 secs] 
193.436: [CMS-concurrent-abortable-preclean: 0.004/2.912 secs] [Times: user=0.00 sys=0.00, real=2.91 secs] 
193.436: [GC (CMS Final Remark) [YG occupancy: 14643 K (18432 K)]193.436: [Rescan (parallel) , 0.0005654 secs]193.437: [weak refs processing, 0.0000295 secs]193.437: [class unloading, 0.0003224 secs]193.437: [scrub symbol table, 0.0005683 secs]193.438: [scrub string table, 0.0002028 secs][1 CMS-remark: 13105K(20480K)] 27748K(38912K), 0.0018819 secs] [Times: user=0.00 sys=0.00, real=0.00 secs] 
193.438: [CMS-concurrent-sweep-start]
193.439: [CMS-concurrent-sweep: 0.001/0.001 secs] [Times: user=0.00 sys=0.00, real=0.00 secs] 
193.439: [CMS-concurrent-reset-start]
193.439: [CMS-concurrent-reset: 0.000/0.000 secs] [Times: user=0.00 sys=0.00, real=0.00 secs] 
194.167: [GC (Allocation Failure) 194.167: [ParNew: 14643K->0K(18432K), 0.0011522 secs] 21604K->9008K(38912K), 0.0012763 secs] [Times: user=0.00 sys=0.00, real=0.00 secs] 
194.169: [GC (CMS Initial Mark) [1 CMS-initial-mark: 9008K(20480K)] 11057K(38912K), 0.0005346 secs] [Times: user=0.00 sys=0.00, real=0.00 secs] 
194.170: [CMS-concurrent-mark-start]
194.171: [CMS-concurrent-mark: 0.001/0.001 secs] [Times: user=0.00 sys=0.00, real=0.00 secs] 
194.171: [CMS-concurrent-preclean-start]
194.172: [CMS-concurrent-preclean: 0.000/0.000 secs] [Times: user=0.00 sys=0.00, real=0.00 secs] 
194.172: [CMS-concurrent-abortable-preclean-start]
195.086: [GC (Allocation Failure) 195.086: [ParNew: 14650K->0K(18432K), 0.0019235 secs] 23659K->13105K(38912K), 0.0020530 secs] [Times: user=0.00 sys=0.00, real=0.00 secs] 
196.171: [CMS-concurrent-abortable-preclean: 0.003/1.999 secs] [Times: user=0.00 sys=0.00, real=2.00 secs] 
196.171: [GC (CMS Final Remark) [YG occupancy: 10686 K (18432 K)]196.171: [Rescan (parallel) , 0.0004030 secs]196.171: [weak refs processing, 0.0000272 secs]196.172: [class unloading, 0.0003318 secs]196.172: [scrub symbol table, 0.0005752 secs]196.172: [scrub string table, 0.0002088 secs][1 CMS-remark: 13105K(20480K)] 23791K(38912K), 0.0017597 secs] [Times: user=0.00 sys=0.00, real=0.00 secs] 
196.173: [CMS-concurrent-sweep-start]
196.173: [CMS-concurrent-sweep: 0.000/0.000 secs] [Times: user=0.00 sys=0.00, real=0.00 secs] 
196.174: [CMS-concurrent-reset-start]
196.174: [CMS-concurrent-reset: 0.000/0.000 secs] [Times: user=0.00 sys=0.00, real=0.00 secs] 
196.916: [GC (Allocation Failure) 196.916: [ParNew: 14782K->0K(18432K), 0.0013444 secs] 21743K->11057K(38912K), 0.0014737 secs] [Times: user=0.00 sys=0.00, real=0.00 secs] 
196.918: [GC (CMS Initial Mark) [1 CMS-initial-mark: 11057K(20480K)] 13105K(38912K), 0.0010878 secs] [Times: user=0.00 sys=0.00, real=0.00 secs] 
196.919: [CMS-concurrent-mark-start]
196.921: [CMS-concurrent-mark: 0.002/0.002 secs] [Times: user=0.00 sys=0.00, real=0.00 secs] 
196.921: [CMS-concurrent-preclean-start]
196.921: [CMS-concurrent-preclean: 0.000/0.000 secs] [Times: user=0.00 sys=0.00, real=0.00 secs] 
196.921: [CMS-concurrent-abortable-preclean-start]
198.744: [GC (Allocation Failure) 198.744: [ParNew: 14657K->0K(18432K), 0.0018604 secs] 25714K->15153K(38912K), 0.0019808 secs] [Times: user=0.00 sys=0.00, real=0.00 secs] 
199.833: [CMS-concurrent-abortable-preclean: 0.004/2.912 secs] [Times: user=0.02 sys=0.00, real=2.91 secs] 
199.833: [GC (CMS Final Remark) [YG occupancy: 14643 K (18432 K)]199.833: [Rescan (parallel) , 0.0003013 secs]199.833: [weak refs processing, 0.0000235 secs]199.833: [class unloading, 0.0003079 secs]199.834: [scrub symbol table, 0.0005311 secs]199.834: [scrub string table, 0.0002019 secs][1 CMS-remark: 15153K(20480K)] 29796K(38912K), 0.0015863 secs] [Times: user=0.00 sys=0.00, real=0.00 secs] 
199.835: [CMS-concurrent-sweep-start]
199.835: [CMS-concurrent-sweep: 0.001/0.001 secs] [Times: user=0.00 sys=0.00, real=0.00 secs] 
199.835: [CMS-concurrent-reset-start]
199.835: [CMS-concurrent-reset: 0.000/0.000 secs] [Times: user=0.00 sys=0.00, real=0.00 secs] 
200.564: [GC (Allocation Failure) 200.564: [ParNew: 14643K->0K(18432K), 0.0013489 secs] 21604K->9008K(38912K), 0.0014732 secs] [Times: user=0.13 sys=0.00, real=0.00 secs] 
200.566: [GC (CMS Initial Mark) [1 CMS-initial-mark: 9008K(20480K)] 11057K(38912K), 0.0006987 secs] [Times: user=0.00 sys=0.00, real=0.00 secs] 
200.567: [CMS-concurrent-mark-start]
200.568: [CMS-concurrent-mark: 0.002/0.002 secs] [Times: user=0.00 sys=0.00, real=0.00 secs] 
200.569: [CMS-concurrent-preclean-start]
200.569: [CMS-concurrent-preclean: 0.000/0.000 secs] [Times: user=0.00 sys=0.00, real=0.00 secs] 
200.569: [CMS-concurrent-abortable-preclean-start]
201.484: [GC (Allocation Failure) 201.484: [ParNew: 14650K->0K(18432K), 0.0012830 secs] 23659K->13105K(38912K), 0.0014051 secs] [Times: user=0.00 sys=0.00, real=0.00 secs] 
202.567: [CMS-concurrent-abortable-preclean: 0.003/1.998 secs] [Times: user=0.00 sys=0.00, real=2.00 secs] 
202.567: [GC (CMS Final Remark) [YG occupancy: 10686 K (18432 K)]202.567: [Rescan (parallel) , 0.0005469 secs]202.567: [weak refs processing, 0.0000256 secs]202.568: [class unloading, 0.0003285 secs]202.568: [scrub symbol table, 0.0005667 secs]202.568: [scrub string table, 0.0002041 secs][1 CMS-remark: 13105K(20480K)] 23791K(38912K), 0.0018736 secs] [Times: user=0.00 sys=0.00, real=0.00 secs] 
202.569: [CMS-concurrent-sweep-start]
202.570: [CMS-concurrent-sweep: 0.001/0.001 secs] [Times: user=0.00 sys=0.00, real=0.00 secs] 
202.570: [CMS-concurrent-reset-start]
202.570: [CMS-concurrent-reset: 0.000/0.000 secs] [Times: user=0.00 sys=0.00, real=0.00 secs] 
203.313: [GC (Allocation Failure) 203.313: [ParNew: 14782K->0K(18432K), 0.0026164 secs] 21743K->11057K(38912K), 0.0027376 secs] [Times: user=0.13 sys=0.00, real=0.00 secs] 
203.316: [GC (CMS Initial Mark) [1 CMS-initial-mark: 11057K(20480K)] 13105K(38912K), 0.0007056 secs] [Times: user=0.00 sys=0.00, real=0.00 secs] 
203.316: [CMS-concurrent-mark-start]
203.318: [CMS-concurrent-mark: 0.001/0.001 secs] [Times: user=0.00 sys=0.00, real=0.00 secs] 
203.318: [CMS-concurrent-preclean-start]
203.318: [CMS-concurrent-preclean: 0.000/0.000 secs] [Times: user=0.00 sys=0.00, real=0.00 secs] 
203.318: [CMS-concurrent-abortable-preclean-start]
205.147: [GC (Allocation Failure) 205.147: [ParNew: 14657K->0K(18432K), 0.0016998 secs] 25714K->15153K(38912K), 0.0018157 secs] [Times: user=0.00 sys=0.00, real=0.00 secs] 
206.230: [CMS-concurrent-abortable-preclean: 0.004/2.911 secs] [Times: user=0.00 sys=0.00, real=2.91 secs] 
206.230: [GC (CMS Final Remark) [YG occupancy: 14643 K (18432 K)]206.230: [Rescan (parallel) , 0.0002109 secs]206.230: [weak refs processing, 0.0000209 secs]206.230: [class unloading, 0.0003134 secs]206.230: [scrub symbol table, 0.0005313 secs]206.231: [scrub string table, 0.0001859 secs][1 CMS-remark: 15153K(20480K)] 29796K(38912K), 0.0014606 secs] [Times: user=0.00 sys=0.00, real=0.00 secs] 
206.232: [CMS-concurrent-sweep-start]
206.232: [CMS-concurrent-sweep: 0.000/0.000 secs] [Times: user=0.00 sys=0.00, real=0.00 secs] 
206.232: [CMS-concurrent-reset-start]
206.232: [CMS-concurrent-reset: 0.000/0.000 secs] [Times: user=0.00 sys=0.00, real=0.00 secs] 
206.963: [GC (Allocation Failure) 206.963: [ParNew: 14643K->0K(18432K), 0.0016639 secs] 21604K->9008K(38912K), 0.0017841 secs] [Times: user=0.00 sys=0.00, real=0.00 secs] 
206.966: [GC (CMS Initial Mark) [1 CMS-initial-mark: 9008K(20480K)] 11057K(38912K), 0.0010397 secs] [Times: user=0.00 sys=0.00, real=0.00 secs] 
206.967: [CMS-concurrent-mark-start]
206.968: [CMS-concurrent-mark: 0.001/0.001 secs] [Times: user=0.00 sys=0.00, real=0.00 secs] 
206.968: [CMS-concurrent-preclean-start]
206.969: [CMS-concurrent-preclean: 0.000/0.000 secs] [Times: user=0.00 sys=0.00, real=0.00 secs] 
206.969: [CMS-concurrent-abortable-preclean-start]
207.882: [GC (Allocation Failure) 207.883: [ParNew: 14650K->0K(18432K), 0.0014367 secs] 23659K->13105K(38912K), 0.0015514 secs] [Times: user=0.00 sys=0.00, real=0.00 secs] 
208.963: [CMS-concurrent-abortable-preclean: 0.003/1.994 secs] [Times: user=0.00 sys=0.00, real=1.99 secs] 
208.963: [GC (CMS Final Remark) [YG occupancy: 10686 K (18432 K)]208.963: [Rescan (parallel) , 0.0002241 secs]208.963: [weak refs processing, 0.0000246 secs]208.963: [class unloading, 0.0003265 secs]208.964: [scrub symbol table, 0.0005642 secs]208.964: [scrub string table, 0.0001877 secs][1 CMS-remark: 13105K(20480K)] 23791K(38912K), 0.0015493 secs] [Times: user=0.00 sys=0.00, real=0.00 secs] 
208.965: [CMS-concurrent-sweep-start]
208.965: [CMS-concurrent-sweep: 0.000/0.000 secs] [Times: user=0.00 sys=0.00, real=0.00 secs] 
208.965: [CMS-concurrent-reset-start]
208.965: [CMS-concurrent-reset: 0.000/0.000 secs] [Times: user=0.00 sys=0.00, real=0.00 secs] 
209.696: [GC (Allocation Failure) 209.696: [ParNew: 14782K->0K(18432K), 0.0020682 secs] 19695K->9008K(38912K), 0.0021853 secs] [Times: user=0.00 sys=0.00, real=0.00 secs] 
209.699: [GC (CMS Initial Mark) [1 CMS-initial-mark: 9008K(20480K)] 11057K(38912K), 0.0009489 secs] [Times: user=0.00 sys=0.00, real=0.00 secs] 
209.700: [CMS-concurrent-mark-start]
209.701: [CMS-concurrent-mark: 0.001/0.001 secs] [Times: user=0.00 sys=0.00, real=0.00 secs] 
209.701: [CMS-concurrent-preclean-start]
209.701: [CMS-concurrent-preclean: 0.000/0.000 secs] [Times: user=0.00 sys=0.00, real=0.00 secs] 
209.701: [CMS-concurrent-abortable-preclean-start]
211.504: [GC (Allocation Failure) 211.504: [ParNew: 14657K->0K(18432K), 0.0018551 secs] 23666K->13105K(38912K), 0.0019783 secs] [Times: user=0.00 sys=0.00, real=0.00 secs] 
212.590: [CMS-concurrent-abortable-preclean: 0.004/2.890 secs] [Times: user=0.00 sys=0.00, real=2.89 secs] 
212.591: [GC (CMS Final Remark) [YG occupancy: 14643 K (18432 K)]212.591: [Rescan (parallel) , 0.0004774 secs]212.591: [weak refs processing, 0.0000250 secs]212.591: [class unloading, 0.0003269 secs]212.592: [scrub symbol table, 0.0005773 secs]212.592: [scrub string table, 0.0002000 secs][1 CMS-remark: 13105K(20480K)] 27748K(38912K), 0.0018073 secs] [Times: user=0.00 sys=0.00, real=0.00 secs] 
212.593: [CMS-concurrent-sweep-start]
212.593: [CMS-concurrent-sweep: 0.001/0.001 secs] [Times: user=0.00 sys=0.00, real=0.00 secs] 
212.593: [CMS-concurrent-reset-start]
212.593: [CMS-concurrent-reset: 0.000/0.000 secs] [Times: user=0.00 sys=0.00, real=0.00 secs] 
213.320: [GC (Allocation Failure) 213.320: [ParNew: 14643K->0K(18432K), 0.0005805 secs] 21604K->9008K(38912K), 0.0006508 secs] [Times: user=0.00 sys=0.00, real=0.00 secs] 
213.320: [GC (CMS Initial Mark) [1 CMS-initial-mark: 9008K(20480K)] 11057K(38912K), 0.0001005 secs] [Times: user=0.00 sys=0.00, real=0.00 secs] 
213.320: [CMS-concurrent-mark-start]
213.321: [CMS-concurrent-mark: 0.001/0.001 secs] [Times: user=0.00 sys=0.00, real=0.00 secs] 
213.321: [CMS-concurrent-preclean-start]
213.321: [CMS-concurrent-preclean: 0.000/0.000 secs] [Times: user=0.00 sys=0.00, real=0.00 secs] 
213.321: [CMS-concurrent-abortable-preclean-start]
214.234: [GC (Allocation Failure) 214.234: [ParNew: 14650K->0K(18432K), 0.0017812 secs] 23659K->13105K(38912K), 0.0018985 secs] [Times: user=0.00 sys=0.00, real=0.00 secs] 
215.326: [CMS-concurrent-abortable-preclean: 0.003/2.004 secs] [Times: user=0.00 sys=0.00, real=2.00 secs] 
215.326: [GC (CMS Final Remark) [YG occupancy: 10686 K (18432 K)]215.326: [Rescan (parallel) , 0.0006462 secs]215.327: [weak refs processing, 0.0000124 secs]215.327: [class unloading, 0.0001890 secs]215.327: [scrub symbol table, 0.0002573 secs]215.327: [scrub string table, 0.0000777 secs][1 CMS-remark: 13105K(20480K)] 23791K(38912K), 0.0013066 secs] [Times: user=0.00 sys=0.00, real=0.00 secs] 
215.327: [CMS-concurrent-sweep-start]
215.327: [CMS-concurrent-sweep: 0.000/0.000 secs] [Times: user=0.00 sys=0.00, real=0.00 secs] 
215.327: [CMS-concurrent-reset-start]
215.327: [CMS-concurrent-reset: 0.000/0.000 secs] [Times: user=0.00 sys=0.00, real=0.00 secs] 
216.040: [GC (Allocation Failure) 216.040: [ParNew: 14782K->0K(18432K), 0.0016261 secs] 19695K->9008K(38912K), 0.0017470 secs] [Times: user=0.00 sys=0.00, real=0.00 secs] 
216.042: [GC (CMS Initial Mark) [1 CMS-initial-mark: 9008K(20480K)] 11057K(38912K), 0.0010823 secs] [Times: user=0.00 sys=0.00, real=0.00 secs] 
216.043: [CMS-concurrent-mark-start]
216.045: [CMS-concurrent-mark: 0.002/0.002 secs] [Times: user=0.00 sys=0.00, real=0.00 secs] 
216.045: [CMS-concurrent-preclean-start]
216.045: [CMS-concurrent-preclean: 0.000/0.000 secs] [Times: user=0.00 sys=0.00, real=0.00 secs] 
216.045: [CMS-concurrent-abortable-preclean-start]
217.858: [GC (Allocation Failure) 217.858: [ParNew: 14657K->0K(18432K), 0.0007934 secs] 23666K->13105K(38912K), 0.0008490 secs] [Times: user=0.00 sys=0.00, real=0.00 secs] 
218.949: [CMS-concurrent-abortable-preclean: 0.004/2.904 secs] [Times: user=0.00 sys=0.00, real=2.90 secs] 
218.949: [GC (CMS Final Remark) [YG occupancy: 14643 K (18432 K)]218.949: [Rescan (parallel) , 0.0002483 secs]218.949: [weak refs processing, 0.0000268 secs]218.949: [class unloading, 0.0003297 secs]218.950: [scrub symbol table, 0.0005701 secs]218.950: [scrub string table, 0.0001986 secs][1 CMS-remark: 13105K(20480K)] 27748K(38912K), 0.0015947 secs] [Times: user=0.00 sys=0.00, real=0.00 secs] 
218.951: [CMS-concurrent-sweep-start]
218.951: [CMS-concurrent-sweep: 0.000/0.000 secs] [Times: user=0.00 sys=0.00, real=0.00 secs] 
218.951: [CMS-concurrent-reset-start]
218.951: [CMS-concurrent-reset: 0.000/0.000 secs] [Times: user=0.00 sys=0.00, real=0.00 secs] 
219.678: [GC (Allocation Failure) 219.678: [ParNew: 14643K->0K(18432K), 0.0012611 secs] 21604K->9008K(38912K), 0.0013847 secs] [Times: user=0.00 sys=0.00, real=0.00 secs] 
219.680: [GC (CMS Initial Mark) [1 CMS-initial-mark: 9008K(20480K)] 11057K(38912K), 0.0010788 secs] [Times: user=0.00 sys=0.00, real=0.00 secs] 
219.681: [CMS-concurrent-mark-start]
219.682: [CMS-concurrent-mark: 0.002/0.002 secs] [Times: user=0.00 sys=0.00, real=0.00 secs] 
219.682: [CMS-concurrent-preclean-start]
219.683: [CMS-concurrent-preclean: 0.000/0.000 secs] [Times: user=0.00 sys=0.00, real=0.00 secs] 
219.683: [CMS-concurrent-abortable-preclean-start]
220.597: [GC (Allocation Failure) 220.597: [ParNew: 14650K->0K(18432K), 0.0017474 secs] 23659K->13105K(38912K), 0.0018635 secs] [Times: user=0.00 sys=0.00, real=0.00 secs] 
221.678: [CMS-concurrent-abortable-preclean: 0.003/1.995 secs] [Times: user=0.01 sys=0.00, real=1.99 secs] 
221.678: [GC (CMS Final Remark) [YG occupancy: 10686 K (18432 K)]221.678: [Rescan (parallel) , 0.0004813 secs]221.678: [weak refs processing, 0.0000270 secs]221.679: [class unloading, 0.0002988 secs]221.679: [scrub symbol table, 0.0005280 secs]221.679: [scrub string table, 0.0001953 secs][1 CMS-remark: 13105K(20480K)] 23791K(38912K), 0.0017241 secs] [Times: user=0.00 sys=0.00, real=0.00 secs] 
221.680: [CMS-concurrent-sweep-start]
221.680: [CMS-concurrent-sweep: 0.000/0.000 secs] [Times: user=0.00 sys=0.00, real=0.00 secs] 
221.681: [CMS-concurrent-reset-start]
221.681: [CMS-concurrent-reset: 0.000/0.000 secs] [Times: user=0.00 sys=0.00, real=0.00 secs] 
222.421: [GC (Allocation Failure) 222.421: [ParNew: 14782K->0K(18432K), 0.0016397 secs] 21743K->11057K(38912K), 0.0017731 secs] [Times: user=0.00 sys=0.00, real=0.00 secs] 
222.423: [GC (CMS Initial Mark) [1 CMS-initial-mark: 11057K(20480K)] 13105K(38912K), 0.0010961 secs] [Times: user=0.00 sys=0.00, real=0.00 secs] 
222.424: [CMS-concurrent-mark-start]
222.426: [CMS-concurrent-mark: 0.002/0.002 secs] [Times: user=0.00 sys=0.00, real=0.00 secs] 
222.426: [CMS-concurrent-preclean-start]
222.426: [CMS-concurrent-preclean: 0.000/0.000 secs] [Times: user=0.00 sys=0.00, real=0.00 secs] 
222.426: [CMS-concurrent-abortable-preclean-start]
224.251: [GC (Allocation Failure) 224.251: [ParNew: 14657K->0K(18432K), 0.0019285 secs] 25714K->15153K(38912K), 0.0020440 secs] [Times: user=0.13 sys=0.00, real=0.00 secs] 
225.341: [CMS-concurrent-abortable-preclean: 0.004/2.915 secs] [Times: user=0.13 sys=0.00, real=2.92 secs] 
225.341: [GC (CMS Final Remark) [YG occupancy: 14643 K (18432 K)]225.341: [Rescan (parallel) , 0.0001414 secs]225.341: [weak refs processing, 0.0000145 secs]225.342: [class unloading, 0.0002334 secs]225.342: [scrub symbol table, 0.0002699 secs]225.342: [scrub string table, 0.0000806 secs][1 CMS-remark: 15153K(20480K)] 29796K(38912K), 0.0008559 secs] [Times: user=0.00 sys=0.00, real=0.00 secs] 
225.342: [CMS-concurrent-sweep-start]
225.342: [CMS-concurrent-sweep: 0.000/0.000 secs] [Times: user=0.00 sys=0.00, real=0.00 secs] 
225.343: [CMS-concurrent-reset-start]
225.343: [CMS-concurrent-reset: 0.000/0.000 secs] [Times: user=0.00 sys=0.00, real=0.00 secs] 
226.070: [GC (Allocation Failure) 226.070: [ParNew: 14643K->0K(18432K), 0.0012617 secs] 21604K->9008K(38912K), 0.0013851 secs] [Times: user=0.00 sys=0.00, real=0.00 secs] 
226.072: [GC (CMS Initial Mark) [1 CMS-initial-mark: 9008K(20480K)] 11057K(38912K), 0.0010146 secs] [Times: user=0.00 sys=0.00, real=0.00 secs] 
226.073: [CMS-concurrent-mark-start]
226.075: [CMS-concurrent-mark: 0.002/0.002 secs] [Times: user=0.00 sys=0.00, real=0.00 secs] 
226.075: [CMS-concurrent-preclean-start]
226.075: [CMS-concurrent-preclean: 0.000/0.000 secs] [Times: user=0.00 sys=0.00, real=0.00 secs] 
226.075: [CMS-concurrent-abortable-preclean-start]
226.984: [GC (Allocation Failure) 226.984: [ParNew: 14650K->0K(18432K), 0.0014374 secs] 23659K->13105K(38912K), 0.0015596 secs] [Times: user=0.00 sys=0.00, real=0.00 secs] 
228.066: [CMS-concurrent-abortable-preclean: 0.003/1.991 secs] [Times: user=0.00 sys=0.00, real=1.99 secs] 
228.066: [GC (CMS Final Remark) [YG occupancy: 10686 K (18432 K)]228.066: [Rescan (parallel) , 0.0004396 secs]228.066: [weak refs processing, 0.0000232 secs]228.066: [class unloading, 0.0003252 secs]228.067: [scrub symbol table, 0.0005670 secs]228.067: [scrub string table, 0.0002050 secs][1 CMS-remark: 13105K(20480K)] 23791K(38912K), 0.0017546 secs] [Times: user=0.00 sys=0.00, real=0.00 secs] 
228.068: [CMS-concurrent-sweep-start]
228.068: [CMS-concurrent-sweep: 0.001/0.001 secs] [Times: user=0.00 sys=0.00, real=0.00 secs] 
228.068: [CMS-concurrent-reset-start]
228.068: [CMS-concurrent-reset: 0.000/0.000 secs] [Times: user=0.00 sys=0.00, real=0.00 secs] 
228.811: [GC (Allocation Failure) 228.811: [ParNew: 14782K->0K(18432K), 0.0021360 secs] 19695K->9008K(38912K), 0.0022584 secs] [Times: user=0.00 sys=0.00, real=0.00 secs] 
228.813: [GC (CMS Initial Mark) [1 CMS-initial-mark: 9008K(20480K)] 11057K(38912K), 0.0008040 secs] [Times: user=0.00 sys=0.00, real=0.00 secs] 
228.814: [CMS-concurrent-mark-start]
228.816: [CMS-concurrent-mark: 0.001/0.001 secs] [Times: user=0.03 sys=0.00, real=0.00 secs] 
228.816: [CMS-concurrent-preclean-start]
228.816: [CMS-concurrent-preclean: 0.000/0.000 secs] [Times: user=0.00 sys=0.00, real=0.00 secs] 
228.816: [CMS-concurrent-abortable-preclean-start]
230.630: [GC (Allocation Failure) 230.630: [ParNew: 14657K->0K(18432K), 0.0015331 secs] 23666K->13105K(38912K), 0.0016707 secs] [Times: user=0.00 sys=0.00, real=0.00 secs] 
231.709: [CMS-concurrent-abortable-preclean: 0.004/2.893 secs] [Times: user=0.00 sys=0.00, real=2.89 secs] 
231.710: [GC (CMS Final Remark) [YG occupancy: 14643 K (18432 K)]231.710: [Rescan (parallel) , 0.0006876 secs]231.711: [weak refs processing, 0.0000254 secs]231.711: [class unloading, 0.0003200 secs]231.711: [scrub symbol table, 0.0005344 secs]231.711: [scrub string table, 0.0001934 secs][1 CMS-remark: 13105K(20480K)] 27748K(38912K), 0.0019645 secs] [Times: user=0.00 sys=0.00, real=0.00 secs] 
231.712: [CMS-concurrent-sweep-start]
231.712: [CMS-concurrent-sweep: 0.000/0.000 secs] [Times: user=0.00 sys=0.00, real=0.00 secs] 
231.712: [CMS-concurrent-reset-start]
231.712: [CMS-concurrent-reset: 0.000/0.000 secs] [Times: user=0.00 sys=0.00, real=0.00 secs] 
232.454: [GC (Allocation Failure) 232.454: [ParNew: 14643K->0K(18432K), 0.0008237 secs] 21604K->9008K(38912K), 0.0008978 secs] [Times: user=0.00 sys=0.00, real=0.00 secs] 
232.455: [GC (CMS Initial Mark) [1 CMS-initial-mark: 9008K(20480K)] 11057K(38912K), 0.0006261 secs] [Times: user=0.02 sys=0.00, real=0.00 secs] 
232.456: [CMS-concurrent-mark-start]
232.456: [CMS-concurrent-mark: 0.001/0.001 secs] [Times: user=0.00 sys=0.00, real=0.00 secs] 
232.456: [CMS-concurrent-preclean-start]
232.456: [CMS-concurrent-preclean: 0.000/0.000 secs] [Times: user=0.00 sys=0.00, real=0.00 secs] 
232.456: [CMS-concurrent-abortable-preclean-start]
233.365: [GC (Allocation Failure) 233.365: [ParNew: 14650K->0K(18432K), 0.0014306 secs] 23659K->13105K(38912K), 0.0015495 secs] [Times: user=0.00 sys=0.00, real=0.00 secs] 
234.452: [CMS-concurrent-abortable-preclean: 0.003/1.996 secs] [Times: user=0.00 sys=0.00, real=2.00 secs] 
234.452: [GC (CMS Final Remark) [YG occupancy: 10686 K (18432 K)]234.452: [Rescan (parallel) , 0.0001884 secs]234.452: [weak refs processing, 0.0000204 secs]234.452: [class unloading, 0.0003189 secs]234.453: [scrub symbol table, 0.0004159 secs]234.453: [scrub string table, 0.0001394 secs][1 CMS-remark: 13105K(20480K)] 23791K(38912K), 0.0012295 secs] [Times: user=0.00 sys=0.00, real=0.00 secs] 
234.454: [CMS-concurrent-sweep-start]
234.454: [CMS-concurrent-sweep: 0.000/0.000 secs] [Times: user=0.00 sys=0.00, real=0.00 secs] 
234.454: [CMS-concurrent-reset-start]
234.454: [CMS-concurrent-reset: 0.000/0.000 secs] [Times: user=0.00 sys=0.00, real=0.00 secs] 
235.170: [GC (Allocation Failure) 235.170: [ParNew: 14782K->0K(18432K), 0.0016298 secs] 19695K->9008K(38912K), 0.0017459 secs] [Times: user=0.00 sys=0.00, real=0.00 secs] 
235.172: [GC (CMS Initial Mark) [1 CMS-initial-mark: 9008K(20480K)] 11057K(38912K), 0.0009693 secs] [Times: user=0.00 sys=0.00, real=0.00 secs] 
235.173: [CMS-concurrent-mark-start]
235.174: [CMS-concurrent-mark: 0.001/0.001 secs] [Times: user=0.03 sys=0.00, real=0.00 secs] 
235.174: [CMS-concurrent-preclean-start]
235.174: [CMS-concurrent-preclean: 0.000/0.000 secs] [Times: user=0.00 sys=0.00, real=0.00 secs] 
235.174: [CMS-concurrent-abortable-preclean-start]
236.990: [GC (Allocation Failure) 236.990: [ParNew: 14657K->0K(18432K), 0.0017113 secs] 23666K->13105K(38912K), 0.0018382 secs] [Times: user=0.00 sys=0.00, real=0.00 secs] 
238.075: [CMS-concurrent-abortable-preclean: 0.004/2.900 secs] [Times: user=0.00 sys=0.00, real=2.90 secs] 
238.075: [GC (CMS Final Remark) [YG occupancy: 14643 K (18432 K)]238.075: [Rescan (parallel) , 0.0002875 secs]238.075: [weak refs processing, 0.0000245 secs]238.075: [class unloading, 0.0003346 secs]238.076: [scrub symbol table, 0.0005711 secs]238.076: [scrub string table, 0.0002002 secs][1 CMS-remark: 13105K(20480K)] 27748K(38912K), 0.0016525 secs] [Times: user=0.00 sys=0.00, real=0.00 secs] 
238.077: [CMS-concurrent-sweep-start]
238.077: [CMS-concurrent-sweep: 0.001/0.001 secs] [Times: user=0.00 sys=0.00, real=0.00 secs] 
238.078: [CMS-concurrent-reset-start]
238.078: [CMS-concurrent-reset: 0.000/0.000 secs] [Times: user=0.00 sys=0.00, real=0.00 secs] 
238.805: [GC (Allocation Failure) 238.805: [ParNew: 14643K->0K(18432K), 0.0013625 secs] 21604K->9008K(38912K), 0.0015002 secs] [Times: user=0.00 sys=0.00, real=0.00 secs] 
238.807: [GC (CMS Initial Mark) [1 CMS-initial-mark: 9008K(20480K)] 11057K(38912K), 0.0007718 secs] [Times: user=0.00 sys=0.00, real=0.00 secs] 
238.808: [CMS-concurrent-mark-start]
238.809: [CMS-concurrent-mark: 0.001/0.001 secs] [Times: user=0.00 sys=0.00, real=0.00 secs] 
238.810: [CMS-concurrent-preclean-start]
238.810: [CMS-concurrent-preclean: 0.000/0.000 secs] [Times: user=0.00 sys=0.00, real=0.00 secs] 
238.810: [CMS-concurrent-abortable-preclean-start]
239.709: [GC (Allocation Failure) 239.709: [ParNew: 14650K->0K(18432K), 0.0020188 secs] 23659K->13105K(38912K), 0.0021327 secs] [Times: user=0.00 sys=0.00, real=0.00 secs] 
240.792: [CMS-concurrent-abortable-preclean: 0.003/1.982 secs] [Times: user=0.00 sys=0.00, real=1.98 secs] 
240.792: [GC (CMS Final Remark) [YG occupancy: 10686 K (18432 K)]240.792: [Rescan (parallel) , 0.0002390 secs]240.793: [weak refs processing, 0.0000246 secs]240.793: [class unloading, 0.0003202 secs]240.793: [scrub symbol table, 0.0005696 secs]240.794: [scrub string table, 0.0002063 secs][1 CMS-remark: 13105K(20480K)] 23791K(38912K), 0.0015809 secs] [Times: user=0.00 sys=0.00, real=0.00 secs] 
240.794: [CMS-concurrent-sweep-start]
240.795: [CMS-concurrent-sweep: 0.001/0.001 secs] [Times: user=0.00 sys=0.00, real=0.00 secs] 
240.795: [CMS-concurrent-reset-start]
240.795: [CMS-concurrent-reset: 0.000/0.000 secs] [Times: user=0.00 sys=0.00, real=0.00 secs] 
241.536: [GC (Allocation Failure) 241.537: [ParNew: 14782K->0K(18432K), 0.0007175 secs] 19695K->9008K(38912K), 0.0008241 secs] [Times: user=0.00 sys=0.00, real=0.00 secs] 
241.538: [GC (CMS Initial Mark) [1 CMS-initial-mark: 9008K(20480K)] 13426K(38912K), 0.0008344 secs] [Times: user=0.00 sys=0.00, real=0.00 secs] 
241.539: [CMS-concurrent-mark-start]
241.539: [CMS-concurrent-mark: 0.001/0.001 secs] [Times: user=0.00 sys=0.00, real=0.00 secs] 
241.539: [CMS-concurrent-preclean-start]
241.539: [CMS-concurrent-preclean: 0.000/0.000 secs] [Times: user=0.00 sys=0.00, real=0.00 secs] 
241.539: [CMS-concurrent-abortable-preclean-start]
243.352: [GC (Allocation Failure) 243.352: [ParNew: 14657K->0K(18432K), 0.0020462 secs] 23666K->13105K(38912K), 0.0021612 secs] [Times: user=0.00 sys=0.00, real=0.00 secs] 
244.438: [CMS-concurrent-abortable-preclean: 0.004/2.898 secs] [Times: user=0.00 sys=0.00, real=2.90 secs] 
244.438: [GC (CMS Final Remark) [YG occupancy: 14643 K (18432 K)]244.438: [Rescan (parallel) , 0.0009508 secs]244.439: [weak refs processing, 0.0000250 secs]244.439: [class unloading, 0.0003159 secs]244.439: [scrub symbol table, 0.0005639 secs]244.440: [scrub string table, 0.0002011 secs][1 CMS-remark: 13105K(20480K)] 27748K(38912K), 0.0022508 secs] [Times: user=0.01 sys=0.00, real=0.00 secs] 
244.440: [CMS-concurrent-sweep-start]
244.441: [CMS-concurrent-sweep: 0.001/0.001 secs] [Times: user=0.00 sys=0.00, real=0.00 secs] 
244.441: [CMS-concurrent-reset-start]
244.441: [CMS-concurrent-reset: 0.000/0.000 secs] [Times: user=0.00 sys=0.00, real=0.00 secs] 
245.180: [GC (Allocation Failure) 245.180: [ParNew: 14643K->0K(18432K), 0.0012615 secs] 21604K->9008K(38912K), 0.0013922 secs] [Times: user=0.00 sys=0.00, real=0.00 secs] 
245.182: [GC (CMS Initial Mark) [1 CMS-initial-mark: 9008K(20480K)] 11057K(38912K), 0.0008538 secs] [Times: user=0.00 sys=0.00, real=0.00 secs] 
245.183: [CMS-concurrent-mark-start]
245.185: [CMS-concurrent-mark: 0.001/0.001 secs] [Times: user=0.00 sys=0.00, real=0.00 secs] 
245.185: [CMS-concurrent-preclean-start]
245.185: [CMS-concurrent-preclean: 0.000/0.000 secs] [Times: user=0.00 sys=0.00, real=0.00 secs] 
245.185: [CMS-concurrent-abortable-preclean-start]
246.091: [GC (Allocation Failure) 246.092: [ParNew: 14650K->0K(18432K), 0.0014391 secs] 23659K->13105K(38912K), 0.0015670 secs] [Times: user=0.00 sys=0.00, real=0.00 secs] 
247.178: [CMS-concurrent-abortable-preclean: 0.003/1.993 secs] [Times: user=0.00 sys=0.00, real=1.99 secs] 
247.178: [GC (CMS Final Remark) [YG occupancy: 10686 K (18432 K)]247.178: [Rescan (parallel) , 0.0007370 secs]247.179: [weak refs processing, 0.0000251 secs]247.179: [class unloading, 0.0003193 secs]247.180: [scrub symbol table, 0.0005551 secs]247.180: [scrub string table, 0.0001852 secs][1 CMS-remark: 13105K(20480K)] 23791K(38912K), 0.0020345 secs] [Times: user=0.00 sys=0.00, real=0.00 secs] 
247.181: [CMS-concurrent-sweep-start]
247.181: [CMS-concurrent-sweep: 0.001/0.001 secs] [Times: user=0.00 sys=0.00, real=0.00 secs] 
247.181: [CMS-concurrent-reset-start]
247.181: [CMS-concurrent-reset: 0.000/0.000 secs] [Times: user=0.00 sys=0.00, real=0.00 secs] 
247.914: [GC (Allocation Failure) 247.914: [ParNew: 14782K->0K(18432K), 0.0006860 secs] 21743K->11057K(38912K), 0.0007300 secs] [Times: user=0.00 sys=0.00, real=0.00 secs] 
247.915: [GC (CMS Initial Mark) [1 CMS-initial-mark: 11057K(20480K)] 15474K(38912K), 0.0000841 secs] [Times: user=0.00 sys=0.00, real=0.00 secs] 
247.915: [CMS-concurrent-mark-start]
247.916: [CMS-concurrent-mark: 0.001/0.001 secs] [Times: user=0.00 sys=0.00, real=0.00 secs] 
247.916: [CMS-concurrent-preclean-start]
247.916: [CMS-concurrent-preclean: 0.000/0.000 secs] [Times: user=0.00 sys=0.00, real=0.00 secs] 
247.916: [CMS-concurrent-abortable-preclean-start]
249.726: [GC (Allocation Failure) 249.726: [ParNew: 14657K->0K(18432K), 0.0018330 secs] 25714K->15153K(38912K), 0.0019653 secs] [Times: user=0.00 sys=0.00, real=0.00 secs] 
250.809: [CMS-concurrent-abortable-preclean: 0.004/2.893 secs] [Times: user=0.00 sys=0.00, real=2.89 secs] 
250.809: [GC (CMS Final Remark) [YG occupancy: 14643 K (18432 K)]250.809: [Rescan (parallel) , 0.0004329 secs]250.810: [weak refs processing, 0.0000235 secs]250.810: [class unloading, 0.0003315 secs]250.810: [scrub symbol table, 0.0005733 secs]250.811: [scrub string table, 0.0002027 secs][1 CMS-remark: 15153K(20480K)] 29796K(38912K), 0.0017697 secs] [Times: user=0.00 sys=0.00, real=0.00 secs] 
250.811: [CMS-concurrent-sweep-start]
250.812: [CMS-concurrent-sweep: 0.000/0.000 secs] [Times: user=0.00 sys=0.00, real=0.00 secs] 
250.812: [CMS-concurrent-reset-start]
250.812: [CMS-concurrent-reset: 0.000/0.000 secs] [Times: user=0.00 sys=0.00, real=0.00 secs] 
251.541: [GC (Allocation Failure) 251.541: [ParNew: 14643K->0K(18432K), 0.0013489 secs] 21604K->9008K(38912K), 0.0014674 secs] [Times: user=0.00 sys=0.00, real=0.00 secs] 
251.543: [GC (CMS Initial Mark) [1 CMS-initial-mark: 9008K(20480K)] 11057K(38912K), 0.0005396 secs] [Times: user=0.00 sys=0.00, real=0.00 secs] 
251.543: [CMS-concurrent-mark-start]
251.545: [CMS-concurrent-mark: 0.001/0.001 secs] [Times: user=0.00 sys=0.00, real=0.00 secs] 
251.545: [CMS-concurrent-preclean-start]
251.545: [CMS-concurrent-preclean: 0.000/0.000 secs] [Times: user=0.00 sys=0.00, real=0.00 secs] 
251.545: [CMS-concurrent-abortable-preclean-start]
252.454: [GC (Allocation Failure) 252.454: [ParNew: 14650K->0K(18432K), 0.0017238 secs] 23659K->13105K(38912K), 0.0018434 secs] [Times: user=0.11 sys=0.00, real=0.00 secs] 
253.535: [CMS-concurrent-abortable-preclean: 0.003/1.989 secs] [Times: user=0.11 sys=0.00, real=1.99 secs] 
253.535: [GC (CMS Final Remark) [YG occupancy: 10686 K (18432 K)]253.535: [Rescan (parallel) , 0.0002369 secs]253.535: [weak refs processing, 0.0000328 secs]253.535: [class unloading, 0.0003326 secs]253.536: [scrub symbol table, 0.0005706 secs]253.536: [scrub string table, 0.0001998 secs][1 CMS-remark: 13105K(20480K)] 23791K(38912K), 0.0015931 secs] [Times: user=0.00 sys=0.00, real=0.00 secs] 
253.537: [CMS-concurrent-sweep-start]
253.537: [CMS-concurrent-sweep: 0.001/0.001 secs] [Times: user=0.00 sys=0.00, real=0.00 secs] 
253.537: [CMS-concurrent-reset-start]
253.537: [CMS-concurrent-reset: 0.000/0.000 secs] [Times: user=0.00 sys=0.00, real=0.00 secs] 
254.279: [GC (Allocation Failure) 254.279: [ParNew: 14782K->0K(18432K), 0.0029553 secs] 21743K->11057K(38912K), 0.0030732 secs] [Times: user=0.00 sys=0.00, real=0.00 secs] 
254.283: [GC (CMS Initial Mark) [1 CMS-initial-mark: 11057K(20480K)] 13105K(38912K), 0.0011164 secs] [Times: user=0.00 sys=0.00, real=0.00 secs] 
254.284: [CMS-concurrent-mark-start]
254.286: [CMS-concurrent-mark: 0.002/0.002 secs] [Times: user=0.00 sys=0.00, real=0.00 secs] 
254.286: [CMS-concurrent-preclean-start]
254.286: [CMS-concurrent-preclean: 0.000/0.000 secs] [Times: user=0.00 sys=0.00, real=0.00 secs] 
254.286: [CMS-concurrent-abortable-preclean-start]
256.110: [GC (Allocation Failure) 256.110: [ParNew: 14657K->0K(18432K), 0.0017022 secs] 25714K->15153K(38912K), 0.0018272 secs] [Times: user=0.00 sys=0.00, real=0.00 secs] 
257.194: [CMS-concurrent-abortable-preclean: 0.004/2.908 secs] [Times: user=0.00 sys=0.00, real=2.91 secs] 
257.194: [GC (CMS Final Remark) [YG occupancy: 14643 K (18432 K)]257.194: [Rescan (parallel) , 0.0002280 secs]257.194: [weak refs processing, 0.0000296 secs]257.194: [class unloading, 0.0003926 secs]257.195: [scrub symbol table, 0.0006499 secs]257.196: [scrub string table, 0.0002353 secs][1 CMS-remark: 15153K(20480K)] 29796K(38912K), 0.0017882 secs] [Times: user=0.00 sys=0.00, real=0.00 secs] 
257.196: [CMS-concurrent-sweep-start]
257.197: [CMS-concurrent-sweep: 0.001/0.001 secs] [Times: user=0.00 sys=0.00, real=0.00 secs] 
257.197: [CMS-concurrent-reset-start]
257.197: [CMS-concurrent-reset: 0.000/0.000 secs] [Times: user=0.00 sys=0.00, real=0.00 secs] 
257.939: [GC (Allocation Failure) 257.940: [ParNew: 14643K->0K(18432K), 0.0014780 secs] 21604K->9008K(38912K), 0.0016278 secs] [Times: user=0.13 sys=0.00, real=0.00 secs] 
257.941: [GC (CMS Initial Mark) [1 CMS-initial-mark: 9008K(20480K)] 11057K(38912K), 0.0004026 secs] [Times: user=0.00 sys=0.00, real=0.00 secs] 
257.942: [CMS-concurrent-mark-start]
257.943: [CMS-concurrent-mark: 0.001/0.001 secs] [Times: user=0.00 sys=0.00, real=0.00 secs] 
257.944: [CMS-concurrent-preclean-start]
257.944: [CMS-concurrent-preclean: 0.000/0.000 secs] [Times: user=0.00 sys=0.00, real=0.00 secs] 
257.944: [CMS-concurrent-abortable-preclean-start]
258.854: [GC (Allocation Failure) 258.854: [ParNew: 14650K->0K(18432K), 0.0013293 secs] 23659K->13105K(38912K), 0.0014501 secs] [Times: user=0.00 sys=0.00, real=0.00 secs] 
259.939: [CMS-concurrent-abortable-preclean: 0.003/1.995 secs] [Times: user=0.00 sys=0.00, real=2.00 secs] 
259.939: [GC (CMS Final Remark) [YG occupancy: 10686 K (18432 K)]259.939: [Rescan (parallel) , 0.0003601 secs]259.939: [weak refs processing, 0.0000258 secs]259.939: [class unloading, 0.0003418 secs]259.940: [scrub symbol table, 0.0005716 secs]259.940: [scrub string table, 0.0002057 secs][1 CMS-remark: 13105K(20480K)] 23791K(38912K), 0.0017250 secs] [Times: user=0.00 sys=0.01, real=0.00 secs] 
259.941: [CMS-concurrent-sweep-start]
259.941: [CMS-concurrent-sweep: 0.001/0.001 secs] [Times: user=0.00 sys=0.00, real=0.00 secs] 
259.941: [CMS-concurrent-reset-start]
259.941: [CMS-concurrent-reset: 0.000/0.000 secs] [Times: user=0.00 sys=0.00, real=0.00 secs] 
260.670: [GC (Allocation Failure) 260.670: [ParNew: 14782K->0K(18432K), 0.0012762 secs] 21743K->11057K(38912K), 0.0013373 secs] [Times: user=0.00 sys=0.00, real=0.00 secs] 
260.671: [GC (CMS Initial Mark) [1 CMS-initial-mark: 11057K(20480K)] 13105K(38912K), 0.0007844 secs] [Times: user=0.00 sys=0.00, real=0.00 secs] 
260.672: [CMS-concurrent-mark-start]
260.673: [CMS-concurrent-mark: 0.001/0.001 secs] [Times: user=0.00 sys=0.00, real=0.00 secs] 
260.673: [CMS-concurrent-preclean-start]
260.673: [CMS-concurrent-preclean: 0.000/0.000 secs] [Times: user=0.00 sys=0.00, real=0.00 secs] 
260.673: [CMS-concurrent-abortable-preclean-start]
262.496: [GC (Allocation Failure) 262.496: [ParNew: 14657K->0K(18432K), 0.0013084 secs] 25714K->15153K(38912K), 0.0014297 secs] [Times: user=0.00 sys=0.00, real=0.00 secs] 
263.576: [CMS-concurrent-abortable-preclean: 0.004/2.904 secs] [Times: user=0.00 sys=0.00, real=2.90 secs] 
263.577: [GC (CMS Final Remark) [YG occupancy: 14643 K (18432 K)]263.577: [Rescan (parallel) , 0.0005534 secs]263.577: [weak refs processing, 0.0000248 secs]263.577: [class unloading, 0.0003269 secs]263.578: [scrub symbol table, 0.0005750 secs]263.578: [scrub string table, 0.0002032 secs][1 CMS-remark: 15153K(20480K)] 29796K(38912K), 0.0018974 secs] [Times: user=0.00 sys=0.00, real=0.00 secs] 
263.579: [CMS-concurrent-sweep-start]
263.579: [CMS-concurrent-sweep: 0.001/0.001 secs] [Times: user=0.00 sys=0.00, real=0.00 secs] 
263.579: [CMS-concurrent-reset-start]
263.579: [CMS-concurrent-reset: 0.000/0.000 secs] [Times: user=0.00 sys=0.00, real=0.00 secs] 
264.319: [GC (Allocation Failure) 264.319: [ParNew: 14643K->0K(18432K), 0.0013141 secs] 21604K->9008K(38912K), 0.0014738 secs] [Times: user=0.00 sys=0.00, real=0.00 secs] 
264.321: [GC (CMS Initial Mark) [1 CMS-initial-mark: 9008K(20480K)] 11057K(38912K), 0.0005594 secs] [Times: user=0.00 sys=0.00, real=0.00 secs] 
264.322: [CMS-concurrent-mark-start]
264.323: [CMS-concurrent-mark: 0.002/0.002 secs] [Times: user=0.00 sys=0.00, real=0.00 secs] 
264.323: [CMS-concurrent-preclean-start]
264.324: [CMS-concurrent-preclean: 0.000/0.000 secs] [Times: user=0.00 sys=0.00, real=0.00 secs] 
264.324: [CMS-concurrent-abortable-preclean-start]
265.238: [GC (Allocation Failure) 265.238: [ParNew: 14650K->0K(18432K), 0.0016377 secs] 23659K->11057K(38912K), 0.0017593 secs] [Times: user=0.00 sys=0.00, real=0.00 secs] 
266.331: [CMS-concurrent-abortable-preclean: 0.003/2.007 secs] [Times: user=0.01 sys=0.00, real=2.01 secs] 
266.331: [GC (CMS Final Remark) [YG occupancy: 10558 K (18432 K)]266.331: [Rescan (parallel) , 0.0001044 secs]266.331: [weak refs processing, 0.0000121 secs]266.331: [class unloading, 0.0001884 secs]266.331: [scrub symbol table, 0.0002675 secs]266.331: [scrub string table, 0.0000833 secs][1 CMS-remark: 11057K(20480K)] 21615K(38912K), 0.0007475 secs] [Times: user=0.00 sys=0.00, real=0.00 secs] 
266.332: [CMS-concurrent-sweep-start]
266.332: [CMS-concurrent-sweep: 0.000/0.000 secs] [Times: user=0.00 sys=0.00, real=0.00 secs] 
266.332: [CMS-concurrent-reset-start]
266.332: [CMS-concurrent-reset: 0.000/0.000 secs] [Times: user=0.00 sys=0.00, real=0.00 secs] 
267.044: [GC (Allocation Failure) 267.044: [ParNew: 14654K->0K(18432K), 0.0016168 secs] 19567K->6960K(38912K), 0.0017363 secs] [Times: user=0.00 sys=0.00, real=0.00 secs] 
268.867: [GC (Allocation Failure) 268.867: [ParNew: 14656K->0K(18432K), 0.0014130 secs] 21617K->9008K(38912K), 0.0015326 secs] [Times: user=0.00 sys=0.00, real=0.00 secs] 
270.697: [GC (Allocation Failure) 270.697: [ParNew: 14658K->0K(18432K), 0.0011599 secs] 23667K->11057K(38912K), 0.0012903 secs] [Times: user=0.00 sys=0.00, real=0.00 secs] 
271.611: [GC (Allocation Failure) 271.611: [ParNew: 14659K->0K(18432K), 0.0011574 secs] 25716K->13105K(38912K), 0.0012754 secs] [Times: user=0.11 sys=0.00, real=0.00 secs] 
271.612: [GC (CMS Initial Mark) [1 CMS-initial-mark: 13105K(20480K)] 15153K(38912K), 0.0010374 secs] [Times: user=0.00 sys=0.00, real=0.00 secs] 
271.614: [CMS-concurrent-mark-start]
271.615: [CMS-concurrent-mark: 0.001/0.001 secs] [Times: user=0.00 sys=0.00, real=0.00 secs] 
271.615: [CMS-concurrent-preclean-start]
271.615: [CMS-concurrent-preclean: 0.000/0.000 secs] [Times: user=0.00 sys=0.00, real=0.00 secs] 
271.615: [CMS-concurrent-abortable-preclean-start]
273.424: [GC (Allocation Failure) 273.424: [ParNew: 14660K->0K(18432K), 0.0014459 secs] 27765K->15153K(38912K), 0.0015683 secs] [Times: user=0.00 sys=0.00, real=0.00 secs] 
274.510: [CMS-concurrent-abortable-preclean: 0.004/2.895 secs] [Times: user=0.02 sys=0.00, real=2.90 secs] 
274.511: [GC (CMS Final Remark) [YG occupancy: 12612 K (18432 K)]274.511: [Rescan (parallel) , 0.0005679 secs]274.511: [weak refs processing, 0.0000257 secs]274.511: [class unloading, 0.0003462 secs]274.512: [scrub symbol table, 0.0006219 secs]274.512: [scrub string table, 0.0002183 secs][1 CMS-remark: 15153K(20480K)] 27765K(38912K), 0.0020014 secs] [Times: user=0.00 sys=0.00, real=0.00 secs] 
274.513: [CMS-concurrent-sweep-start]
274.514: [CMS-concurrent-sweep: 0.001/0.001 secs] [Times: user=0.00 sys=0.00, real=0.00 secs] 
274.514: [CMS-concurrent-reset-start]
274.514: [CMS-concurrent-reset: 0.000/0.000 secs] [Times: user=0.00 sys=0.00, real=0.00 secs] 
275.243: [GC (Allocation Failure) 275.243: [ParNew: 14660K->0K(18432K), 0.0014626 secs] 17525K->4912K(38912K), 0.0015825 secs] [Times: user=0.00 sys=0.00, real=0.00 secs] 
277.062: [GC (Allocation Failure) 277.062: [ParNew: 14660K->0K(18432K), 0.0013369 secs] 19573K->6960K(38912K), 0.0014666 secs] [Times: user=0.00 sys=0.00, real=0.00 secs] 
277.979: [GC (Allocation Failure) 277.979: [ParNew: 14661K->0K(18432K), 0.0012840 secs] 21622K->9008K(38912K), 0.0014021 secs] [Times: user=0.00 sys=0.00, real=0.00 secs] 
279.798: [GC (Allocation Failure) 279.798: [ParNew: 14661K->0K(18432K), 0.0012548 secs] 23670K->11057K(38912K), 0.0013872 secs] [Times: user=0.00 sys=0.02, real=0.00 secs] 
281.624: [GC (Allocation Failure) 281.624: [ParNew: 14660K->0K(18432K), 0.0011157 secs] 25717K->13105K(38912K), 0.0012294 secs] [Times: user=0.00 sys=0.00, real=0.00 secs] 
281.626: [GC (CMS Initial Mark) [1 CMS-initial-mark: 13105K(20480K)] 15153K(38912K), 0.0010302 secs] [Times: user=0.00 sys=0.00, real=0.00 secs] 
281.627: [CMS-concurrent-mark-start]
281.629: [CMS-concurrent-mark: 0.001/0.001 secs] [Times: user=0.00 sys=0.00, real=0.00 secs] 
281.629: [CMS-concurrent-preclean-start]
281.629: [CMS-concurrent-preclean: 0.000/0.000 secs] [Times: user=0.00 sys=0.00, real=0.00 secs] 
281.629: [CMS-concurrent-abortable-preclean-start]
283.440: [GC (Allocation Failure) 283.440: [ParNew: 14661K->0K(18432K), 0.0014043 secs] 27766K->15153K(38912K), 0.0015475 secs] [Times: user=0.11 sys=0.00, real=0.00 secs] 
283.655: [CMS-concurrent-abortable-preclean: 0.003/2.026 secs] [Times: user=0.11 sys=0.00, real=2.03 secs] 
283.655: [GC (CMS Final Remark) [YG occupancy: 8517 K (18432 K)]283.655: [Rescan (parallel) , 0.0002734 secs]283.656: [weak refs processing, 0.0000214 secs]283.656: [class unloading, 0.0003170 secs]283.656: [scrub symbol table, 0.0005321 secs]283.656: [scrub string table, 0.0001854 secs][1 CMS-remark: 15153K(20480K)] 23670K(38912K), 0.0015430 secs] [Times: user=0.00 sys=0.00, real=0.00 secs] 
283.657: [CMS-concurrent-sweep-start]
283.658: [CMS-concurrent-sweep: 0.001/0.001 secs] [Times: user=0.00 sys=0.00, real=0.00 secs] 
283.658: [CMS-concurrent-reset-start]
283.658: [CMS-concurrent-reset: 0.000/0.000 secs] [Times: user=0.00 sys=0.00, real=0.00 secs] 
284.354: [GC (Allocation Failure) 284.354: [ParNew: 14661K->0K(18432K), 0.0009529 secs] 17526K->4912K(38912K), 0.0010555 secs] [Times: user=0.00 sys=0.00, real=0.00 secs] 
286.186: [GC (Allocation Failure) 286.186: [ParNew: 14661K->0K(18432K), 0.0016483 secs] 19574K->6960K(38912K), 0.0017627 secs] [Times: user=0.00 sys=0.00, real=0.00 secs] 
287.990: [GC (Allocation Failure) 287.991: [ParNew: 14660K->0K(18432K), 0.0012728 secs] 21621K->9008K(38912K), 0.0014196 secs] [Times: user=0.00 sys=0.00, real=0.00 secs] 
289.822: [GC (Allocation Failure) 289.822: [ParNew: 14661K->0K(18432K), 0.0015646 secs] 23670K->11057K(38912K), 0.0016884 secs] [Times: user=0.00 sys=0.00, real=0.00 secs] 
290.741: [GC (Allocation Failure) 290.741: [ParNew: 14661K->0K(18432K), 0.0015451 secs] 25718K->13105K(38912K), 0.0016586 secs] [Times: user=0.00 sys=0.00, real=0.00 secs] 
290.743: [GC (CMS Initial Mark) [1 CMS-initial-mark: 13105K(20480K)] 15153K(38912K), 0.0011074 secs] [Times: user=0.00 sys=0.00, real=0.00 secs] 
290.744: [CMS-concurrent-mark-start]
290.746: [CMS-concurrent-mark: 0.002/0.002 secs] [Times: user=0.00 sys=0.00, real=0.00 secs] 
290.746: [CMS-concurrent-preclean-start]
290.746: [CMS-concurrent-preclean: 0.000/0.000 secs] [Times: user=0.00 sys=0.00, real=0.00 secs] 
290.746: [CMS-concurrent-abortable-preclean-start]
292.568: [GC (Allocation Failure) 292.568: [ParNew: 14661K->0K(18432K), 0.0019738 secs] 27766K->15153K(38912K), 0.0021063 secs] [Times: user=0.00 sys=0.00, real=0.00 secs] 
293.656: [CMS-concurrent-abortable-preclean: 0.004/2.910 secs] [Times: user=0.00 sys=0.00, real=2.91 secs] 
293.656: [GC (CMS Final Remark) [YG occupancy: 12612 K (18432 K)]293.656: [Rescan (parallel) , 0.0004659 secs]293.657: [weak refs processing, 0.0000234 secs]293.657: [class unloading, 0.0003168 secs]293.657: [scrub symbol table, 0.0005319 secs]293.658: [scrub string table, 0.0001993 secs][1 CMS-remark: 15153K(20480K)] 27766K(38912K), 0.0017368 secs] [Times: user=0.00 sys=0.00, real=0.00 secs] 
293.658: [CMS-concurrent-sweep-start]
293.659: [CMS-concurrent-sweep: 0.001/0.001 secs] [Times: user=0.00 sys=0.00, real=0.00 secs] 
293.659: [CMS-concurrent-reset-start]
293.659: [CMS-concurrent-reset: 0.000/0.000 secs] [Times: user=0.00 sys=0.00, real=0.00 secs] 
294.401: [GC (Allocation Failure) 294.401: [ParNew: 14661K->0K(18432K), 0.0012290 secs] 17525K->4912K(38912K), 0.0013501 secs] [Times: user=0.00 sys=0.00, real=0.00 secs] 
296.208: [GC (Allocation Failure) 296.208: [ParNew: 14661K->0K(18432K), 0.0014161 secs] 19574K->6960K(38912K), 0.0015552 secs] [Times: user=0.00 sys=0.00, real=0.00 secs] 
297.115: [GC (Allocation Failure) 297.115: [ParNew: 14661K->0K(18432K), 0.0015552 secs] 21622K->9008K(38912K), 0.0016794 secs] [Times: user=0.00 sys=0.00, real=0.00 secs] 
298.936: [GC (Allocation Failure) 298.936: [ParNew: 14661K->0K(18432K), 0.0007155 secs] 23670K->11057K(38912K), 0.0007592 secs] [Times: user=0.00 sys=0.00, real=0.00 secs] 
300.767: [GC (Allocation Failure) 300.767: [ParNew: 14661K->0K(18432K), 0.0014267 secs] 25718K->13105K(38912K), 0.0015516 secs] [Times: user=0.02 sys=0.00, real=0.00 secs] 
300.769: [GC (CMS Initial Mark) [1 CMS-initial-mark: 13105K(20480K)] 15153K(38912K), 0.0009347 secs] [Times: user=0.00 sys=0.00, real=0.00 secs] 
300.770: [CMS-concurrent-mark-start]
300.772: [CMS-concurrent-mark: 0.002/0.002 secs] [Times: user=0.00 sys=0.00, real=0.00 secs] 
300.772: [CMS-concurrent-preclean-start]
300.772: [CMS-concurrent-preclean: 0.000/0.000 secs] [Times: user=0.00 sys=0.00, real=0.00 secs] 
300.772: [CMS-concurrent-abortable-preclean-start]
302.588: [GC (Allocation Failure) 302.588: [ParNew: 14661K->0K(18432K), 0.0013485 secs] 27766K->15153K(38912K), 0.0014796 secs] [Times: user=0.00 sys=0.00, real=0.00 secs] 
302.803: [CMS-concurrent-abortable-preclean: 0.003/2.031 secs] [Times: user=0.00 sys=0.00, real=2.03 secs] 
302.803: [GC (CMS Final Remark) [YG occupancy: 8517 K (18432 K)]302.803: [Rescan (parallel) , 0.0006057 secs]302.804: [weak refs processing, 0.0000255 secs]302.804: [class unloading, 0.0003522 secs]302.804: [scrub symbol table, 0.0006332 secs]302.805: [scrub string table, 0.0002147 secs][1 CMS-remark: 15153K(20480K)] 23670K(38912K), 0.0020762 secs] [Times: user=0.00 sys=0.00, real=0.00 secs] 
302.805: [CMS-concurrent-sweep-start]
302.806: [CMS-concurrent-sweep: 0.001/0.001 secs] [Times: user=0.00 sys=0.00, real=0.00 secs] 
302.806: [CMS-concurrent-reset-start]
302.806: [CMS-concurrent-reset: 0.000/0.000 secs] [Times: user=0.00 sys=0.00, real=0.00 secs] 
303.507: [GC (Allocation Failure) 303.507: [ParNew: 14661K->0K(18432K), 0.0014494 secs] 17526K->4912K(38912K), 0.0015767 secs] [Times: user=0.00 sys=0.00, real=0.00 secs] 
305.335: [GC (Allocation Failure) 305.335: [ParNew: 14661K->0K(18432K), 0.0007645 secs] 19574K->6960K(38912K), 0.0008235 secs] [Times: user=0.00 sys=0.00, real=0.00 secs] 
307.148: [GC (Allocation Failure) 307.148: [ParNew: 14661K->0K(18432K), 0.0005661 secs] 21621K->9008K(38912K), 0.0006157 secs] [Times: user=0.00 sys=0.00, real=0.00 secs] 
308.956: [GC (Allocation Failure) 308.957: [ParNew: 14661K->0K(18432K), 0.0016029 secs] 23670K->11057K(38912K), 0.0017224 secs] [Times: user=0.00 sys=0.00, real=0.00 secs] 
309.862: [GC (Allocation Failure) 309.862: [ParNew: 14661K->0K(18432K), 0.0007131 secs] 25718K->13105K(38912K), 0.0007688 secs] [Times: user=0.00 sys=0.00, real=0.00 secs] 
309.863: [GC (CMS Initial Mark) [1 CMS-initial-mark: 13105K(20480K)] 15153K(38912K), 0.0001264 secs] [Times: user=0.00 sys=0.00, real=0.00 secs] 
309.863: [CMS-concurrent-mark-start]
309.864: [CMS-concurrent-mark: 0.001/0.001 secs] [Times: user=0.00 sys=0.00, real=0.00 secs] 
309.864: [CMS-concurrent-preclean-start]
309.864: [CMS-concurrent-preclean: 0.000/0.000 secs] [Times: user=0.00 sys=0.00, real=0.00 secs] 
309.864: [CMS-concurrent-abortable-preclean-start]
311.685: [GC (Allocation Failure) 311.685: [ParNew: 14661K->0K(18432K), 0.0016425 secs] 27766K->15153K(38912K), 0.0017658 secs] [Times: user=0.00 sys=0.00, real=0.00 secs] 
312.777: [CMS-concurrent-abortable-preclean: 0.004/2.913 secs] [Times: user=0.00 sys=0.00, real=2.91 secs] 
312.777: [GC (CMS Final Remark) [YG occupancy: 12613 K (18432 K)]312.778: [Rescan (parallel) , 0.0003324 secs]312.778: [weak refs processing, 0.0000262 secs]312.778: [class unloading, 0.0003323 secs]312.778: [scrub symbol table, 0.0005711 secs]312.779: [scrub string table, 0.0002023 secs][1 CMS-remark: 15153K(20480K)] 27766K(38912K), 0.0016797 secs] [Times: user=0.00 sys=0.00, real=0.00 secs] 
312.779: [CMS-concurrent-sweep-start]
312.780: [CMS-concurrent-sweep: 0.001/0.001 secs] [Times: user=0.00 sys=0.00, real=0.00 secs] 
312.780: [CMS-concurrent-reset-start]
312.780: [CMS-concurrent-reset: 0.000/0.000 secs] [Times: user=0.00 sys=0.00, real=0.00 secs] 
313.504: [GC (Allocation Failure) 313.504: [ParNew: 14661K->0K(18432K), 0.0017387 secs] 17525K->4912K(38912K), 0.0018629 secs] [Times: user=0.00 sys=0.00, real=0.00 secs] 
315.321: [GC (Allocation Failure) 315.321: [ParNew: 14661K->0K(18432K), 0.0020523 secs] 19574K->6960K(38912K), 0.0021899 secs] [Times: user=0.00 sys=0.00, real=0.00 secs] 
316.240: [GC (Allocation Failure) 316.240: [ParNew: 14661K->0K(18432K), 0.0014792 secs] 21622K->9008K(38912K), 0.0015951 secs] [Times: user=0.00 sys=0.00, real=0.00 secs] 
318.068: [GC (Allocation Failure) 318.068: [ParNew: 14661K->0K(18432K), 0.0008375 secs] 23670K->11057K(38912K), 0.0008872 secs] [Times: user=0.00 sys=0.00, real=0.00 secs] 
319.891: [GC (Allocation Failure) 319.891: [ParNew: 14661K->0K(18432K), 0.0007834 secs] 25718K->13105K(38912K), 0.0008387 secs] [Times: user=0.00 sys=0.00, real=0.00 secs] 
319.892: [GC (CMS Initial Mark) [1 CMS-initial-mark: 13105K(20480K)] 15153K(38912K), 0.0008760 secs] [Times: user=0.00 sys=0.00, real=0.00 secs] 
319.893: [CMS-concurrent-mark-start]
319.894: [CMS-concurrent-mark: 0.001/0.001 secs] [Times: user=0.00 sys=0.00, real=0.00 secs] 
319.894: [CMS-concurrent-preclean-start]
319.894: [CMS-concurrent-preclean: 0.000/0.000 secs] [Times: user=0.00 sys=0.00, real=0.00 secs] 
319.894: [CMS-concurrent-abortable-preclean-start]
321.709: [GC (Allocation Failure) 321.709: [ParNew: 14661K->0K(18432K), 0.0016090 secs] 27766K->15153K(38912K), 0.0017360 secs] [Times: user=0.00 sys=0.00, real=0.00 secs] 
321.924: [CMS-concurrent-abortable-preclean: 0.003/2.030 secs] [Times: user=0.00 sys=0.00, real=2.03 secs] 
321.925: [GC (CMS Final Remark) [YG occupancy: 8517 K (18432 K)]321.925: [Rescan (parallel) , 0.0003286 secs]321.925: [weak refs processing, 0.0000280 secs]321.925: [class unloading, 0.0003397 secs]321.925: [scrub symbol table, 0.0005694 secs]321.926: [scrub string table, 0.0001996 secs][1 CMS-remark: 15153K(20480K)] 23670K(38912K), 0.0016941 secs] [Times: user=0.00 sys=0.00, real=0.00 secs] 
321.926: [CMS-concurrent-sweep-start]
321.927: [CMS-concurrent-sweep: 0.001/0.001 secs] [Times: user=0.00 sys=0.00, real=0.00 secs] 
321.927: [CMS-concurrent-reset-start]
321.927: [CMS-concurrent-reset: 0.000/0.000 secs] [Times: user=0.00 sys=0.00, real=0.00 secs] 
322.624: [GC (Allocation Failure) 322.624: [ParNew: 14661K->0K(18432K), 0.0018130 secs] 17526K->4912K(38912K), 0.0019278 secs] [Times: user=0.00 sys=0.00, real=0.00 secs] 
324.453: [GC (Allocation Failure) 324.453: [ParNew: 14661K->0K(18432K), 0.0021980 secs] 19574K->6960K(38912K), 0.0023300 secs] [Times: user=0.00 sys=0.00, real=0.00 secs] 
326.270: [GC (Allocation Failure) 326.271: [ParNew: 14661K->0K(18432K), 0.0011472 secs] 21621K->9008K(38912K), 0.0013585 secs] [Times: user=0.00 sys=0.00, real=0.00 secs] 
328.096: [GC (Allocation Failure) 328.096: [ParNew: 14661K->0K(18432K), 0.0012848 secs] 23670K->11057K(38912K), 0.0014284 secs] [Times: user=0.00 sys=0.00, real=0.00 secs] 
329.012: [GC (Allocation Failure) 329.012: [ParNew: 14661K->0K(18432K), 0.0008355 secs] 25718K->13105K(38912K), 0.0009135 secs] [Times: user=0.00 sys=0.00, real=0.00 secs] 
329.013: [GC (CMS Initial Mark) [1 CMS-initial-mark: 13105K(20480K)] 15153K(38912K), 0.0008885 secs] [Times: user=0.00 sys=0.00, real=0.00 secs] 
329.014: [CMS-concurrent-mark-start]
329.015: [CMS-concurrent-mark: 0.001/0.001 secs] [Times: user=0.00 sys=0.00, real=0.00 secs] 
329.015: [CMS-concurrent-preclean-start]
329.015: [CMS-concurrent-preclean: 0.000/0.000 secs] [Times: user=0.00 sys=0.00, real=0.00 secs] 
329.015: [CMS-concurrent-abortable-preclean-start]
330.819: [GC (Allocation Failure) 330.820: [ParNew: 14661K->0K(18432K), 0.0012547 secs] 27766K->15153K(38912K), 0.0013765 secs] [Times: user=0.00 sys=0.00, real=0.00 secs] 
331.902: [CMS-concurrent-abortable-preclean: 0.004/2.887 secs] [Times: user=0.00 sys=0.00, real=2.89 secs] 
331.902: [GC (CMS Final Remark) [YG occupancy: 12613 K (18432 K)]331.902: [Rescan (parallel) , 0.0005196 secs]331.903: [weak refs processing, 0.0000322 secs]331.903: [class unloading, 0.0003118 secs]331.903: [scrub symbol table, 0.0005339 secs]331.904: [scrub string table, 0.0002021 secs][1 CMS-remark: 15153K(20480K)] 27766K(38912K), 0.0017913 secs] [Times: user=0.00 sys=0.00, real=0.00 secs] 
331.904: [CMS-concurrent-sweep-start]
331.905: [CMS-concurrent-sweep: 0.001/0.001 secs] [Times: user=0.00 sys=0.00, real=0.00 secs] 
331.905: [CMS-concurrent-reset-start]
331.905: [CMS-concurrent-reset: 0.000/0.000 secs] [Times: user=0.00 sys=0.00, real=0.00 secs] 
332.634: [GC (Allocation Failure) 332.634: [ParNew: 14661K->0K(18432K), 0.0014256 secs] 17525K->4912K(38912K), 0.0015466 secs] [Times: user=0.00 sys=0.00, real=0.00 secs] 
334.465: [GC (Allocation Failure) 334.465: [ParNew: 14661K->0K(18432K), 0.0012058 secs] 19574K->6960K(38912K), 0.0013270 secs] [Times: user=0.00 sys=0.00, real=0.00 secs] 
335.382: [GC (Allocation Failure) 335.382: [ParNew: 14661K->0K(18432K), 0.0016123 secs] 21622K->9008K(38912K), 0.0017376 secs] [Times: user=0.00 sys=0.00, real=0.00 secs] 
337.216: [GC (Allocation Failure) 337.216: [ParNew: 14661K->0K(18432K), 0.0013304 secs] 23670K->11057K(38912K), 0.0014568 secs] [Times: user=0.00 sys=0.00, real=0.00 secs] 
339.037: [GC (Allocation Failure) 339.037: [ParNew: 14661K->0K(18432K), 0.0013867 secs] 25718K->13105K(38912K), 0.0015072 secs] [Times: user=0.00 sys=0.00, real=0.00 secs] 
339.039: [GC (CMS Initial Mark) [1 CMS-initial-mark: 13105K(20480K)] 15153K(38912K), 0.0010440 secs] [Times: user=0.00 sys=0.00, real=0.00 secs] 
339.040: [CMS-concurrent-mark-start]
339.041: [CMS-concurrent-mark: 0.001/0.001 secs] [Times: user=0.00 sys=0.00, real=0.00 secs] 
339.041: [CMS-concurrent-preclean-start]
339.041: [CMS-concurrent-preclean: 0.000/0.000 secs] [Times: user=0.00 sys=0.00, real=0.00 secs] 
339.041: [CMS-concurrent-abortable-preclean-start]
340.849: [GC (Allocation Failure) 340.849: [ParNew: 14661K->0K(18432K), 0.0015350 secs] 27766K->15153K(38912K), 0.0016648 secs] [Times: user=0.00 sys=0.00, real=0.00 secs] 
341.067: [CMS-concurrent-abortable-preclean: 0.003/2.026 secs] [Times: user=0.00 sys=0.00, real=2.03 secs] 
341.068: [GC (CMS Final Remark) [YG occupancy: 8517 K (18432 K)]341.068: [Rescan (parallel) , 0.0005835 secs]341.068: [weak refs processing, 0.0000250 secs]341.068: [class unloading, 0.0003301 secs]341.069: [scrub symbol table, 0.0006065 secs]341.069: [scrub string table, 0.0002155 secs][1 CMS-remark: 15153K(20480K)] 23670K(38912K), 0.0019967 secs] [Times: user=0.00 sys=0.00, real=0.00 secs] 
341.070: [CMS-concurrent-sweep-start]
341.070: [CMS-concurrent-sweep: 0.001/0.001 secs] [Times: user=0.00 sys=0.00, real=0.00 secs] 
341.071: [CMS-concurrent-reset-start]
341.071: [CMS-concurrent-reset: 0.000/0.000 secs] [Times: user=0.00 sys=0.00, real=0.00 secs] 
341.755: [GC (Allocation Failure) 341.755: [ParNew: 14661K->0K(18432K), 0.0015793 secs] 17526K->4912K(38912K), 0.0017025 secs] [Times: user=0.00 sys=0.00, real=0.00 secs] 
343.584: [GC (Allocation Failure) 343.584: [ParNew: 14661K->0K(18432K), 0.0006669 secs] 19574K->6960K(38912K), 0.0007155 secs] [Times: user=0.00 sys=0.00, real=0.00 secs] 
345.401: [GC (Allocation Failure) 345.401: [ParNew: 14661K->0K(18432K), 0.0008560 secs] 21621K->9008K(38912K), 0.0009462 secs] [Times: user=0.00 sys=0.00, real=0.00 secs] 
347.220: [GC (Allocation Failure) 347.220: [ParNew: 14661K->0K(18432K), 0.0016566 secs] 23670K->11057K(38912K), 0.0017771 secs] [Times: user=0.13 sys=0.00, real=0.00 secs] 
348.134: [GC (Allocation Failure) 348.135: [ParNew: 14661K->0K(18432K), 0.0014666 secs] 25718K->13105K(38912K), 0.0015898 secs] [Times: user=0.00 sys=0.00, real=0.00 secs] 
348.136: [GC (CMS Initial Mark) [1 CMS-initial-mark: 13105K(20480K)] 15153K(38912K), 0.0007976 secs] [Times: user=0.00 sys=0.00, real=0.00 secs] 
348.137: [CMS-concurrent-mark-start]
348.139: [CMS-concurrent-mark: 0.001/0.001 secs] [Times: user=0.00 sys=0.00, real=0.00 secs] 
348.139: [CMS-concurrent-preclean-start]
348.139: [CMS-concurrent-preclean: 0.000/0.000 secs] [Times: user=0.00 sys=0.00, real=0.00 secs] 
348.139: [CMS-concurrent-abortable-preclean-start]
349.963: [GC (Allocation Failure) 349.963: [ParNew: 14661K->0K(18432K), 0.0016743 secs] 27766K->15153K(38912K), 0.0017926 secs] [Times: user=0.00 sys=0.00, real=0.00 secs] 
351.053: [CMS-concurrent-abortable-preclean: 0.004/2.914 secs] [Times: user=0.00 sys=0.00, real=2.92 secs] 
351.053: [GC (CMS Final Remark) [YG occupancy: 12613 K (18432 K)]351.053: [Rescan (parallel) , 0.0001789 secs]351.053: [weak refs processing, 0.0000330 secs]351.053: [class unloading, 0.0003648 secs]351.054: [scrub symbol table, 0.0005732 secs]351.054: [scrub string table, 0.0002113 secs][1 CMS-remark: 15153K(20480K)] 27766K(38912K), 0.0015982 secs] [Times: user=0.00 sys=0.00, real=0.00 secs] 
351.055: [CMS-concurrent-sweep-start]
351.056: [CMS-concurrent-sweep: 0.001/0.001 secs] [Times: user=0.00 sys=0.00, real=0.00 secs] 
351.056: [CMS-concurrent-reset-start]
351.056: [CMS-concurrent-reset: 0.000/0.000 secs] [Times: user=0.00 sys=0.00, real=0.00 secs] 
351.771: [GC (Allocation Failure) 351.771: [ParNew: 14661K->0K(18432K), 0.0014664 secs] 17525K->4912K(38912K), 0.0015831 secs] [Times: user=0.00 sys=0.00, real=0.00 secs] 
353.590: [GC (Allocation Failure) 353.590: [ParNew: 14661K->0K(18432K), 0.0014995 secs] 19574K->6960K(38912K), 0.0016426 secs] [Times: user=0.00 sys=0.00, real=0.00 secs] 
354.508: [GC (Allocation Failure) 354.508: [ParNew: 14661K->0K(18432K), 0.0005836 secs] 21622K->9008K(38912K), 0.0006487 secs] [Times: user=0.00 sys=0.00, real=0.00 secs] 
356.323: [GC (Allocation Failure) 356.323: [ParNew: 14661K->0K(18432K), 0.0013319 secs] 23670K->11057K(38912K), 0.0014606 secs] [Times: user=0.00 sys=0.00, real=0.00 secs] 
358.143: [GC (Allocation Failure) 358.143: [ParNew: 14661K->0K(18432K), 0.0012593 secs] 25718K->13105K(38912K), 0.0013857 secs] [Times: user=0.01 sys=0.00, real=0.00 secs] 
358.145: [GC (CMS Initial Mark) [1 CMS-initial-mark: 13105K(20480K)] 15153K(38912K), 0.0005810 secs] [Times: user=0.00 sys=0.00, real=0.00 secs] 
358.145: [CMS-concurrent-mark-start]
358.147: [CMS-concurrent-mark: 0.002/0.002 secs] [Times: user=0.00 sys=0.00, real=0.00 secs] 
358.147: [CMS-concurrent-preclean-start]
358.147: [CMS-concurrent-preclean: 0.000/0.000 secs] [Times: user=0.00 sys=0.00, real=0.00 secs] 
358.147: [CMS-concurrent-abortable-preclean-start]
359.973: [GC (Allocation Failure) 359.973: [ParNew: 14661K->0K(18432K), 0.0017161 secs] 27766K->15153K(38912K), 0.0018486 secs] [Times: user=0.00 sys=0.00, real=0.00 secs] 
360.188: [CMS-concurrent-abortable-preclean: 0.003/2.040 secs] [Times: user=0.00 sys=0.00, real=2.04 secs] 
360.188: [GC (CMS Final Remark) [YG occupancy: 8517 K (18432 K)]360.188: [Rescan (parallel) , 0.0005248 secs]360.188: [weak refs processing, 0.0000096 secs]360.188: [class unloading, 0.0001653 secs]360.189: [scrub symbol table, 0.0002525 secs]360.189: [scrub string table, 0.0001853 secs][1 CMS-remark: 15153K(20480K)] 23670K(38912K), 0.0012619 secs] [Times: user=0.00 sys=0.00, real=0.00 secs] 
360.189: [CMS-concurrent-sweep-start]
360.190: [CMS-concurrent-sweep: 0.001/0.001 secs] [Times: user=0.00 sys=0.00, real=0.00 secs] 
360.190: [CMS-concurrent-reset-start]
360.190: [CMS-concurrent-reset: 0.000/0.000 secs] [Times: user=0.00 sys=0.00, real=0.00 secs] 
360.886: [GC (Allocation Failure) 360.886: [ParNew: 14661K->0K(18432K), 0.0014486 secs] 17526K->4912K(38912K), 0.0015684 secs] [Times: user=0.00 sys=0.00, real=0.00 secs] 
362.704: [GC (Allocation Failure) 362.704: [ParNew: 14661K->0K(18432K), 0.0011402 secs] 19574K->6960K(38912K), 0.0012761 secs] [Times: user=0.13 sys=0.00, real=0.00 secs] 
364.534: [GC (Allocation Failure) 364.534: [ParNew: 14661K->0K(18432K), 0.0013567 secs] 21621K->9008K(38912K), 0.0014857 secs] [Times: user=0.00 sys=0.00, real=0.00 secs] 
366.366: [GC (Allocation Failure) 366.366: [ParNew: 14661K->0K(18432K), 0.0014972 secs] 23670K->11057K(38912K), 0.0016148 secs] [Times: user=0.00 sys=0.00, real=0.00 secs] 
367.280: [GC (Allocation Failure) 367.280: [ParNew: 14661K->0K(18432K), 0.0012584 secs] 25718K->13105K(38912K), 0.0013760 secs] [Times: user=0.00 sys=0.00, real=0.00 secs] 
367.281: [GC (CMS Initial Mark) [1 CMS-initial-mark: 13105K(20480K)] 15153K(38912K), 0.0009134 secs] [Times: user=0.00 sys=0.00, real=0.00 secs] 
367.283: [CMS-concurrent-mark-start]
367.284: [CMS-concurrent-mark: 0.001/0.001 secs] [Times: user=0.03 sys=0.00, real=0.00 secs] 
367.284: [CMS-concurrent-preclean-start]
367.284: [CMS-concurrent-preclean: 0.000/0.000 secs] [Times: user=0.00 sys=0.00, real=0.00 secs] 
367.284: [CMS-concurrent-abortable-preclean-start]
369.110: [GC (Allocation Failure) 369.110: [ParNew: 14661K->0K(18432K), 0.0015841 secs] 27766K->15153K(38912K), 0.0017140 secs] [Times: user=0.00 sys=0.00, real=0.00 secs] 
370.201: [CMS-concurrent-abortable-preclean: 0.004/2.917 secs] [Times: user=0.00 sys=0.00, real=2.92 secs] 
370.202: [GC (CMS Final Remark) [YG occupancy: 12613 K (18432 K)]370.202: [Rescan (parallel) , 0.0002463 secs]370.202: [weak refs processing, 0.0000285 secs]370.202: [class unloading, 0.0003731 secs]370.202: [scrub symbol table, 0.0006602 secs]370.203: [scrub string table, 0.0001772 secs][1 CMS-remark: 15153K(20480K)] 27766K(38912K), 0.0017082 secs] [Times: user=0.00 sys=0.00, real=0.00 secs] 
370.203: [CMS-concurrent-sweep-start]
370.204: [CMS-concurrent-sweep: 0.000/0.000 secs] [Times: user=0.00 sys=0.00, real=0.00 secs] 
370.204: [CMS-concurrent-reset-start]
370.204: [CMS-concurrent-reset: 0.000/0.000 secs] [Times: user=0.00 sys=0.00, real=0.00 secs] 
370.919: [GC (Allocation Failure) 370.919: [ParNew: 14661K->0K(18432K), 0.0011304 secs] 17525K->4912K(38912K), 0.0012397 secs] [Times: user=0.00 sys=0.00, real=0.00 secs] 
372.749: [GC (Allocation Failure) 372.749: [ParNew: 14661K->0K(18432K), 0.0012399 secs] 19574K->6960K(38912K), 0.0013836 secs] [Times: user=0.00 sys=0.00, real=0.00 secs] 
373.664: [GC (Allocation Failure) 373.664: [ParNew: 14661K->0K(18432K), 0.0007435 secs] 21622K->9008K(38912K), 0.0008224 secs] [Times: user=0.00 sys=0.00, real=0.00 secs] 
375.497: [GC (Allocation Failure) 375.497: [ParNew: 14661K->0K(18432K), 0.0011975 secs] 23670K->11057K(38912K), 0.0013206 secs] [Times: user=0.00 sys=0.00, real=0.00 secs] 
377.314: [GC (Allocation Failure) 377.314: [ParNew: 14661K->0K(18432K), 0.0016838 secs] 25718K->13105K(38912K), 0.0018149 secs] [Times: user=0.13 sys=0.00, real=0.00 secs] 
377.316: [GC (CMS Initial Mark) [1 CMS-initial-mark: 13105K(20480K)] 15153K(38912K), 0.0005844 secs] [Times: user=0.00 sys=0.00, real=0.00 secs] 
377.317: [CMS-concurrent-mark-start]
377.318: [CMS-concurrent-mark: 0.001/0.001 secs] [Times: user=0.00 sys=0.00, real=0.00 secs] 
377.318: [CMS-concurrent-preclean-start]
377.318: [CMS-concurrent-preclean: 0.000/0.000 secs] [Times: user=0.00 sys=0.00, real=0.00 secs] 
377.318: [CMS-concurrent-abortable-preclean-start]
379.145: [GC (Allocation Failure) 379.145: [ParNew: 14661K->0K(18432K), 0.0007113 secs] 27766K->15153K(38912K), 0.0007875 secs] [Times: user=0.00 sys=0.00, real=0.00 secs] 
379.363: [CMS-concurrent-abortable-preclean: 0.003/2.044 secs] [Times: user=0.00 sys=0.00, real=2.04 secs] 
379.363: [GC (CMS Final Remark) [YG occupancy: 8517 K (18432 K)]379.363: [Rescan (parallel) , 0.0005358 secs]379.364: [weak refs processing, 0.0000274 secs]379.364: [class unloading, 0.0003522 secs]379.364: [scrub symbol table, 0.0006267 secs]379.365: [scrub string table, 0.0002154 secs][1 CMS-remark: 15153K(20480K)] 23670K(38912K), 0.0019860 secs] [Times: user=0.00 sys=0.00, real=0.00 secs] 
379.365: [CMS-concurrent-sweep-start]
379.366: [CMS-concurrent-sweep: 0.001/0.001 secs] [Times: user=0.00 sys=0.00, real=0.00 secs] 
379.366: [CMS-concurrent-reset-start]
379.366: [CMS-concurrent-reset: 0.000/0.000 secs] [Times: user=0.00 sys=0.00, real=0.00 secs] 
380.048: [GC (Allocation Failure) 380.048: [ParNew: 14661K->0K(18432K), 0.0014094 secs] 17526K->4912K(38912K), 0.0015314 secs] [Times: user=0.13 sys=0.00, real=0.00 secs] 
381.868: [GC (Allocation Failure) 381.868: [ParNew: 14661K->0K(18432K), 0.0013129 secs] 19574K->6960K(38912K), 0.0014427 secs] [Times: user=0.00 sys=0.00, real=0.00 secs] 
383.675: [GC (Allocation Failure) 383.675: [ParNew: 14661K->0K(18432K), 0.0012980 secs] 21621K->9008K(38912K), 0.0014139 secs] [Times: user=0.00 sys=0.00, real=0.00 secs] 
385.496: [GC (Allocation Failure) 385.496: [ParNew: 14661K->0K(18432K), 0.0012356 secs] 23670K->11057K(38912K), 0.0013757 secs] [Times: user=0.00 sys=0.00, real=0.00 secs] 
386.412: [GC (Allocation Failure) 386.412: [ParNew: 14661K->0K(18432K), 0.0014249 secs] 25718K->13105K(38912K), 0.0015544 secs] [Times: user=0.00 sys=0.00, real=0.00 secs] 
386.414: [GC (CMS Initial Mark) [1 CMS-initial-mark: 13105K(20480K)] 15153K(38912K), 0.0009877 secs] [Times: user=0.00 sys=0.00, real=0.00 secs] 
386.416: [CMS-concurrent-mark-start]
386.417: [CMS-concurrent-mark: 0.001/0.001 secs] [Times: user=0.00 sys=0.00, real=0.00 secs] 
386.417: [CMS-concurrent-preclean-start]
386.417: [CMS-concurrent-preclean: 0.000/0.000 secs] [Times: user=0.00 sys=0.00, real=0.00 secs] 
386.417: [CMS-concurrent-abortable-preclean-start]
388.230: [GC (Allocation Failure) 388.230: [ParNew: 14661K->0K(18432K), 0.0016185 secs] 27766K->15153K(38912K), 0.0017397 secs] [Times: user=0.00 sys=0.00, real=0.00 secs] 
389.308: [CMS-concurrent-abortable-preclean: 0.004/2.891 secs] [Times: user=0.00 sys=0.00, real=2.89 secs] 
389.309: [GC (CMS Final Remark) [YG occupancy: 12613 K (18432 K)]389.309: [Rescan (parallel) , 0.0002611 secs]389.309: [weak refs processing, 0.0000203 secs]389.309: [class unloading, 0.0003077 secs]389.309: [scrub symbol table, 0.0005329 secs]389.310: [scrub string table, 0.0001865 secs][1 CMS-remark: 15153K(20480K)] 27766K(38912K), 0.0014995 secs] [Times: user=0.00 sys=0.00, real=0.00 secs] 
389.310: [CMS-concurrent-sweep-start]
389.311: [CMS-concurrent-sweep: 0.001/0.001 secs] [Times: user=0.00 sys=0.00, real=0.00 secs] 
389.311: [CMS-concurrent-reset-start]
389.311: [CMS-concurrent-reset: 0.000/0.000 secs] [Times: user=0.00 sys=0.00, real=0.00 secs] 
390.052: [GC (Allocation Failure) 390.052: [ParNew: 14661K->0K(18432K), 0.0016409 secs] 17525K->4912K(38912K), 0.0017653 secs] [Times: user=0.00 sys=0.00, real=0.00 secs] 
391.867: [GC (Allocation Failure) 391.868: [ParNew: 14661K->0K(18432K), 0.0007738 secs] 19574K->6960K(38912K), 0.0008454 secs] [Times: user=0.00 sys=0.00, real=0.00 secs] 
392.770: [GC (Allocation Failure) 392.770: [ParNew: 14661K->0K(18432K), 0.0013435 secs] 21622K->9008K(38912K), 0.0014627 secs] [Times: user=0.00 sys=0.00, real=0.00 secs] 
394.597: [GC (Allocation Failure) 394.597: [ParNew: 14661K->0K(18432K), 0.0013853 secs] 23670K->11057K(38912K), 0.0015131 secs] [Times: user=0.00 sys=0.00, real=0.00 secs] 
396.401: [GC (Allocation Failure) 396.402: [ParNew: 14661K->0K(18432K), 0.0012664 secs] 25718K->13105K(38912K), 0.0014335 secs] [Times: user=0.00 sys=0.00, real=0.00 secs] 
396.403: [GC (CMS Initial Mark) [1 CMS-initial-mark: 13105K(20480K)] 15153K(38912K), 0.0006949 secs] [Times: user=0.00 sys=0.00, real=0.00 secs] 
396.404: [CMS-concurrent-mark-start]
396.405: [CMS-concurrent-mark: 0.001/0.001 secs] [Times: user=0.00 sys=0.00, real=0.00 secs] 
396.405: [CMS-concurrent-preclean-start]
396.405: [CMS-concurrent-preclean: 0.000/0.000 secs] [Times: user=0.00 sys=0.00, real=0.00 secs] 
396.405: [CMS-concurrent-abortable-preclean-start]
398.233: [GC (Allocation Failure) 398.233: [ParNew: 14661K->0K(18432K), 0.0016407 secs] 27766K->15153K(38912K), 0.0017761 secs] [Times: user=0.00 sys=0.00, real=0.00 secs] 
398.452: [CMS-concurrent-abortable-preclean: 0.003/2.048 secs] [Times: user=0.00 sys=0.00, real=2.05 secs] 
398.453: [GC (CMS Final Remark) [YG occupancy: 8517 K (18432 K)]398.453: [Rescan (parallel) , 0.0003937 secs]398.453: [weak refs processing, 0.0000253 secs]398.453: [class unloading, 0.0003312 secs]398.454: [scrub symbol table, 0.0005736 secs]398.454: [scrub string table, 0.0001988 secs][1 CMS-remark: 15153K(20480K)] 23670K(38912K), 0.0017325 secs] [Times: user=0.00 sys=0.00, real=0.00 secs] 
398.455: [CMS-concurrent-sweep-start]
398.455: [CMS-concurrent-sweep: 0.001/0.001 secs] [Times: user=0.02 sys=0.00, real=0.00 secs] 
398.455: [CMS-concurrent-reset-start]
398.455: [CMS-concurrent-reset: 0.000/0.000 secs] [Times: user=0.00 sys=0.00, real=0.00 secs] 
399.151: [GC (Allocation Failure) 399.151: [ParNew: 14661K->0K(18432K), 0.0012681 secs] 17526K->4912K(38912K), 0.0013817 secs] [Times: user=0.00 sys=0.00, real=0.00 secs] 
400.965: [GC (Allocation Failure) 400.965: [ParNew: 14661K->0K(18432K), 0.0016922 secs] 19574K->6960K(38912K), 0.0018199 secs] [Times: user=0.00 sys=0.00, real=0.00 secs] 
402.795: [GC (Allocation Failure) 402.795: [ParNew: 14661K->0K(18432K), 0.0016319 secs] 21621K->9008K(38912K), 0.0017599 secs] [Times: user=0.00 sys=0.00, real=0.00 secs] 
404.616: [GC (Allocation Failure) 404.616: [ParNew: 14661K->0K(18432K), 0.0013551 secs] 23670K->11057K(38912K), 0.0014749 secs] [Times: user=0.00 sys=0.00, real=0.00 secs] 
405.531: [GC (Allocation Failure) 405.531: [ParNew: 14661K->0K(18432K), 0.0013894 secs] 25718K->13105K(38912K), 0.0015201 secs] [Times: user=0.00 sys=0.00, real=0.00 secs] 
405.533: [GC (CMS Initial Mark) [1 CMS-initial-mark: 13105K(20480K)] 15153K(38912K), 0.0010582 secs] [Times: user=0.00 sys=0.00, real=0.00 secs] 
405.534: [CMS-concurrent-mark-start]
405.535: [CMS-concurrent-mark: 0.001/0.001 secs] [Times: user=0.00 sys=0.00, real=0.00 secs] 
405.535: [CMS-concurrent-preclean-start]
405.535: [CMS-concurrent-preclean: 0.000/0.000 secs] [Times: user=0.00 sys=0.00, real=0.00 secs] 
405.535: [CMS-concurrent-abortable-preclean-start]
407.349: [GC (Allocation Failure) 407.349: [ParNew: 14661K->0K(18432K), 0.0011959 secs] 27766K->15153K(38912K), 0.0013257 secs] [Times: user=0.00 sys=0.00, real=0.00 secs] 
408.435: [CMS-concurrent-abortable-preclean: 0.004/2.900 secs] [Times: user=0.00 sys=0.00, real=2.90 secs] 
408.436: [GC (CMS Final Remark) [YG occupancy: 12613 K (18432 K)]408.436: [Rescan (parallel) , 0.0004957 secs]408.436: [weak refs processing, 0.0000232 secs]408.436: [class unloading, 0.0003534 secs]408.437: [scrub symbol table, 0.0005747 secs]408.437: [scrub string table, 0.0002070 secs][1 CMS-remark: 15153K(20480K)] 27766K(38912K), 0.0018558 secs] [Times: user=0.00 sys=0.00, real=0.00 secs] 
408.438: [CMS-concurrent-sweep-start]
408.438: [CMS-concurrent-sweep: 0.001/0.001 secs] [Times: user=0.00 sys=0.00, real=0.00 secs] 
408.438: [CMS-concurrent-reset-start]
408.438: [CMS-concurrent-reset: 0.000/0.000 secs] [Times: user=0.00 sys=0.00, real=0.00 secs] 
409.168: [GC (Allocation Failure) 409.168: [ParNew: 14661K->0K(18432K), 0.0018215 secs] 17525K->4912K(38912K), 0.0019461 secs] [Times: user=0.00 sys=0.00, real=0.00 secs] 
410.994: [GC (Allocation Failure) 410.994: [ParNew: 14661K->0K(18432K), 0.0016946 secs] 19574K->6960K(38912K), 0.0019479 secs] [Times: user=0.00 sys=0.00, real=0.00 secs] 
411.913: [GC (Allocation Failure) 411.913: [ParNew: 14661K->0K(18432K), 0.0014603 secs] 21622K->9008K(38912K), 0.0015833 secs] [Times: user=0.00 sys=0.00, real=0.00 secs] 
413.731: [GC (Allocation Failure) 413.731: [ParNew: 14661K->0K(18432K), 0.0018336 secs] 23670K->11057K(38912K), 0.0019516 secs] [Times: user=0.00 sys=0.00, real=0.00 secs] 
415.549: [GC (Allocation Failure) 415.549: [ParNew: 14661K->0K(18432K), 0.0008208 secs] 25718K->13105K(38912K), 0.0008877 secs] [Times: user=0.11 sys=0.00, real=0.00 secs] 
415.550: [GC (CMS Initial Mark) [1 CMS-initial-mark: 13105K(20480K)] 15153K(38912K), 0.0008302 secs] [Times: user=0.00 sys=0.00, real=0.00 secs] 
415.551: [CMS-concurrent-mark-start]
415.553: [CMS-concurrent-mark: 0.001/0.001 secs] [Times: user=0.00 sys=0.00, real=0.00 secs] 
415.553: [CMS-concurrent-preclean-start]
415.553: [CMS-concurrent-preclean: 0.000/0.000 secs] [Times: user=0.00 sys=0.00, real=0.00 secs] 
415.553: [CMS-concurrent-abortable-preclean-start]
417.379: [GC (Allocation Failure) 417.379: [ParNew: 14661K->0K(18432K), 0.0014386 secs] 27766K->15153K(38912K), 0.0015676 secs] [Times: user=0.00 sys=0.00, real=0.00 secs] 
417.597: [CMS-concurrent-abortable-preclean: 0.003/2.044 secs] [Times: user=0.00 sys=0.00, real=2.04 secs] 
417.597: [GC (CMS Final Remark) [YG occupancy: 8517 K (18432 K)]417.597: [Rescan (parallel) , 0.0003682 secs]417.597: [weak refs processing, 0.0000238 secs]417.597: [class unloading, 0.0003300 secs]417.598: [scrub symbol table, 0.0005661 secs]417.598: [scrub string table, 0.0002047 secs][1 CMS-remark: 15153K(20480K)] 23670K(38912K), 0.0016892 secs] [Times: user=0.00 sys=0.00, real=0.00 secs] 
417.599: [CMS-concurrent-sweep-start]
417.599: [CMS-concurrent-sweep: 0.001/0.001 secs] [Times: user=0.00 sys=0.00, real=0.00 secs] 
417.599: [CMS-concurrent-reset-start]
417.599: [CMS-concurrent-reset: 0.000/0.000 secs] [Times: user=0.00 sys=0.00, real=0.00 secs] 
418.296: [GC (Allocation Failure) 418.297: [ParNew: 14661K->0K(18432K), 0.0016419 secs] 17526K->4912K(38912K), 0.0017665 secs] [Times: user=0.00 sys=0.00, real=0.00 secs] 
420.127: [GC (Allocation Failure) 420.127: [ParNew: 14661K->0K(18432K), 0.0006115 secs] 19574K->6960K(38912K), 0.0006856 secs] [Times: user=0.03 sys=0.00, real=0.00 secs] 
421.945: [GC (Allocation Failure) 421.945: [ParNew: 14661K->0K(18432K), 0.0012197 secs] 21621K->9008K(38912K), 0.0013428 secs] [Times: user=0.00 sys=0.00, real=0.00 secs] 
423.775: [GC (Allocation Failure) 423.775: [ParNew: 14661K->0K(18432K), 0.0012743 secs] 23670K->11057K(38912K), 0.0014020 secs] [Times: user=0.00 sys=0.00, real=0.00 secs] 
424.682: [GC (Allocation Failure) 424.682: [ParNew: 14661K->0K(18432K), 0.0017576 secs] 25718K->13105K(38912K), 0.0018753 secs] [Times: user=0.00 sys=0.00, real=0.00 secs] 
424.684: [GC (CMS Initial Mark) [1 CMS-initial-mark: 13105K(20480K)] 15153K(38912K), 0.0008831 secs] [Times: user=0.00 sys=0.00, real=0.00 secs] 
424.685: [CMS-concurrent-mark-start]
424.686: [CMS-concurrent-mark: 0.001/0.001 secs] [Times: user=0.00 sys=0.00, real=0.00 secs] 
424.686: [CMS-concurrent-preclean-start]
424.687: [CMS-concurrent-preclean: 0.000/0.000 secs] [Times: user=0.00 sys=0.00, real=0.00 secs] 
424.687: [CMS-concurrent-abortable-preclean-start]
426.511: [GC (Allocation Failure) 426.511: [ParNew: 14661K->0K(18432K), 0.0016441 secs] 27766K->15153K(38912K), 0.0017812 secs] [Times: user=0.00 sys=0.00, real=0.00 secs] 
427.598: [CMS-concurrent-abortable-preclean: 0.004/2.911 secs] [Times: user=0.00 sys=0.00, real=2.91 secs] 
427.598: [GC (CMS Final Remark) [YG occupancy: 12613 K (18432 K)]427.598: [Rescan (parallel) , 0.0002688 secs]427.598: [weak refs processing, 0.0000242 secs]427.598: [class unloading, 0.0003454 secs]427.599: [scrub symbol table, 0.0005768 secs]427.599: [scrub string table, 0.0002052 secs][1 CMS-remark: 15153K(20480K)] 27766K(38912K), 0.0016570 secs] [Times: user=0.00 sys=0.00, real=0.00 secs] 
427.600: [CMS-concurrent-sweep-start]
427.600: [CMS-concurrent-sweep: 0.001/0.001 secs] [Times: user=0.00 sys=0.00, real=0.00 secs] 
427.601: [CMS-concurrent-reset-start]
427.601: [CMS-concurrent-reset: 0.000/0.000 secs] [Times: user=0.00 sys=0.00, real=0.00 secs] 
428.330: [GC (Allocation Failure) 428.330: [ParNew: 14661K->0K(18432K), 0.0013669 secs] 17525K->4912K(38912K), 0.0014839 secs] [Times: user=0.00 sys=0.00, real=0.00 secs] 
430.144: [GC (Allocation Failure) 430.144: [ParNew: 14661K->0K(18432K), 0.0005621 secs] 19574K->6960K(38912K), 0.0006635 secs] [Times: user=0.00 sys=0.00, real=0.00 secs] 
431.059: [GC (Allocation Failure) 431.059: [ParNew: 14661K->0K(18432K), 0.0014996 secs] 21622K->9008K(38912K), 0.0016218 secs] [Times: user=0.00 sys=0.00, real=0.00 secs] 
432.874: [GC (Allocation Failure) 432.874: [ParNew: 14661K->0K(18432K), 0.0017008 secs] 23670K->11057K(38912K), 0.0018219 secs] [Times: user=0.00 sys=0.00, real=0.00 secs] 
434.693: [GC (Allocation Failure) 434.693: [ParNew: 14661K->0K(18432K), 0.0016086 secs] 25718K->13105K(38912K), 0.0017322 secs] [Times: user=0.00 sys=0.00, real=0.00 secs] 
434.695: [GC (CMS Initial Mark) [1 CMS-initial-mark: 13105K(20480K)] 15153K(38912K), 0.0010181 secs] [Times: user=0.00 sys=0.00, real=0.00 secs] 
434.696: [CMS-concurrent-mark-start]
434.697: [CMS-concurrent-mark: 0.001/0.001 secs] [Times: user=0.00 sys=0.00, real=0.00 secs] 
434.697: [CMS-concurrent-preclean-start]
434.697: [CMS-concurrent-preclean: 0.000/0.000 secs] [Times: user=0.00 sys=0.00, real=0.00 secs] 
434.697: [CMS-concurrent-abortable-preclean-start]
436.521: [GC (Allocation Failure) 436.521: [ParNew: 14661K->0K(18432K), 0.0013837 secs] 27766K->15153K(38912K), 0.0015153 secs] [Times: user=0.00 sys=0.00, real=0.00 secs] 
436.738: [CMS-concurrent-abortable-preclean: 0.003/2.041 secs] [Times: user=0.00 sys=0.00, real=2.04 secs] 
436.738: [GC (CMS Final Remark) [YG occupancy: 8517 K (18432 K)]436.739: [Rescan (parallel) , 0.0004396 secs]436.739: [weak refs processing, 0.0000235 secs]436.739: [class unloading, 0.0003285 secs]436.739: [scrub symbol table, 0.0005727 secs]436.740: [scrub string table, 0.0002008 secs][1 CMS-remark: 15153K(20480K)] 23670K(38912K), 0.0017632 secs] [Times: user=0.00 sys=0.00, real=0.00 secs] 
436.741: [CMS-concurrent-sweep-start]
436.741: [CMS-concurrent-sweep: 0.001/0.001 secs] [Times: user=0.00 sys=0.00, real=0.00 secs] 
436.741: [CMS-concurrent-reset-start]
436.741: [CMS-concurrent-reset: 0.000/0.000 secs] [Times: user=0.00 sys=0.00, real=0.00 secs] 
437.435: [GC (Allocation Failure) 437.435: [ParNew: 14661K->0K(18432K), 0.0014180 secs] 17526K->4912K(38912K), 0.0015355 secs] [Times: user=0.00 sys=0.00, real=0.00 secs] 
439.258: [GC (Allocation Failure) 439.258: [ParNew: 14661K->0K(18432K), 0.0013046 secs] 19574K->6960K(38912K), 0.0014276 secs] [Times: user=0.00 sys=0.00, real=0.00 secs] 
441.088: [GC (Allocation Failure) 441.088: [ParNew: 14661K->0K(18432K), 0.0016404 secs] 21621K->9008K(38912K), 0.0017613 secs] [Times: user=0.00 sys=0.00, real=0.00 secs] 
442.919: [GC (Allocation Failure) 442.919: [ParNew: 14661K->0K(18432K), 0.0017057 secs] 23670K->11057K(38912K), 0.0018357 secs] [Times: user=0.00 sys=0.00, real=0.00 secs] 
443.836: [GC (Allocation Failure) 443.836: [ParNew: 14661K->0K(18432K), 0.0012905 secs] 25718K->13105K(38912K), 0.0014104 secs] [Times: user=0.00 sys=0.00, real=0.00 secs] 
443.838: [GC (CMS Initial Mark) [1 CMS-initial-mark: 13105K(20480K)] 15153K(38912K), 0.0012118 secs] [Times: user=0.00 sys=0.00, real=0.00 secs] 
443.839: [CMS-concurrent-mark-start]
443.840: [CMS-concurrent-mark: 0.001/0.001 secs] [Times: user=0.00 sys=0.00, real=0.00 secs] 
443.840: [CMS-concurrent-preclean-start]
443.840: [CMS-concurrent-preclean: 0.000/0.000 secs] [Times: user=0.00 sys=0.00, real=0.00 secs] 
443.840: [CMS-concurrent-abortable-preclean-start]
445.654: [GC (Allocation Failure) 445.654: [ParNew: 14661K->0K(18432K), 0.0012801 secs] 27766K->15153K(38912K), 0.0014042 secs] [Times: user=0.00 sys=0.00, real=0.00 secs] 
446.735: [CMS-concurrent-abortable-preclean: 0.004/2.895 secs] [Times: user=0.00 sys=0.00, real=2.90 secs] 
446.736: [GC (CMS Final Remark) [YG occupancy: 12613 K (18432 K)]446.736: [Rescan (parallel) , 0.0004967 secs]446.736: [weak refs processing, 0.0000097 secs]446.736: [class unloading, 0.0001710 secs]446.737: [scrub symbol table, 0.0002542 secs]446.737: [scrub string table, 0.0000789 secs][1 CMS-remark: 15153K(20480K)] 27766K(38912K), 0.0010978 secs] [Times: user=0.00 sys=0.00, real=0.00 secs] 
446.737: [CMS-concurrent-sweep-start]
446.737: [CMS-concurrent-sweep: 0.000/0.000 secs] [Times: user=0.00 sys=0.00, real=0.00 secs] 
446.737: [CMS-concurrent-reset-start]
446.737: [CMS-concurrent-reset: 0.000/0.000 secs] [Times: user=0.00 sys=0.00, real=0.00 secs] 
447.483: [GC (Allocation Failure) 447.483: [ParNew: 14661K->0K(18432K), 0.0015287 secs] 17525K->4912K(38912K), 0.0016534 secs] [Times: user=0.00 sys=0.00, real=0.00 secs] 
449.309: [GC (Allocation Failure) 449.309: [ParNew: 14661K->0K(18432K), 0.0011369 secs] 19574K->6960K(38912K), 0.0012538 secs] [Times: user=0.00 sys=0.00, real=0.00 secs] 
450.222: [GC (Allocation Failure) 450.222: [ParNew: 14661K->0K(18432K), 0.0012687 secs] 21622K->9008K(38912K), 0.0013792 secs] [Times: user=0.00 sys=0.00, real=0.00 secs] 
452.038: [GC (Allocation Failure) 452.038: [ParNew: 14661K->0K(18432K), 0.0012952 secs] 23670K->11057K(38912K), 0.0014075 secs] [Times: user=0.00 sys=0.00, real=0.00 secs] 
453.867: [GC (Allocation Failure) 453.867: [ParNew: 14661K->0K(18432K), 0.0017112 secs] 25718K->13105K(38912K), 0.0018338 secs] [Times: user=0.00 sys=0.00, real=0.00 secs] 
453.869: [GC (CMS Initial Mark) [1 CMS-initial-mark: 13105K(20480K)] 15153K(38912K), 0.0009510 secs] [Times: user=0.00 sys=0.00, real=0.00 secs] 
453.871: [CMS-concurrent-mark-start]
453.872: [CMS-concurrent-mark: 0.001/0.001 secs] [Times: user=0.00 sys=0.00, real=0.00 secs] 
453.872: [CMS-concurrent-preclean-start]
453.872: [CMS-concurrent-preclean: 0.000/0.000 secs] [Times: user=0.00 sys=0.00, real=0.00 secs] 
453.872: [CMS-concurrent-abortable-preclean-start]
455.698: [GC (Allocation Failure) 455.698: [ParNew: 14661K->0K(18432K), 0.0013019 secs] 27766K->15153K(38912K), 0.0014325 secs] [Times: user=0.00 sys=0.00, real=0.00 secs] 
455.915: [CMS-concurrent-abortable-preclean: 0.003/2.042 secs] [Times: user=0.00 sys=0.00, real=2.04 secs] 
455.915: [GC (CMS Final Remark) [YG occupancy: 8517 K (18432 K)]455.915: [Rescan (parallel) , 0.0002590 secs]455.915: [weak refs processing, 0.0000253 secs]455.915: [class unloading, 0.0003339 secs]455.916: [scrub symbol table, 0.0005648 secs]455.916: [scrub string table, 0.0001999 secs][1 CMS-remark: 15153K(20480K)] 23670K(38912K), 0.0015954 secs] [Times: user=0.00 sys=0.00, real=0.00 secs] 
455.917: [CMS-concurrent-sweep-start]
455.917: [CMS-concurrent-sweep: 0.001/0.001 secs] [Times: user=0.00 sys=0.00, real=0.00 secs] 
455.917: [CMS-concurrent-reset-start]
455.917: [CMS-concurrent-reset: 0.000/0.000 secs] [Times: user=0.00 sys=0.00, real=0.00 secs] 
456.601: [GC (Allocation Failure) 456.601: [ParNew: 14661K->0K(18432K), 0.0015645 secs] 17526K->4912K(38912K), 0.0016866 secs] [Times: user=0.00 sys=0.00, real=0.00 secs] 
458.423: [GC (Allocation Failure) 458.423: [ParNew: 14661K->0K(18432K), 0.0005986 secs] 19574K->6960K(38912K), 0.0006650 secs] [Times: user=0.00 sys=0.00, real=0.00 secs] 
460.250: [GC (Allocation Failure) 460.250: [ParNew: 14661K->0K(18432K), 0.0010483 secs] 21621K->9008K(38912K), 0.0011425 secs] [Times: user=0.00 sys=0.00, real=0.00 secs] 
462.056: [GC (Allocation Failure) 462.056: [ParNew: 14661K->0K(18432K), 0.0016843 secs] 23670K->11057K(38912K), 0.0018147 secs] [Times: user=0.00 sys=0.00, real=0.00 secs] 
462.969: [GC (Allocation Failure) 462.969: [ParNew: 14661K->0K(18432K), 0.0013349 secs] 25718K->13105K(38912K), 0.0014769 secs] [Times: user=0.00 sys=0.00, real=0.00 secs] 
462.971: [GC (CMS Initial Mark) [1 CMS-initial-mark: 13105K(20480K)] 15153K(38912K), 0.0004038 secs] [Times: user=0.00 sys=0.00, real=0.00 secs] 
462.971: [CMS-concurrent-mark-start]
462.973: [CMS-concurrent-mark: 0.001/0.001 secs] [Times: user=0.00 sys=0.00, real=0.00 secs] 
462.973: [CMS-concurrent-preclean-start]
462.973: [CMS-concurrent-preclean: 0.000/0.000 secs] [Times: user=0.00 sys=0.00, real=0.00 secs] 
462.973: [CMS-concurrent-abortable-preclean-start]
464.793: [GC (Allocation Failure) 464.793: [ParNew: 14661K->0K(18432K), 0.0013837 secs] 27766K->15153K(38912K), 0.0014999 secs] [Times: user=0.00 sys=0.00, real=0.00 secs] 
465.882: [CMS-concurrent-abortable-preclean: 0.004/2.909 secs] [Times: user=0.00 sys=0.00, real=2.91 secs] 
465.882: [GC (CMS Final Remark) [YG occupancy: 12613 K (18432 K)]465.882: [Rescan (parallel) , 0.0006980 secs]465.883: [weak refs processing, 0.0000231 secs]465.883: [class unloading, 0.0003032 secs]465.883: [scrub symbol table, 0.0005323 secs]465.884: [scrub string table, 0.0001868 secs][1 CMS-remark: 15153K(20480K)] 27766K(38912K), 0.0019566 secs] [Times: user=0.00 sys=0.00, real=0.00 secs] 
465.884: [CMS-concurrent-sweep-start]
465.885: [CMS-concurrent-sweep: 0.001/0.001 secs] [Times: user=0.00 sys=0.00, real=0.00 secs] 
465.885: [CMS-concurrent-reset-start]
465.885: [CMS-concurrent-reset: 0.000/0.000 secs] [Times: user=0.00 sys=0.00, real=0.00 secs] 
466.598: [GC (Allocation Failure) 466.598: [ParNew: 14661K->0K(18432K), 0.0017187 secs] 17525K->4912K(38912K), 0.0018368 secs] [Times: user=0.00 sys=0.00, real=0.00 secs] 
468.416: [GC (Allocation Failure) 468.416: [ParNew: 14661K->0K(18432K), 0.0012495 secs] 19574K->6960K(38912K), 0.0013618 secs] [Times: user=0.00 sys=0.00, real=0.00 secs] 
469.328: [GC (Allocation Failure) 469.328: [ParNew: 14661K->0K(18432K), 0.0017670 secs] 21622K->9008K(38912K), 0.0018877 secs] [Times: user=0.00 sys=0.00, real=0.00 secs] 
471.148: [GC (Allocation Failure) 471.148: [ParNew: 14661K->0K(18432K), 0.0008832 secs] 23670K->11057K(38912K), 0.0009701 secs] [Times: user=0.00 sys=0.00, real=0.00 secs] 
472.967: [GC (Allocation Failure) 472.967: [ParNew: 14661K->0K(18432K), 0.0012307 secs] 25718K->13105K(38912K), 0.0013474 secs] [Times: user=0.00 sys=0.00, real=0.00 secs] 
472.968: [GC (CMS Initial Mark) [1 CMS-initial-mark: 13105K(20480K)] 15153K(38912K), 0.0010206 secs] [Times: user=0.00 sys=0.00, real=0.00 secs] 
472.969: [CMS-concurrent-mark-start]
472.971: [CMS-concurrent-mark: 0.002/0.002 secs] [Times: user=0.00 sys=0.00, real=0.00 secs] 
472.971: [CMS-concurrent-preclean-start]
472.971: [CMS-concurrent-preclean: 0.000/0.000 secs] [Times: user=0.00 sys=0.00, real=0.00 secs] 
472.971: [CMS-concurrent-abortable-preclean-start]
474.797: [GC (Allocation Failure) 474.797: [ParNew: 14661K->0K(18432K), 0.0016277 secs] 27766K->15153K(38912K), 0.0017430 secs] [Times: user=0.00 sys=0.00, real=0.00 secs] 
475.016: [CMS-concurrent-abortable-preclean: 0.003/2.044 secs] [Times: user=0.02 sys=0.00, real=2.05 secs] 
475.016: [GC (CMS Final Remark) [YG occupancy: 8517 K (18432 K)]475.016: [Rescan (parallel) , 0.0002942 secs]475.016: [weak refs processing, 0.0000260 secs]475.016: [class unloading, 0.0004077 secs]475.017: [scrub symbol table, 0.0005794 secs]475.017: [scrub string table, 0.0002053 secs][1 CMS-remark: 15153K(20480K)] 23670K(38912K), 0.0017680 secs] [Times: user=0.02 sys=0.00, real=0.00 secs] 
475.018: [CMS-concurrent-sweep-start]
475.019: [CMS-concurrent-sweep: 0.001/0.001 secs] [Times: user=0.00 sys=0.00, real=0.00 secs] 
475.019: [CMS-concurrent-reset-start]
475.019: [CMS-concurrent-reset: 0.000/0.000 secs] [Times: user=0.00 sys=0.00, real=0.00 secs] 
475.710: [GC (Allocation Failure) 475.710: [ParNew: 14661K->0K(18432K), 0.0013528 secs] 17526K->4912K(38912K), 0.0014882 secs] [Times: user=0.00 sys=0.00, real=0.00 secs] 
477.537: [GC (Allocation Failure) 477.538: [ParNew: 14661K->0K(18432K), 0.0012939 secs] 19574K->6960K(38912K), 0.0014218 secs] [Times: user=0.00 sys=0.00, real=0.00 secs] 
479.369: [GC (Allocation Failure) 479.369: [ParNew: 14661K->0K(18432K), 0.0012098 secs] 21621K->9008K(38912K), 0.0013322 secs] [Times: user=0.00 sys=0.00, real=0.00 secs] 
481.196: [GC (Allocation Failure) 481.196: [ParNew: 14661K->0K(18432K), 0.0013517 secs] 23670K->11057K(38912K), 0.0015829 secs] [Times: user=0.00 sys=0.00, real=0.00 secs] 
482.114: [GC (Allocation Failure) 482.114: [ParNew: 14661K->0K(18432K), 0.0005504 secs] 25718K->13105K(38912K), 0.0006105 secs] [Times: user=0.00 sys=0.00, real=0.00 secs] 
482.114: [GC (CMS Initial Mark) [1 CMS-initial-mark: 13105K(20480K)] 15153K(38912K), 0.0003117 secs] [Times: user=0.00 sys=0.00, real=0.00 secs] 
482.115: [CMS-concurrent-mark-start]
482.115: [CMS-concurrent-mark: 0.001/0.001 secs] [Times: user=0.00 sys=0.00, real=0.00 secs] 
482.115: [CMS-concurrent-preclean-start]
482.115: [CMS-concurrent-preclean: 0.000/0.000 secs] [Times: user=0.00 sys=0.00, real=0.00 secs] 
482.115: [CMS-concurrent-abortable-preclean-start]
483.938: [GC (Allocation Failure) 483.938: [ParNew: 14661K->0K(18432K), 0.0008032 secs] 27766K->15153K(38912K), 0.0008543 secs] [Times: user=0.00 sys=0.00, real=0.00 secs] 
485.024: [CMS-concurrent-abortable-preclean: 0.004/2.909 secs] [Times: user=0.00 sys=0.00, real=2.91 secs] 
485.025: [GC (CMS Final Remark) [YG occupancy: 12613 K (18432 K)]485.025: [Rescan (parallel) , 0.0004208 secs]485.025: [weak refs processing, 0.0000270 secs]485.025: [class unloading, 0.0003121 secs]485.026: [scrub symbol table, 0.0006568 secs]485.026: [scrub string table, 0.0003028 secs][1 CMS-remark: 15153K(20480K)] 27766K(38912K), 0.0019646 secs] [Times: user=0.00 sys=0.00, real=0.00 secs] 
485.027: [CMS-concurrent-sweep-start]
485.027: [CMS-concurrent-sweep: 0.001/0.001 secs] [Times: user=0.00 sys=0.00, real=0.00 secs] 
485.027: [CMS-concurrent-reset-start]
485.027: [CMS-concurrent-reset: 0.000/0.000 secs] [Times: user=0.00 sys=0.00, real=0.00 secs] 
485.759: [GC (Allocation Failure) 485.759: [ParNew: 14661K->0K(18432K), 0.0014735 secs] 17525K->4912K(38912K), 0.0015932 secs] [Times: user=0.00 sys=0.00, real=0.00 secs] 
487.591: [GC (Allocation Failure) 487.591: [ParNew: 14661K->0K(18432K), 0.0005395 secs] 19574K->6960K(38912K), 0.0005926 secs] [Times: user=0.00 sys=0.00, real=0.00 secs] 
488.494: [GC (Allocation Failure) 488.494: [ParNew: 14661K->0K(18432K), 0.0014217 secs] 21622K->9008K(38912K), 0.0015473 secs] [Times: user=0.00 sys=0.00, real=0.00 secs] 
490.310: [GC (Allocation Failure) 490.310: [ParNew: 14661K->0K(18432K), 0.0007120 secs] 23670K->11057K(38912K), 0.0007797 secs] [Times: user=0.00 sys=0.00, real=0.00 secs] 
492.125: [GC (Allocation Failure) 492.125: [ParNew: 14661K->0K(18432K), 0.0018269 secs] 25718K->13105K(38912K), 0.0019506 secs] [Times: user=0.00 sys=0.00, real=0.00 secs] 
492.127: [GC (CMS Initial Mark) [1 CMS-initial-mark: 13105K(20480K)] 15153K(38912K), 0.0011472 secs] [Times: user=0.00 sys=0.00, real=0.00 secs] 
492.129: [CMS-concurrent-mark-start]
492.130: [CMS-concurrent-mark: 0.002/0.002 secs] [Times: user=0.00 sys=0.00, real=0.00 secs] 
492.130: [CMS-concurrent-preclean-start]
492.130: [CMS-concurrent-preclean: 0.000/0.000 secs] [Times: user=0.00 sys=0.00, real=0.00 secs] 
492.130: [CMS-concurrent-abortable-preclean-start]
493.947: [GC (Allocation Failure) 493.947: [ParNew: 14661K->0K(18432K), 0.0012134 secs] 27766K->15153K(38912K), 0.0013443 secs] [Times: user=0.00 sys=0.00, real=0.00 secs] 
494.163: [CMS-concurrent-abortable-preclean: 0.003/2.032 secs] [Times: user=0.00 sys=0.00, real=2.03 secs] 
494.163: [GC (CMS Final Remark) [YG occupancy: 8517 K (18432 K)]494.163: [Rescan (parallel) , 0.0003208 secs]494.164: [weak refs processing, 0.0000281 secs]494.164: [class unloading, 0.0003438 secs]494.164: [scrub symbol table, 0.0005825 secs]494.165: [scrub string table, 0.0002015 secs][1 CMS-remark: 15153K(20480K)] 23670K(38912K), 0.0017301 secs] [Times: user=0.00 sys=0.00, real=0.00 secs] 
494.165: [CMS-concurrent-sweep-start]
494.166: [CMS-concurrent-sweep: 0.001/0.001 secs] [Times: user=0.00 sys=0.00, real=0.00 secs] 
494.166: [CMS-concurrent-reset-start]
494.166: [CMS-concurrent-reset: 0.000/0.000 secs] [Times: user=0.00 sys=0.00, real=0.00 secs] 
494.863: [GC (Allocation Failure) 494.863: [ParNew: 14661K->0K(18432K), 0.0015735 secs] 17526K->4912K(38912K), 0.0016880 secs] [Times: user=0.00 sys=0.00, real=0.00 secs] 
496.685: [GC (Allocation Failure) 496.685: [ParNew: 14661K->0K(18432K), 0.0014249 secs] 19574K->6960K(38912K), 0.0015612 secs] [Times: user=0.00 sys=0.00, real=0.00 secs] 
498.514: [GC (Allocation Failure) 498.514: [ParNew: 14661K->0K(18432K), 0.0014365 secs] 21621K->9008K(38912K), 0.0015663 secs] [Times: user=0.00 sys=0.00, real=0.00 secs] 
500.332: [GC (Allocation Failure) 500.332: [ParNew: 14661K->0K(18432K), 0.0005233 secs] 23670K->11057K(38912K), 0.0005871 secs] [Times: user=0.00 sys=0.00, real=0.00 secs] 
501.246: [GC (Allocation Failure) 501.246: [ParNew: 14661K->0K(18432K), 0.0017552 secs] 25718K->13105K(38912K), 0.0018686 secs] [Times: user=0.00 sys=0.00, real=0.00 secs] 
501.248: [GC (CMS Initial Mark) [1 CMS-initial-mark: 13105K(20480K)] 15153K(38912K), 0.0010143 secs] [Times: user=0.00 sys=0.00, real=0.00 secs] 
501.250: [CMS-concurrent-mark-start]
501.251: [CMS-concurrent-mark: 0.001/0.001 secs] [Times: user=0.00 sys=0.00, real=0.00 secs] 
501.251: [CMS-concurrent-preclean-start]
501.251: [CMS-concurrent-preclean: 0.000/0.000 secs] [Times: user=0.00 sys=0.00, real=0.00 secs] 
501.251: [CMS-concurrent-abortable-preclean-start]
503.076: [GC (Allocation Failure) 503.076: [ParNew: 14661K->0K(18432K), 0.0018095 secs] 27766K->15153K(38912K), 0.0019293 secs] [Times: user=0.00 sys=0.00, real=0.00 secs] 
504.164: [CMS-concurrent-abortable-preclean: 0.004/2.913 secs] [Times: user=0.00 sys=0.00, real=2.91 secs] 
504.164: [GC (CMS Final Remark) [YG occupancy: 12613 K (18432 K)]504.164: [Rescan (parallel) , 0.0001586 secs]504.164: [weak refs processing, 0.0000104 secs]504.164: [class unloading, 0.0003013 secs]504.164: [scrub symbol table, 0.0003457 secs]504.165: [scrub string table, 0.0000727 secs][1 CMS-remark: 15153K(20480K)] 27766K(38912K), 0.0009726 secs] [Times: user=0.00 sys=0.00, real=0.00 secs] 
504.165: [CMS-concurrent-sweep-start]
504.165: [CMS-concurrent-sweep: 0.000/0.000 secs] [Times: user=0.00 sys=0.00, real=0.00 secs] 
504.165: [CMS-concurrent-reset-start]
504.165: [CMS-concurrent-reset: 0.000/0.000 secs] [Times: user=0.00 sys=0.00, real=0.00 secs] 
504.897: [GC (Allocation Failure) 504.898: [ParNew: 14661K->0K(18432K), 0.0006014 secs] 17525K->4912K(38912K), 0.0006651 secs] [Times: user=0.00 sys=0.00, real=0.00 secs] 
506.713: [GC (Allocation Failure) 506.713: [ParNew: 14661K->0K(18432K), 0.0014010 secs] 19574K->6960K(38912K), 0.0015500 secs] [Times: user=0.00 sys=0.00, real=0.00 secs] 
507.630: [GC (Allocation Failure) 507.630: [ParNew: 14661K->0K(18432K), 0.0008423 secs] 21622K->9008K(38912K), 0.0009316 secs] [Times: user=0.00 sys=0.00, real=0.00 secs] 
509.446: [GC (Allocation Failure) 509.446: [ParNew: 14661K->0K(18432K), 0.0012078 secs] 23670K->11057K(38912K), 0.0013216 secs] [Times: user=0.00 sys=0.00, real=0.00 secs] 
511.274: [GC (Allocation Failure) 511.274: [ParNew: 14661K->0K(18432K), 0.0012308 secs] 25718K->13105K(38912K), 0.0013480 secs] [Times: user=0.00 sys=0.00, real=0.00 secs] 
511.276: [GC (CMS Initial Mark) [1 CMS-initial-mark: 13105K(20480K)] 15153K(38912K), 0.0010157 secs] [Times: user=0.00 sys=0.00, real=0.00 secs] 
511.277: [CMS-concurrent-mark-start]
511.278: [CMS-concurrent-mark: 0.002/0.002 secs] [Times: user=0.00 sys=0.00, real=0.00 secs] 
511.278: [CMS-concurrent-preclean-start]
511.278: [CMS-concurrent-preclean: 0.000/0.000 secs] [Times: user=0.00 sys=0.00, real=0.00 secs] 
511.279: [CMS-concurrent-abortable-preclean-start]
513.105: [GC (Allocation Failure) 513.105: [ParNew: 14661K->0K(18432K), 0.0013453 secs] 27766K->15153K(38912K), 0.0014785 secs] [Times: user=0.00 sys=0.00, real=0.00 secs] 
513.323: [CMS-concurrent-abortable-preclean: 0.003/2.044 secs] [Times: user=0.02 sys=0.00, real=2.04 secs] 
513.323: [GC (CMS Final Remark) [YG occupancy: 8517 K (18432 K)]513.323: [Rescan (parallel) , 0.0002926 secs]513.323: [weak refs processing, 0.0000243 secs]513.323: [class unloading, 0.0003245 secs]513.324: [scrub symbol table, 0.0005354 secs]513.324: [scrub string table, 0.0001858 secs][1 CMS-remark: 15153K(20480K)] 23670K(38912K), 0.0015817 secs] [Times: user=0.00 sys=0.00, real=0.00 secs] 
513.325: [CMS-concurrent-sweep-start]
513.325: [CMS-concurrent-sweep: 0.001/0.001 secs] [Times: user=0.00 sys=0.00, real=0.00 secs] 
513.326: [CMS-concurrent-reset-start]
513.326: [CMS-concurrent-reset: 0.000/0.000 secs] [Times: user=0.00 sys=0.00, real=0.00 secs] 
514.008: [GC (Allocation Failure) 514.008: [ParNew: 14661K->0K(18432K), 0.0012429 secs] 17526K->4912K(38912K), 0.0013616 secs] [Times: user=0.00 sys=0.00, real=0.00 secs] 
515.825: [GC (Allocation Failure) 515.825: [ParNew: 14661K->0K(18432K), 0.0018358 secs] 19574K->6960K(38912K), 0.0019537 secs] [Times: user=0.00 sys=0.00, real=0.00 secs] 
517.640: [GC (Allocation Failure) 517.640: [ParNew: 14661K->0K(18432K), 0.0006604 secs] 21621K->9008K(38912K), 0.0007109 secs] [Times: user=0.00 sys=0.00, real=0.00 secs] 
519.450: [GC (Allocation Failure) 519.450: [ParNew: 14661K->0K(18432K), 0.0016383 secs] 23670K->11057K(38912K), 0.0017611 secs] [Times: user=0.00 sys=0.00, real=0.00 secs] 
520.368: [GC (Allocation Failure) 520.368: [ParNew: 14661K->0K(18432K), 0.0005397 secs] 25718K->13105K(38912K), 0.0005949 secs] [Times: user=0.00 sys=0.00, real=0.00 secs] 
520.368: [GC (CMS Initial Mark) [1 CMS-initial-mark: 13105K(20480K)] 15153K(38912K), 0.0000734 secs] [Times: user=0.00 sys=0.00, real=0.00 secs] 
520.368: [CMS-concurrent-mark-start]
520.369: [CMS-concurrent-mark: 0.001/0.001 secs] [Times: user=0.00 sys=0.00, real=0.00 secs] 
520.369: [CMS-concurrent-preclean-start]
520.369: [CMS-concurrent-preclean: 0.000/0.000 secs] [Times: user=0.00 sys=0.00, real=0.00 secs] 
520.369: [CMS-concurrent-abortable-preclean-start]
522.172: [GC (Allocation Failure) 522.172: [ParNew: 14661K->0K(18432K), 0.0015521 secs] 27766K->15153K(38912K), 0.0016822 secs] [Times: user=0.00 sys=0.00, real=0.00 secs] 
523.258: [CMS-concurrent-abortable-preclean: 0.004/2.889 secs] [Times: user=0.00 sys=0.00, real=2.89 secs] 
523.259: [GC (CMS Final Remark) [YG occupancy: 12613 K (18432 K)]523.259: [Rescan (parallel) , 0.0003083 secs]523.259: [weak refs processing, 0.0000291 secs]523.259: [class unloading, 0.0003359 secs]523.260: [scrub symbol table, 0.0009036 secs]523.260: [scrub string table, 0.0003258 secs][1 CMS-remark: 15153K(20480K)] 27766K(38912K), 0.0021735 secs] [Times: user=0.00 sys=0.00, real=0.00 secs] 
523.261: [CMS-concurrent-sweep-start]
523.262: [CMS-concurrent-sweep: 0.001/0.001 secs] [Times: user=0.00 sys=0.00, real=0.00 secs] 
523.262: [CMS-concurrent-reset-start]
523.262: [CMS-concurrent-reset: 0.000/0.000 secs] [Times: user=0.00 sys=0.00, real=0.00 secs] 
523.990: [GC (Allocation Failure) 523.990: [ParNew: 14661K->0K(18432K), 0.0013877 secs] 17525K->4912K(38912K), 0.0015031 secs] [Times: user=0.00 sys=0.00, real=0.00 secs] 
525.811: [GC (Allocation Failure) 525.811: [ParNew: 14661K->0K(18432K), 0.0018030 secs] 19574K->6960K(38912K), 0.0019413 secs] [Times: user=0.00 sys=0.00, real=0.00 secs] 
526.727: [GC (Allocation Failure) 526.727: [ParNew: 14661K->0K(18432K), 0.0004723 secs] 21622K->9008K(38912K), 0.0005271 secs] [Times: user=0.00 sys=0.00, real=0.00 secs] 
528.535: [GC (Allocation Failure) 528.535: [ParNew: 14661K->0K(18432K), 0.0005045 secs] 23670K->11057K(38912K), 0.0005622 secs] [Times: user=0.00 sys=0.00, real=0.00 secs] 
530.355: [GC (Allocation Failure) 530.355: [ParNew: 14661K->0K(18432K), 0.0005113 secs] 25718K->13105K(38912K), 0.0005644 secs] [Times: user=0.00 sys=0.00, real=0.00 secs] 
530.355: [GC (CMS Initial Mark) [1 CMS-initial-mark: 13105K(20480K)] 15153K(38912K), 0.0000947 secs] [Times: user=0.00 sys=0.00, real=0.00 secs] 
530.355: [CMS-concurrent-mark-start]
530.356: [CMS-concurrent-mark: 0.001/0.001 secs] [Times: user=0.00 sys=0.00, real=0.00 secs] 
530.356: [CMS-concurrent-preclean-start]
530.356: [CMS-concurrent-preclean: 0.000/0.000 secs] [Times: user=0.00 sys=0.00, real=0.00 secs] 
530.356: [CMS-concurrent-abortable-preclean-start]
532.160: [GC (Allocation Failure) 532.161: [ParNew: 14661K->0K(18432K), 0.0005455 secs] 27766K->15153K(38912K), 0.0006145 secs] [Times: user=0.00 sys=0.00, real=0.00 secs] 
532.378: [CMS-concurrent-abortable-preclean: 0.002/2.022 secs] [Times: user=0.00 sys=0.00, real=2.02 secs] 
532.378: [GC (CMS Final Remark) [YG occupancy: 8517 K (18432 K)]532.378: [Rescan (parallel) , 0.0004903 secs]532.379: [weak refs processing, 0.0000216 secs]532.379: [class unloading, 0.0003068 secs]532.379: [scrub symbol table, 0.0005511 secs]532.380: [scrub string table, 0.0001856 secs][1 CMS-remark: 15153K(20480K)] 23670K(38912K), 0.0017478 secs] [Times: user=0.00 sys=0.00, real=0.00 secs] 
532.380: [CMS-concurrent-sweep-start]
532.381: [CMS-concurrent-sweep: 0.000/0.000 secs] [Times: user=0.00 sys=0.00, real=0.00 secs] 
532.381: [CMS-concurrent-reset-start]
532.381: [CMS-concurrent-reset: 0.000/0.000 secs] [Times: user=0.00 sys=0.00, real=0.00 secs] 
533.064: [GC (Allocation Failure) 533.064: [ParNew: 14661K->0K(18432K), 0.0018692 secs] 17526K->4912K(38912K), 0.0019878 secs] [Times: user=0.11 sys=0.00, real=0.00 secs] 
534.869: [GC (Allocation Failure) 534.869: [ParNew: 14661K->0K(18432K), 0.0011266 secs] 19574K->6960K(38912K), 0.0012461 secs] [Times: user=0.00 sys=0.00, real=0.00 secs] 
536.684: [GC (Allocation Failure) 536.685: [ParNew: 14661K->0K(18432K), 0.0009039 secs] 21621K->9008K(38912K), 0.0010105 secs] [Times: user=0.00 sys=0.00, real=0.00 secs] 
538.489: [GC (Allocation Failure) 538.489: [ParNew: 14661K->0K(18432K), 0.0005959 secs] 23670K->11057K(38912K), 0.0006648 secs] [Times: user=0.00 sys=0.00, real=0.00 secs] 
539.404: [GC (Allocation Failure) 539.404: [ParNew: 14661K->0K(18432K), 0.0014263 secs] 25718K->13105K(38912K), 0.0015510 secs] [Times: user=0.00 sys=0.00, real=0.00 secs] 
539.406: [GC (CMS Initial Mark) [1 CMS-initial-mark: 13105K(20480K)] 15153K(38912K), 0.0010080 secs] [Times: user=0.00 sys=0.00, real=0.00 secs] 
539.407: [CMS-concurrent-mark-start]
539.408: [CMS-concurrent-mark: 0.001/0.001 secs] [Times: user=0.00 sys=0.00, real=0.00 secs] 
539.408: [CMS-concurrent-preclean-start]
539.408: [CMS-concurrent-preclean: 0.000/0.000 secs] [Times: user=0.00 sys=0.00, real=0.00 secs] 
539.408: [CMS-concurrent-abortable-preclean-start]
541.229: [GC (Allocation Failure) 541.229: [ParNew: 14661K->0K(18432K), 0.0011444 secs] 27766K->15153K(38912K), 0.0012553 secs] [Times: user=0.00 sys=0.00, real=0.00 secs] 
542.316: [CMS-concurrent-abortable-preclean: 0.004/2.907 secs] [Times: user=0.00 sys=0.00, real=2.91 secs] 
542.316: [GC (CMS Final Remark) [YG occupancy: 12613 K (18432 K)]542.316: [Rescan (parallel) , 0.0004849 secs]542.316: [weak refs processing, 0.0000316 secs]542.317: [class unloading, 0.0003719 secs]542.317: [scrub symbol table, 0.0005781 secs]542.318: [scrub string table, 0.0001995 secs][1 CMS-remark: 15153K(20480K)] 27766K(38912K), 0.0019148 secs] [Times: user=0.00 sys=0.00, real=0.00 secs] 
542.318: [CMS-concurrent-sweep-start]
542.319: [CMS-concurrent-sweep: 0.001/0.001 secs] [Times: user=0.00 sys=0.00, real=0.00 secs] 
542.319: [CMS-concurrent-reset-start]
542.319: [CMS-concurrent-reset: 0.000/0.000 secs] [Times: user=0.00 sys=0.00, real=0.00 secs] 
543.057: [GC (Allocation Failure) 543.057: [ParNew: 14661K->0K(18432K), 0.0013210 secs] 17525K->4912K(38912K), 0.0014410 secs] [Times: user=0.00 sys=0.00, real=0.00 secs] 
544.887: [GC (Allocation Failure) 544.887: [ParNew: 14661K->0K(18432K), 0.0015122 secs] 19574K->6960K(38912K), 0.0016271 secs] [Times: user=0.00 sys=0.00, real=0.00 secs] 
545.804: [GC (Allocation Failure) 545.804: [ParNew: 14661K->0K(18432K), 0.0016077 secs] 21622K->9008K(38912K), 0.0017256 secs] [Times: user=0.00 sys=0.00, real=0.00 secs] 
547.638: [GC (Allocation Failure) 547.638: [ParNew: 14661K->0K(18432K), 0.0012658 secs] 23670K->11057K(38912K), 0.0013849 secs] [Times: user=0.00 sys=0.00, real=0.00 secs] 
549.466: [GC (Allocation Failure) 549.466: [ParNew: 14661K->0K(18432K), 0.0007193 secs] 25718K->13105K(38912K), 0.0007981 secs] [Times: user=0.00 sys=0.00, real=0.00 secs] 
549.467: [GC (CMS Initial Mark) [1 CMS-initial-mark: 13105K(20480K)] 17526K(38912K), 0.0005780 secs] [Times: user=0.00 sys=0.00, real=0.00 secs] 
549.468: [CMS-concurrent-mark-start]
549.469: [CMS-concurrent-mark: 0.001/0.001 secs] [Times: user=0.00 sys=0.00, real=0.00 secs] 
549.469: [CMS-concurrent-preclean-start]
549.469: [CMS-concurrent-preclean: 0.000/0.000 secs] [Times: user=0.00 sys=0.00, real=0.00 secs] 
549.469: [CMS-concurrent-abortable-preclean-start]
551.275: [GC (Allocation Failure) 551.275: [ParNew: 14661K->0K(18432K), 0.0014574 secs] 27766K->15153K(38912K), 0.0015950 secs] [Times: user=0.00 sys=0.00, real=0.00 secs] 
551.492: [CMS-concurrent-abortable-preclean: 0.003/2.023 secs] [Times: user=0.00 sys=0.00, real=2.02 secs] 
551.492: [GC (CMS Final Remark) [YG occupancy: 8517 K (18432 K)]551.492: [Rescan (parallel) , 0.0004462 secs]551.492: [weak refs processing, 0.0000235 secs]551.492: [class unloading, 0.0003129 secs]551.493: [scrub symbol table, 0.0005346 secs]551.493: [scrub string table, 0.0001933 secs][1 CMS-remark: 15153K(20480K)] 23670K(38912K), 0.0017116 secs] [Times: user=0.00 sys=0.00, real=0.00 secs] 
551.494: [CMS-concurrent-sweep-start]
551.494: [CMS-concurrent-sweep: 0.000/0.000 secs] [Times: user=0.00 sys=0.00, real=0.00 secs] 
551.494: [CMS-concurrent-reset-start]
551.494: [CMS-concurrent-reset: 0.000/0.000 secs] [Times: user=0.00 sys=0.00, real=0.00 secs] 
552.178: [GC (Allocation Failure) 552.178: [ParNew: 14661K->0K(18432K), 0.0008383 secs] 17526K->4912K(38912K), 0.0009001 secs] [Times: user=0.00 sys=0.00, real=0.00 secs] 
553.996: [GC (Allocation Failure) 553.996: [ParNew: 14661K->0K(18432K), 0.0014335 secs] 19574K->6960K(38912K), 0.0015523 secs] [Times: user=0.00 sys=0.00, real=0.00 secs] 
555.808: [GC (Allocation Failure) 555.808: [ParNew: 14661K->0K(18432K), 0.0019669 secs] 21621K->9008K(38912K), 0.0020866 secs] [Times: user=0.00 sys=0.00, real=0.00 secs] 
557.620: [GC (Allocation Failure) 557.620: [ParNew: 14661K->0K(18432K), 0.0007054 secs] 23670K->11057K(38912K), 0.0007916 secs] [Times: user=0.00 sys=0.00, real=0.00 secs] 
558.538: [GC (Allocation Failure) 558.538: [ParNew: 14661K->0K(18432K), 0.0014880 secs] 25718K->13105K(38912K), 0.0015960 secs] [Times: user=0.00 sys=0.00, real=0.00 secs] 
558.540: [GC (CMS Initial Mark) [1 CMS-initial-mark: 13105K(20480K)] 15153K(38912K), 0.0009140 secs] [Times: user=0.00 sys=0.00, real=0.00 secs] 
558.541: [CMS-concurrent-mark-start]
558.542: [CMS-concurrent-mark: 0.001/0.001 secs] [Times: user=0.00 sys=0.00, real=0.00 secs] 
558.542: [CMS-concurrent-preclean-start]
558.542: [CMS-concurrent-preclean: 0.000/0.000 secs] [Times: user=0.00 sys=0.00, real=0.00 secs] 
558.542: [CMS-concurrent-abortable-preclean-start]
560.370: [GC (Allocation Failure) 560.370: [ParNew: 14661K->0K(18432K), 0.0019234 secs] 27766K->15153K(38912K), 0.0020403 secs] [Times: user=0.00 sys=0.00, real=0.00 secs] 
561.459: [CMS-concurrent-abortable-preclean: 0.004/2.918 secs] [Times: user=0.00 sys=0.00, real=2.92 secs] 
561.460: [GC (CMS Final Remark) [YG occupancy: 12613 K (18432 K)]561.460: [Rescan (parallel) , 0.0003445 secs]561.460: [weak refs processing, 0.0000302 secs]561.460: [class unloading, 0.0003394 secs]561.461: [scrub symbol table, 0.0005685 secs]561.461: [scrub string table, 0.0002022 secs][1 CMS-remark: 15153K(20480K)] 27766K(38912K), 0.0017094 secs] [Times: user=0.00 sys=0.00, real=0.00 secs] 
561.462: [CMS-concurrent-sweep-start]
561.462: [CMS-concurrent-sweep: 0.000/0.000 secs] [Times: user=0.00 sys=0.00, real=0.00 secs] 
561.462: [CMS-concurrent-reset-start]
561.462: [CMS-concurrent-reset: 0.000/0.000 secs] [Times: user=0.00 sys=0.00, real=0.00 secs] 
562.194: [GC (Allocation Failure) 562.194: [ParNew: 14661K->0K(18432K), 0.0013868 secs] 17525K->4912K(38912K), 0.0015127 secs] [Times: user=0.00 sys=0.00, real=0.00 secs] 
564.016: [GC (Allocation Failure) 564.016: [ParNew: 14661K->0K(18432K), 0.0016987 secs] 19574K->6960K(38912K), 0.0018190 secs] [Times: user=0.00 sys=0.00, real=0.00 secs] 
564.928: [GC (Allocation Failure) 564.928: [ParNew: 14661K->0K(18432K), 0.0016256 secs] 21622K->9008K(38912K), 0.0017437 secs] [Times: user=0.00 sys=0.00, real=0.00 secs] 
566.760: [GC (Allocation Failure) 566.760: [ParNew: 14661K->0K(18432K), 0.0014848 secs] 23670K->11057K(38912K), 0.0016062 secs] [Times: user=0.00 sys=0.00, real=0.00 secs] 
568.587: [GC (Allocation Failure) 568.587: [ParNew: 14661K->0K(18432K), 0.0011327 secs] 25718K->13105K(38912K), 0.0012708 secs] [Times: user=0.00 sys=0.00, real=0.00 secs] 
568.588: [GC (CMS Initial Mark) [1 CMS-initial-mark: 13105K(20480K)] 15153K(38912K), 0.0009453 secs] [Times: user=0.00 sys=0.00, real=0.00 secs] 
568.590: [CMS-concurrent-mark-start]
568.591: [CMS-concurrent-mark: 0.002/0.002 secs] [Times: user=0.00 sys=0.00, real=0.00 secs] 
568.591: [CMS-concurrent-preclean-start]
568.591: [CMS-concurrent-preclean: 0.000/0.000 secs] [Times: user=0.00 sys=0.00, real=0.00 secs] 
568.591: [CMS-concurrent-abortable-preclean-start]
570.419: [GC (Allocation Failure) 570.419: [ParNew: 14661K->0K(18432K), 0.0017245 secs] 27766K->15153K(38912K), 0.0018597 secs] [Times: user=0.00 sys=0.00, real=0.00 secs] 
570.636: [CMS-concurrent-abortable-preclean: 0.003/2.045 secs] [Times: user=0.00 sys=0.00, real=2.05 secs] 
570.637: [GC (CMS Final Remark) [YG occupancy: 8517 K (18432 K)]570.637: [Rescan (parallel) , 0.0003123 secs]570.637: [weak refs processing, 0.0000260 secs]570.637: [class unloading, 0.0003121 secs]570.637: [scrub symbol table, 0.0005536 secs]570.638: [scrub string table, 0.0002037 secs][1 CMS-remark: 15153K(20480K)] 23670K(38912K), 0.0016075 secs] [Times: user=0.00 sys=0.00, real=0.00 secs] 
570.638: [CMS-concurrent-sweep-start]
570.639: [CMS-concurrent-sweep: 0.001/0.001 secs] [Times: user=0.00 sys=0.00, real=0.00 secs] 
570.639: [CMS-concurrent-reset-start]
570.639: [CMS-concurrent-reset: 0.000/0.000 secs] [Times: user=0.00 sys=0.00, real=0.00 secs] 
571.335: [GC (Allocation Failure) 571.335: [ParNew: 14661K->0K(18432K), 0.0012535 secs] 17526K->4912K(38912K), 0.0013765 secs] [Times: user=0.00 sys=0.00, real=0.00 secs] 
573.164: [GC (Allocation Failure) 573.164: [ParNew: 14661K->0K(18432K), 0.0009570 secs] 19574K->6960K(38912K), 0.0010077 secs] [Times: user=0.00 sys=0.00, real=0.00 secs] 
574.985: [GC (Allocation Failure) 574.985: [ParNew: 14661K->0K(18432K), 0.0007082 secs] 21621K->9008K(38912K), 0.0007634 secs] [Times: user=0.00 sys=0.00, real=0.00 secs] 
576.804: [GC (Allocation Failure) 576.804: [ParNew: 14661K->0K(18432K), 0.0019657 secs] 23670K->11057K(38912K), 0.0021100 secs] [Times: user=0.00 sys=0.00, real=0.00 secs] 
577.719: [GC (Allocation Failure) 577.719: [ParNew: 14661K->0K(18432K), 0.0008104 secs] 25718K->13105K(38912K), 0.0008665 secs] [Times: user=0.00 sys=0.00, real=0.00 secs] 
577.720: [GC (CMS Initial Mark) [1 CMS-initial-mark: 13105K(20480K)] 15153K(38912K), 0.0002167 secs] [Times: user=0.00 sys=0.00, real=0.00 secs] 
577.720: [CMS-concurrent-mark-start]
577.720: [CMS-concurrent-mark: 0.001/0.001 secs] [Times: user=0.00 sys=0.00, real=0.00 secs] 
577.720: [CMS-concurrent-preclean-start]
577.720: [CMS-concurrent-preclean: 0.000/0.000 secs] [Times: user=0.00 sys=0.00, real=0.00 secs] 
