Java HotSpot(TM) 64-Bit Server VM (25.25-b02) for windows-amd64 JRE (1.8.0_25-b18), built on Oct  7 2014 14:25:37 by "java_re" with MS VC++ 10.0 (VS2010)
Memory: 4k page, physical 16571704k(6241648k free), swap 22863160k(5302212k free)
CommandLine flags: -XX:+HeapDumpOnOutOfMemoryError -XX:HeapDumpPath=./ -XX:InitialHeapSize=41943040 -XX:MaxHeapSize=41943040 -XX:MaxMetaspaceSize=10485760 -XX:MaxNewSize=20971520 -XX:MetaspaceSize=10485760 -XX:NewSize=20971520 -XX:OldPLABSize=16 -XX:PretenureSizeThreshold=20971520 -XX:+PrintGC -XX:+PrintGCDetails -XX:+PrintGCTimeStamps -XX:SurvivorRatio=8 -XX:+UseCompressedClassPointers -XX:+UseCompressedOops -XX:+UseConcMarkSweepGC -XX:-UseLargePagesIndividualAllocation -XX:+UseParNewGC 
0.238: [GC (Allocation Failure) 0.239: [ParNew: 16384K->1832K(18432K), 0.0013575 secs] 16384K->1832K(38912K), 0.0015351 secs] [Times: user=0.00 sys=0.00, real=0.00 secs] 
0.316: [GC (Allocation Failure) 0.316: [ParNew: 18216K->1079K(18432K), 0.0038167 secs] 18216K->2170K(38912K), 0.0038982 secs] [Times: user=0.00 sys=0.00, real=0.00 secs] 
0.383: [GC (Allocation Failure) 0.383: [ParNew: 17463K->609K(18432K), 0.0005238 secs] 18554K->1700K(38912K), 0.0005766 secs] [Times: user=0.00 sys=0.00, real=0.00 secs] 
0.433: [GC (Allocation Failure) 0.433: [ParNew: 16993K->736K(18432K), 0.0008993 secs] 18084K->1827K(38912K), 0.0009697 secs] [Times: user=0.00 sys=0.00, real=0.00 secs] 
0.483: [GC (Allocation Failure) 0.483: [ParNew: 17120K->1099K(18432K), 0.0006854 secs] 18211K->2190K(38912K), 0.0007446 secs] [Times: user=0.00 sys=0.00, real=0.00 secs] 
0.528: [GC (Allocation Failure) 0.529: [ParNew: 17483K->1354K(18432K), 0.0007896 secs] 18574K->2445K(38912K), 0.0008683 secs] [Times: user=0.00 sys=0.00, real=0.00 secs] 
0.567: [GC (Allocation Failure) 0.567: [ParNew: 17738K->1439K(18432K), 0.0007884 secs] 18829K->2530K(38912K), 0.0008467 secs] [Times: user=0.00 sys=0.00, real=0.00 secs] 
0.604: [GC (Allocation Failure) 0.604: [ParNew: 17823K->1998K(18432K), 0.0014711 secs] 18914K->3298K(38912K), 0.0015531 secs] [Times: user=0.11 sys=0.00, real=0.00 secs] 
0.647: [GC (Allocation Failure) 0.647: [ParNew: 18382K->1382K(18432K), 0.0010521 secs] 19682K->2880K(38912K), 0.0011246 secs] [Times: user=0.00 sys=0.00, real=0.00 secs] 
0.650: [Full GC (Metadata GC Threshold) 0.650: [CMS: 1498K->2571K(20480K), 0.0094191 secs] 3535K->2571K(38912K), [Metaspace: 9396K->9396K(1058816K)], 0.0095002 secs] [Times: user=0.06 sys=0.00, real=0.01 secs] 
0.659: [Full GC (Last ditch collection) 0.659: [CMS: 2571K->1606K(20480K), 0.0076355 secs] 2571K->1606K(38912K), [Metaspace: 9396K->9396K(1058816K)], 0.0077091 secs] [Times: user=0.00 sys=0.00, real=0.01 secs] 
0.678: [GC (CMS Initial Mark) [1 CMS-initial-mark: 1606K(20480K)] 1606K(38912K), 0.0001911 secs] [Times: user=0.00 sys=0.00, real=0.00 secs] 
0.678: [CMS-concurrent-mark-start]
0.690: [CMS-concurrent-mark: 0.002/0.011 secs] [Times: user=0.02 sys=0.00, real=0.01 secs] 
0.690: [CMS-concurrent-preclean-start]
Heap
 par new generation   total 18432K, used 819K [0x00000000fd800000, 0x00000000fec00000, 0x00000000fec00000)
  eden space 16384K,   4% used [0x00000000fd800000, 0x00000000fd8ccc48, 0x00000000fe800000)
  from space 2048K,   0% used [0x00000000fea00000, 0x00000000fea00000, 0x00000000fec00000)
  to   space 2048K,   0% used [0x00000000fe800000, 0x00000000fe800000, 0x00000000fea00000)
0.690:  concurrent mark-sweep generation[CMS-concurrent-preclean: 0.000/0.000 secs] total 20480K, used 1606K [0x00000000fec00000, 0x0000000100000000, 0x0000000100000000)
 [Times: user=0.00 sys=0.00, real=0.00 secs] 
 Metaspace       used 9425K, capacity 10154K, committed 10240K, reserved 1058816K
  class space    used 827K, capacity 849K, committed 896K, reserved 1048576K
0.690: [GC (CMS Final Remark) [YG occupancy: 819 K (18432 K)]0.690: [Rescan (parallel) , 0.0001219 secs]0.691: [weak refs processing, 0.0000082 secs]0.691: [class unloading, 0.0018954 secs]0.692: [scrub symbol table, 0.0003407 secs]0.693: [scrub string table, 0.0000908 secs][1 CMS-remark: 1606K(20480K)] 2425K(38912K), 0.0028767 secs] [Times: user=0.00 sys=0.00, real=0.00 secs] 
