Java HotSpot(TM) 64-Bit Server VM (25.25-b02) for windows-amd64 JRE (1.8.0_25-b18), built on Oct  7 2014 14:25:37 by "java_re" with MS VC++ 10.0 (VS2010)
Memory: 4k page, physical 16571704k(4543664k free), swap 22338872k(4711296k free)
CommandLine flags: -XX:InitialHeapSize=41943040 -XX:MaxHeapSize=41943040 -XX:MaxNewSize=20971520 -XX:NewSize=20971520 -XX:OldPLABSize=16 -XX:PretenureSizeThreshold=10485760 -XX:+PrintGC -XX:+PrintGCDetails -XX:+PrintGCTimeStamps -XX:SurvivorRatio=8 -XX:+UseCompressedClassPointers -XX:+UseCompressedOops -XX:+UseConcMarkSweepGC -XX:-UseLargePagesIndividualAllocation -XX:+UseParNewGC 
0.087: [GC (Allocation Failure) 0.087: [ParNew: 15948K->1842K(18432K), 0.0023889 secs] 15948K->5940K(38912K), 0.0026275 secs] [Times: user=0.00 sys=0.00, real=0.00 secs] 
0.091: [GC (Allocation Failure) 0.091: [ParNew: 14939K->397K(18432K), 0.0042311 secs] 19037K->10394K(38912K), 0.0042808 secs] [Times: user=0.00 sys=0.00, real=0.00 secs] 
0.096: [GC (Allocation Failure) 0.096: [ParNew: 12964K->138K(18432K), 0.0017858 secs] 22961K->14231K(38912K), 0.0018248 secs] [Times: user=0.11 sys=0.01, real=0.00 secs] 
0.098: [GC (CMS Initial Mark) [1 CMS-initial-mark: 14092K(20480K)] 18327K(38912K), 0.0001881 secs] [Times: user=0.00 sys=0.00, real=0.00 secs] 
0.099: [CMS-concurrent-mark-start]
0.099: [GC (Allocation Failure) 0.099: [ParNew: 12721K->55K(18432K), 0.0021682 secs] 26814K->18244K(38912K), 0.0022068 secs] [Times: user=0.00 sys=0.00, real=0.00 secs] 
0.102: [GC (Allocation Failure) 0.102: [ParNew: 12648K->12648K(18432K), 0.0000098 secs]0.102: [CMS0.107: [CMS-concurrent-mark: 0.001/0.008 secs] [Times: user=0.00 sys=0.00, real=0.01 secs] 
 (concurrent mode failure): 18188K->5908K(20480K), 0.0078753 secs] 30837K->5908K(38912K), [Metaspace: 3332K->3332K(1056768K)], 0.0079362 secs] [Times: user=0.00 sys=0.00, real=0.01 secs] 
Heap
 par new generation   total 18432K, used 4587K [0x00000000fd800000, 0x00000000fec00000, 0x00000000fec00000)
  eden space 16384K,  28% used [0x00000000fd800000, 0x00000000fdc7afb0, 0x00000000fe800000)
  from space 2048K,   0% used [0x00000000fe800000, 0x00000000fe800000, 0x00000000fea00000)
  to   space 2048K,   0% used [0x00000000fea00000, 0x00000000fea00000, 0x00000000fec00000)
 concurrent mark-sweep generation total 20480K, used 5908K [0x00000000fec00000, 0x0000000100000000, 0x0000000100000000)
 Metaspace       used 3339K, capacity 4496K, committed 4864K, reserved 1056768K
  class space    used 360K, capacity 388K, committed 512K, reserved 1048576K
