Java HotSpot(TM) 64-Bit Server VM (25.25-b02) for windows-amd64 JRE (1.8.0_25-b18), built on Oct  7 2014 14:25:37 by "java_re" with MS VC++ 10.0 (VS2010)
Memory: 4k page, physical 16571704k(4535468k free), swap 22338872k(4954236k free)
CommandLine flags: -XX:InitialHeapSize=41943040 -XX:MaxHeapSize=41943040 -XX:MaxNewSize=20971520 -XX:NewSize=20971520 -XX:OldPLABSize=16 -XX:PretenureSizeThreshold=10485760 -XX:+PrintGC -XX:+PrintGCDetails -XX:+PrintGCTimeStamps -XX:SurvivorRatio=8 -XX:+UseCompressedClassPointers -XX:+UseCompressedOops -XX:+UseConcMarkSweepGC -XX:-UseLargePagesIndividualAllocation -XX:+UseParNewGC 
0.080: [GC (Allocation Failure) 0.080: [ParNew: 14926K->932K(18432K), 0.0006178 secs] 14926K->932K(38912K), 0.0007477 secs] [Times: user=0.00 sys=0.00, real=0.00 secs] 
0.081: [GC (Allocation Failure) 0.081: [ParNew: 14029K->1249K(18432K), 0.0005787 secs] 14029K->1249K(38912K), 0.0006170 secs] [Times: user=0.00 sys=0.00, real=0.00 secs] 
0.082: [GC (Allocation Failure) 0.082: [ParNew: 13980K->304K(18432K), 0.0023536 secs] 13980K->1214K(38912K), 0.0024133 secs] [Times: user=0.00 sys=0.00, real=0.00 secs] 
Heap
 par new generation   total 18432K, used 4564K [0x00000000fd800000, 0x00000000fec00000, 0x00000000fec00000)
  eden space 16384K,  26% used [0x00000000fd800000, 0x00000000fdc290e0, 0x00000000fe800000)
  from space 2048K,  14% used [0x00000000fea00000, 0x00000000fea4c2f0, 0x00000000fec00000)
  to   space 2048K,   0% used [0x00000000fe800000, 0x00000000fe800000, 0x00000000fea00000)
 concurrent mark-sweep generation total 20480K, used 909K [0x00000000fec00000, 0x0000000100000000, 0x0000000100000000)
 Metaspace       used 3338K, capacity 4496K, committed 4864K, reserved 1056768K
  class space    used 360K, capacity 388K, committed 512K, reserved 1048576K
